../Core/Src/main.c:117:5:main	16	static
../Core/Src/main.c:209:6:SystemClock_Config	88	static
../Core/Src/main.c:255:13:MX_ETH_Init	8	static
../Core/Src/main.c:304:13:MX_RNG_Init	8	static
../Core/Src/main.c:330:13:MX_USART3_UART_Init	8	static
../Core/Src/main.c:363:13:MX_USB_OTG_FS_PCD_Init	8	static
../Core/Src/main.c:398:13:MX_GPIO_Init	56	static
../Core/Src/main.c:449:6:RTT_Read	16	static
../Core/Src/main.c:465:6:StartTransmitTask1	40	static
../Core/Src/main.c:499:6:StartTransmitTask2	48	static
../Core/Src/main.c:533:6:StartReceiveTask	24	static
../Core/Src/main.c:563:6:HAL_TIM_PeriodElapsedCallback	16	static
../Core/Src/main.c:580:6:Error_Handler	4	static,ignoring_inline_asm
