Archive member included to satisfy reference by file (symbol)

C:/ST/STM32CubeIDE_1.13.0/STM32CubeIDE/plugins/com.st.stm32cube.ide.mcu.externaltools.gnu-tools-for-stm32.11.3.rel1.win32_1.1.0.202305231506/tools/bin/../lib/gcc/arm-none-eabi/11.3.1/../../../../arm-none-eabi/lib/thumb/v7e-m+fp/hard\libc_nano.a(libc_a-exit.o)
                              C:/ST/STM32CubeIDE_1.13.0/STM32CubeIDE/plugins/com.st.stm32cube.ide.mcu.externaltools.gnu-tools-for-stm32.11.3.rel1.win32_1.1.0.202305231506/tools/bin/../lib/gcc/arm-none-eabi/11.3.1/../../../../arm-none-eabi/lib/thumb/v7e-m+fp/hard/crt0.o (exit)
C:/ST/STM32CubeIDE_1.13.0/STM32CubeIDE/plugins/com.st.stm32cube.ide.mcu.externaltools.gnu-tools-for-stm32.11.3.rel1.win32_1.1.0.202305231506/tools/bin/../lib/gcc/arm-none-eabi/11.3.1/../../../../arm-none-eabi/lib/thumb/v7e-m+fp/hard\libc_nano.a(libc_a-findfp.o)
                              ./Middlewares/Third_Party/FreeRTOS/Source/tasks.o (__sf)
C:/ST/STM32CubeIDE_1.13.0/STM32CubeIDE/plugins/com.st.stm32cube.ide.mcu.externaltools.gnu-tools-for-stm32.11.3.rel1.win32_1.1.0.202305231506/tools/bin/../lib/gcc/arm-none-eabi/11.3.1/../../../../arm-none-eabi/lib/thumb/v7e-m+fp/hard\libc_nano.a(libc_a-fwalk.o)
                              C:/ST/STM32CubeIDE_1.13.0/STM32CubeIDE/plugins/com.st.stm32cube.ide.mcu.externaltools.gnu-tools-for-stm32.11.3.rel1.win32_1.1.0.202305231506/tools/bin/../lib/gcc/arm-none-eabi/11.3.1/../../../../arm-none-eabi/lib/thumb/v7e-m+fp/hard\libc_nano.a(libc_a-findfp.o) (_fwalk_sglue)
C:/ST/STM32CubeIDE_1.13.0/STM32CubeIDE/plugins/com.st.stm32cube.ide.mcu.externaltools.gnu-tools-for-stm32.11.3.rel1.win32_1.1.0.202305231506/tools/bin/../lib/gcc/arm-none-eabi/11.3.1/../../../../arm-none-eabi/lib/thumb/v7e-m+fp/hard\libc_nano.a(libc_a-sprintf.o)
                              ./Middlewares/Third_Party/FreeRTOS/Source/tasks.o (sprintf)
C:/ST/STM32CubeIDE_1.13.0/STM32CubeIDE/plugins/com.st.stm32cube.ide.mcu.externaltools.gnu-tools-for-stm32.11.3.rel1.win32_1.1.0.202305231506/tools/bin/../lib/gcc/arm-none-eabi/11.3.1/../../../../arm-none-eabi/lib/thumb/v7e-m+fp/hard\libc_nano.a(libc_a-stdio.o)
                              C:/ST/STM32CubeIDE_1.13.0/STM32CubeIDE/plugins/com.st.stm32cube.ide.mcu.externaltools.gnu-tools-for-stm32.11.3.rel1.win32_1.1.0.202305231506/tools/bin/../lib/gcc/arm-none-eabi/11.3.1/../../../../arm-none-eabi/lib/thumb/v7e-m+fp/hard\libc_nano.a(libc_a-findfp.o) (__sread)
C:/ST/STM32CubeIDE_1.13.0/STM32CubeIDE/plugins/com.st.stm32cube.ide.mcu.externaltools.gnu-tools-for-stm32.11.3.rel1.win32_1.1.0.202305231506/tools/bin/../lib/gcc/arm-none-eabi/11.3.1/../../../../arm-none-eabi/lib/thumb/v7e-m+fp/hard\libc_nano.a(libc_a-memset.o)
                              C:/ST/STM32CubeIDE_1.13.0/STM32CubeIDE/plugins/com.st.stm32cube.ide.mcu.externaltools.gnu-tools-for-stm32.11.3.rel1.win32_1.1.0.202305231506/tools/bin/../lib/gcc/arm-none-eabi/11.3.1/../../../../arm-none-eabi/lib/thumb/v7e-m+fp/hard/crt0.o (memset)
C:/ST/STM32CubeIDE_1.13.0/STM32CubeIDE/plugins/com.st.stm32cube.ide.mcu.externaltools.gnu-tools-for-stm32.11.3.rel1.win32_1.1.0.202305231506/tools/bin/../lib/gcc/arm-none-eabi/11.3.1/../../../../arm-none-eabi/lib/thumb/v7e-m+fp/hard\libc_nano.a(libc_a-closer.o)
                              C:/ST/STM32CubeIDE_1.13.0/STM32CubeIDE/plugins/com.st.stm32cube.ide.mcu.externaltools.gnu-tools-for-stm32.11.3.rel1.win32_1.1.0.202305231506/tools/bin/../lib/gcc/arm-none-eabi/11.3.1/../../../../arm-none-eabi/lib/thumb/v7e-m+fp/hard\libc_nano.a(libc_a-stdio.o) (_close_r)
C:/ST/STM32CubeIDE_1.13.0/STM32CubeIDE/plugins/com.st.stm32cube.ide.mcu.externaltools.gnu-tools-for-stm32.11.3.rel1.win32_1.1.0.202305231506/tools/bin/../lib/gcc/arm-none-eabi/11.3.1/../../../../arm-none-eabi/lib/thumb/v7e-m+fp/hard\libc_nano.a(libc_a-reent.o)
                              ./Middlewares/Third_Party/FreeRTOS/Source/tasks.o (_reclaim_reent)
C:/ST/STM32CubeIDE_1.13.0/STM32CubeIDE/plugins/com.st.stm32cube.ide.mcu.externaltools.gnu-tools-for-stm32.11.3.rel1.win32_1.1.0.202305231506/tools/bin/../lib/gcc/arm-none-eabi/11.3.1/../../../../arm-none-eabi/lib/thumb/v7e-m+fp/hard\libc_nano.a(libc_a-impure.o)
                              ./Middlewares/Third_Party/FreeRTOS/Source/tasks.o (_impure_ptr)
C:/ST/STM32CubeIDE_1.13.0/STM32CubeIDE/plugins/com.st.stm32cube.ide.mcu.externaltools.gnu-tools-for-stm32.11.3.rel1.win32_1.1.0.202305231506/tools/bin/../lib/gcc/arm-none-eabi/11.3.1/../../../../arm-none-eabi/lib/thumb/v7e-m+fp/hard\libc_nano.a(libc_a-lseekr.o)
                              C:/ST/STM32CubeIDE_1.13.0/STM32CubeIDE/plugins/com.st.stm32cube.ide.mcu.externaltools.gnu-tools-for-stm32.11.3.rel1.win32_1.1.0.202305231506/tools/bin/../lib/gcc/arm-none-eabi/11.3.1/../../../../arm-none-eabi/lib/thumb/v7e-m+fp/hard\libc_nano.a(libc_a-stdio.o) (_lseek_r)
[...]
Memory Configuration

Name             Origin             Length             Attributes
CCMRAM           0x0000000010000000 0x0000000000010000 xrw
RAM              0x0000000020000000 0x0000000000030000 xrw
FLASH            0x0000000008000000 0x0000000000200000 xr
*default*        0x0000000000000000 0xffffffffffffffff

Linker script and memory map

LOAD C:/ST/STM32CubeIDE_1.13.0/STM32CubeIDE/plugins/com.st.stm32cube.ide.mcu.externaltools.gnu-tools-for-stm32.11.3.rel1.win32_1.1.0.202305231506/tools/bin/../lib/gcc/arm-none-eabi/11.3.1/thumb/v7e-m+fp/hard/crti.o
LOAD C:/ST/STM32CubeIDE_1.13.0/STM32CubeIDE/plugins/com.st.stm32cube.ide.mcu.externaltools.gnu-tools-for-stm32.11.3.rel1.win32_1.1.0.202305231506/tools/bin/../lib/gcc/arm-none-eabi/11.3.1/thumb/v7e-m+fp/hard/crtbegin.o
LOAD C:/ST/STM32CubeIDE_1.13.0/STM32CubeIDE/plugins/com.st.stm32cube.ide.mcu.externaltools.gnu-tools-for-stm32.11.3.rel1.win32_1.1.0.202305231506/tools/bin/../lib/gcc/arm-none-eabi/11.3.1/../../../../arm-none-eabi/lib/thumb/v7e-m+fp/hard/crt0.o
LOAD ./Core/Src/SEGGER_RTT.o
LOAD ./Core/Src/SEGGER_RTT_Syscalls_GCC.o
LOAD ./Core/Src/SEGGER_RTT_printf.o
LOAD ./Core/Src/freertos.o
LOAD ./Core/Src/main.o
LOAD ./Core/Src/stm32f4xx_hal_msp.o
LOAD ./Core/Src/stm32f4xx_hal_timebase_tim.o
LOAD ./Core/Src/stm32f4xx_it.o
LOAD ./Core/Src/syscalls.o
LOAD ./Core/Src/sysmem.o
LOAD ./Core/Src/system_stm32f4xx.o
LOAD ./Core/Startup/startup_stm32f429zitx.o
LOAD ./Drivers/STM32F4xx_HAL_Driver/Src/stm32f4xx_hal.o
LOAD ./Drivers/STM32F4xx_HAL_Driver/Src/stm32f4xx_hal_cortex.o
LOAD ./Drivers/STM32F4xx_HAL_Driver/Src/stm32f4xx_hal_dma.o
LOAD ./Drivers/STM32F4xx_HAL_Driver/Src/stm32f4xx_hal_dma_ex.o
LOAD ./Drivers/STM32F4xx_HAL_Driver/Src/stm32f4xx_hal_eth.o
LOAD ./Drivers/STM32F4xx_HAL_Driver/Src/stm32f4xx_hal_exti.o
LOAD ./Drivers/STM32F4xx_HAL_Driver/Src/stm32f4xx_hal_flash.o
LOAD ./Drivers/STM32F4xx_HAL_Driver/Src/stm32f4xx_hal_flash_ex.o
LOAD ./Drivers/STM32F4xx_HAL_Driver/Src/stm32f4xx_hal_flash_ramfunc.o
LOAD ./Drivers/STM32F4xx_HAL_Driver/Src/stm32f4xx_hal_gpio.o
LOAD ./Drivers/STM32F4xx_HAL_Driver/Src/stm32f4xx_hal_pcd.o
LOAD ./Drivers/STM32F4xx_HAL_Driver/Src/stm32f4xx_hal_pcd_ex.o
LOAD ./Drivers/STM32F4xx_HAL_Driver/Src/stm32f4xx_hal_pwr.o
LOAD ./Drivers/STM32F4xx_HAL_Driver/Src/stm32f4xx_hal_pwr_ex.o
LOAD ./Drivers/STM32F4xx_HAL_Driver/Src/stm32f4xx_hal_rcc.o
LOAD ./Drivers/STM32F4xx_HAL_Driver/Src/stm32f4xx_hal_rcc_ex.o
LOAD ./Drivers/STM32F4xx_HAL_Driver/Src/stm32f4xx_hal_tim.o
LOAD ./Drivers/STM32F4xx_HAL_Driver/Src/stm32f4xx_hal_tim_ex.o
LOAD ./Drivers/STM32F4xx_HAL_Driver/Src/stm32f4xx_hal_uart.o
LOAD ./Drivers/STM32F4xx_HAL_Driver/Src/stm32f4xx_ll_usb.o
LOAD ./Middlewares/Third_Party/FreeRTOS/Source/CMSIS_RTOS_V2/cmsis_os2.o
LOAD ./Middlewares/Third_Party/FreeRTOS/Source/croutine.o
LOAD ./Middlewares/Third_Party/FreeRTOS/Source/event_groups.o
LOAD ./Middlewares/Third_Party/FreeRTOS/Source/list.o
LOAD ./Middlewares/Third_Party/FreeRTOS/Source/queue.o
LOAD ./Middlewares/Third_Party/FreeRTOS/Source/stream_buffer.o
LOAD ./Middlewares/Third_Party/FreeRTOS/Source/tasks.o
LOAD ./Middlewares/Third_Party/FreeRTOS/Source/timers.o
LOAD ./Middlewares/Third_Party/FreeRTOS/Source/portable/GCC/ARM_CM4F/port.o
LOAD ./Middlewares/Third_Party/FreeRTOS/Source/portable/MemMang/heap_4.o
START GROUP
LOAD C:/ST/STM32CubeIDE_1.13.0/STM32CubeIDE/plugins/com.st.stm32cube.ide.mcu.externaltools.gnu-tools-for-stm32.11.3.rel1.win32_1.1.0.202305231506/tools/bin/../lib/gcc/arm-none-eabi/11.3.1/../../../../arm-none-eabi/lib/thumb/v7e-m+fp/hard\libc_nano.a
LOAD C:/ST/STM32CubeIDE_1.13.0/STM32CubeIDE/plugins/com.st.stm32cube.ide.mcu.externaltools.gnu-tools-for-stm32.11.3.rel1.win32_1.1.0.202305231506/tools/bin/../lib/gcc/arm-none-eabi/11.3.1/../../../../arm-none-eabi/lib/thumb/v7e-m+fp/hard\libm.a
END GROUP
START GROUP
LOAD C:/ST/STM32CubeIDE_1.13.0/STM32CubeIDE/plugins/com.st.stm32cube.ide.mcu.externaltools.gnu-tools-for-stm32.11.3.rel1.win32_1.1.0.202305231506/tools/bin/../lib/gcc/arm-none-eabi/11.3.1/thumb/v7e-m+fp/hard\libgcc.a
LOAD C:/ST/STM32CubeIDE_1.13.0/STM32CubeIDE/plugins/com.st.stm32cube.ide.mcu.externaltools.gnu-tools-for-stm32.11.3.rel1.win32_1.1.0.202305231506/tools/bin/../lib/gcc/arm-none-eabi/11.3.1/../../../../arm-none-eabi/lib/thumb/v7e-m+fp/hard\libc_nano.a
END GROUP
START GROUP
LOAD C:/ST/STM32CubeIDE_1.13.0/STM32CubeIDE/plugins/com.st.stm32cube.ide.mcu.externaltools.gnu-tools-for-stm32.11.3.rel1.win32_1.1.0.202305231506/tools/bin/../lib/gcc/arm-none-eabi/11.3.1/thumb/v7e-m+fp/hard\libgcc.a
LOAD C:/ST/STM32CubeIDE_1.13.0/STM32CubeIDE/plugins/com.st.stm32cube.ide.mcu.externaltools.gnu-tools-for-stm32.11.3.rel1.win32_1.1.0.202305231506/tools/bin/../lib/gcc/arm-none-eabi/11.3.1/../../../../arm-none-eabi/lib/thumb/v7e-m+fp/hard\libc_nano.a
LOAD C:/ST/STM32CubeIDE_1.13.0/STM32CubeIDE/plugins/com.st.stm32cube.ide.mcu.externaltools.gnu-tools-for-stm32.11.3.rel1.win32_1.1.0.202305231506/tools/bin/../lib/gcc/arm-none-eabi/11.3.1/../../../../arm-none-eabi/lib/thumb/v7e-m+fp/hard\libnosys.a
END GROUP
START GROUP
LOAD C:/ST/STM32CubeIDE_1.13.0/STM32CubeIDE/plugins/com.st.stm32cube.ide.mcu.externaltools.gnu-tools-for-stm32.11.3.rel1.win32_1.1.0.202305231506/tools/bin/../lib/gcc/arm-none-eabi/11.3.1/thumb/v7e-m+fp/hard\libgcc.a
LOAD C:/ST/STM32CubeIDE_1.13.0/STM32CubeIDE/plugins/com.st.stm32cube.ide.mcu.externaltools.gnu-tools-for-stm32.11.3.rel1.win32_1.1.0.202305231506/tools/bin/../lib/gcc/arm-none-eabi/11.3.1/../../../../arm-none-eabi/lib/thumb/v7e-m+fp/hard\libc_nano.a
LOAD C:/ST/STM32CubeIDE_1.13.0/STM32CubeIDE/plugins/com.st.stm32cube.ide.mcu.externaltools.gnu-tools-for-stm32.11.3.rel1.win32_1.1.0.202305231506/tools/bin/../lib/gcc/arm-none-eabi/11.3.1/../../../../arm-none-eabi/lib/thumb/v7e-m+fp/hard\libnosys.a
END GROUP
LOAD C:/ST/STM32CubeIDE_1.13.0/STM32CubeIDE/plugins/com.st.stm32cube.ide.mcu.externaltools.gnu-tools-for-stm32.11.3.rel1.win32_1.1.0.202305231506/tools/bin/../lib/gcc/arm-none-eabi/11.3.1/thumb/v7e-m+fp/hard/crtend.o
LOAD C:/ST/STM32CubeIDE_1.13.0/STM32CubeIDE/plugins/com.st.stm32cube.ide.mcu.externaltools.gnu-tools-for-stm32.11.3.rel1.win32_1.1.0.202305231506/tools/bin/../lib/gcc/arm-none-eabi/11.3.1/thumb/v7e-m+fp/hard/crtn.o
                0x0000000020030000                _estack = (ORIGIN (RAM) + LENGTH (RAM))
                0x0000000000000200                _Min_Heap_Size = 0x200
                0x0000000000000400                _Min_Stack_Size = 0x400

.isr_vector     0x0000000008000000      0x1ac
                0x0000000008000000                . = ALIGN (0x4)
 *(.isr_vector)
 .isr_vector    0x0000000008000000      0x1ac ./Core/Startup/startup_stm32f429zitx.o
                0x0000000008000000                g_pfnVectors
                0x00000000080001ac                . = ALIGN (0x4)

.text           0x00000000080001b0     0x6f98
                0x00000000080001b0                . = ALIGN (0x4)
 *(.text)
 .text          0x00000000080001b0       0x40 C:/ST/STM32CubeIDE_1.13.0/STM32CubeIDE/plugins/com.st.stm32cube.ide.mcu.externaltools.gnu-tools-for-stm32.11.3.rel1.win32_1.1.0.202305231506/tools/bin/../lib/gcc/arm-none-eabi/11.3.1/thumb/v7e-m+fp/hard/crtbegin.o
 .text          0x00000000080001f0       0x30 C:/ST/STM32CubeIDE_1.13.0/STM32CubeIDE/plugins/com.st.stm32cube.ide.mcu.externaltools.gnu-tools-for-stm32.11.3.rel1.win32_1.1.0.202305231506/tools/bin/../lib/gcc/arm-none-eabi/11.3.1/thumb/v7e-m+fp/hard\libgcc.a(_aeabi_uldivmod.o)
                0x00000000080001f0                __aeabi_uldivmod
 .text          0x0000000008000220      0x2c8 C:/ST/STM32CubeIDE_1.13.0/STM32CubeIDE/plugins/com.st.stm32cube.ide.mcu.externaltools.gnu-tools-for-stm32.11.3.rel1.win32_1.1.0.202305231506/tools/bin/../lib/gcc/arm-none-eabi/11.3.1/thumb/v7e-m+fp/hard\libgcc.a(_udivmoddi4.o)
                0x0000000008000220                __udivmoddi4
 .text          0x00000000080004e8        0x4 C:/ST/STM32CubeIDE_1.13.0/STM32CubeIDE/plugins/com.st.stm32cube.ide.mcu.externaltools.gnu-tools-for-stm32.11.3.rel1.win32_1.1.0.202305231506/tools/bin/../lib/gcc/arm-none-eabi/11.3.1/thumb/v7e-m+fp/hard\libgcc.a(_dvmd_tls.o)
                0x00000000080004e8                __aeabi_idiv0
                0x00000000080004e8                __aeabi_ldiv0
 *(.text*)
 .text._DoInit  0x00000000080004ec       0xb0 ./Core/Src/SEGGER_RTT.o
 .text._WriteBlocking
                0x000000000800059c       0xba ./Core/Src/SEGGER_RTT.o
 .text._WriteNoCheck
                0x0000000008000656       0x90 ./Core/Src/SEGGER_RTT.o
 .text._GetAvailWriteSpace
                0x00000000080006e6       0x46 ./Core/Src/SEGGER_RTT.o
 .text.SEGGER_RTT_WriteNoLock
                0x000000000800072c       0xa0 ./Core/Src/SEGGER_RTT.o
                0x000000000800072c                SEGGER_RTT_WriteNoLock
 .text.SEGGER_RTT_Write
                0x00000000080007cc       0x4c ./Core/Src/SEGGER_RTT.o
                0x00000000080007cc                SEGGER_RTT_Write
 .text.SEGGER_RTT_ConfigUpBuffer
                0x0000000008000818       0x94 ./Core/Src/SEGGER_RTT.o
                0x0000000008000818                SEGGER_RTT_ConfigUpBuffer
 .text._StoreChar
                0x00000000080008ac       0x7c ./Core/Src/SEGGER_RTT_printf.o
 .text._PrintUnsigned
                0x0000000008000928      0x158 ./Core/Src/SEGGER_RTT_printf.o
 .text._PrintInt
                0x0000000008000a80      0x14e ./Core/Src/SEGGER_RTT_printf.o
 *fill*         0x0000000008000bce        0x2 
 .text.SEGGER_RTT_vprintf
                0x0000000008000bd0      0x3a8 ./Core/Src/SEGGER_RTT_printf.o
                0x0000000008000bd0                SEGGER_RTT_vprintf
 .text.SEGGER_RTT_printf
                0x0000000008000f78       0x30 ./Core/Src/SEGGER_RTT_printf.o
                0x0000000008000f78                SEGGER_RTT_printf
 .text.configureTimerForRunTimeStats
                0x0000000008000fa8        0xe ./Core/Src/freertos.o
                0x0000000008000fa8                configureTimerForRunTimeStats
 .text.getRunTimeCounterValue
                0x0000000008000fb6       0x10 ./Core/Src/freertos.o
                0x0000000008000fb6                getRunTimeCounterValue
 *fill*         0x0000000008000fc6        0x2 
 .text.main     0x0000000008000fc8       0xa0 ./Core/Src/main.o
                0x0000000008000fc8                main
 .text.SystemClock_Config
                0x0000000008001068       0xd4 ./Core/Src/main.o
                0x0000000008001068                SystemClock_Config
 .text.MX_ETH_Init
                0x000000000800113c       0x9c ./Core/Src/main.o
 .text.MX_USART3_UART_Init
                0x00000000080011d8       0x54 ./Core/Src/main.o
 .text.MX_USB_OTG_FS_PCD_Init
                0x000000000800122c       0x5c ./Core/Src/main.o
 .text.MX_GPIO_Init
                0x0000000008001288      0x15c ./Core/Src/main.o
 .text.StartTransmitterTask
                0x00000000080013e4       0x70 ./Core/Src/main.o
                0x00000000080013e4                StartTransmitterTask
 .text.StartReceiverTask
                0x0000000008001454       0x5c ./Core/Src/main.o
                0x0000000008001454                StartReceiverTask
 .text.HAL_TIM_PeriodElapsedCallback
                0x00000000080014b0       0x24 ./Core/Src/main.o
                0x00000000080014b0                HAL_TIM_PeriodElapsedCallback
 .text.Error_Handler
                0x00000000080014d4        0xa ./Core/Src/main.o
                0x00000000080014d4                Error_Handler
 *fill*         0x00000000080014de        0x2 
 .text.HAL_MspInit
                0x00000000080014e0       0x58 ./Core/Src/stm32f4xx_hal_msp.o
                0x00000000080014e0                HAL_MspInit
 .text.HAL_ETH_MspInit
                0x0000000008001538      0x18c ./Core/Src/stm32f4xx_hal_msp.o
                0x0000000008001538                HAL_ETH_MspInit
 .text.HAL_UART_MspInit
                0x00000000080016c4       0x90 ./Core/Src/stm32f4xx_hal_msp.o
                0x00000000080016c4                HAL_UART_MspInit
 .text.HAL_PCD_MspInit
                0x0000000008001754       0xb4 ./Core/Src/stm32f4xx_hal_msp.o
                0x0000000008001754                HAL_PCD_MspInit
 .text.HAL_InitTick
                0x0000000008001808       0xf8 ./Core/Src/stm32f4xx_hal_timebase_tim.o
                0x0000000008001808                HAL_InitTick
 .text.NMI_Handler
                0x0000000008001900        0x6 ./Core/Src/stm32f4xx_it.o
                0x0000000008001900                NMI_Handler
 .text.HardFault_Handler
                0x0000000008001906        0x6 ./Core/Src/stm32f4xx_it.o
                0x0000000008001906                HardFault_Handler
 .text.MemManage_Handler
                0x000000000800190c        0x6 ./Core/Src/stm32f4xx_it.o
                0x000000000800190c                MemManage_Handler
 .text.BusFault_Handler
                0x0000000008001912        0x6 ./Core/Src/stm32f4xx_it.o
                0x0000000008001912                BusFault_Handler
 .text.UsageFault_Handler
                0x0000000008001918        0x6 ./Core/Src/stm32f4xx_it.o
                0x0000000008001918                UsageFault_Handler
 .text.DebugMon_Handler
                0x000000000800191e        0xe ./Core/Src/stm32f4xx_it.o
                0x000000000800191e                DebugMon_Handler
 .text.TIM6_DAC_IRQHandler
                0x000000000800192c       0x14 ./Core/Src/stm32f4xx_it.o
                0x000000000800192c                TIM6_DAC_IRQHandler
 .text.SystemInit
                0x0000000008001940       0x24 ./Core/Src/system_stm32f4xx.o
                0x0000000008001940                SystemInit
 .text.Reset_Handler
                0x0000000008001964       0x50 ./Core/Startup/startup_stm32f429zitx.o
                0x0000000008001964                Reset_Handler
 .text.Default_Handler
                0x00000000080019b4        0x2 ./Core/Startup/startup_stm32f429zitx.o
                0x00000000080019b4                RTC_Alarm_IRQHandler
                0x00000000080019b4                HASH_RNG_IRQHandler
                0x00000000080019b4                EXTI2_IRQHandler
                0x00000000080019b4                TIM8_CC_IRQHandler
                0x00000000080019b4                UART8_IRQHandler
                0x00000000080019b4                SPI4_IRQHandler
                0x00000000080019b4                TIM1_CC_IRQHandler
                0x00000000080019b4                DMA2_Stream5_IRQHandler
                0x00000000080019b4                DMA1_Stream5_IRQHandler
                0x00000000080019b4                PVD_IRQHandler
                0x00000000080019b4                SDIO_IRQHandler
                0x00000000080019b4                TAMP_STAMP_IRQHandler
                0x00000000080019b4                CAN2_RX1_IRQHandler
                0x00000000080019b4                EXTI3_IRQHandler
                0x00000000080019b4                TIM8_TRG_COM_TIM14_IRQHandler
                0x00000000080019b4                TIM1_UP_TIM10_IRQHandler
                0x00000000080019b4                TIM8_UP_TIM13_IRQHandler
                0x00000000080019b4                I2C3_ER_IRQHandler
                0x00000000080019b4                EXTI0_IRQHandler
                0x00000000080019b4                I2C2_EV_IRQHandler
                0x00000000080019b4                DMA1_Stream2_IRQHandler
                0x00000000080019b4                CAN1_RX0_IRQHandler
                0x00000000080019b4                FPU_IRQHandler
                0x00000000080019b4                OTG_HS_WKUP_IRQHandler
                0x00000000080019b4                LTDC_ER_IRQHandler
                0x00000000080019b4                CAN2_SCE_IRQHandler
                0x00000000080019b4                DMA2_Stream2_IRQHandler
                0x00000000080019b4                SPI1_IRQHandler
                0x00000000080019b4                TIM1_BRK_TIM9_IRQHandler
                0x00000000080019b4                DCMI_IRQHandler
                0x00000000080019b4                CAN2_RX0_IRQHandler
                0x00000000080019b4                DMA2_Stream3_IRQHandler
                0x00000000080019b4                USART6_IRQHandler
                0x00000000080019b4                USART3_IRQHandler
                0x00000000080019b4                CAN1_RX1_IRQHandler
                0x00000000080019b4                UART5_IRQHandler
                0x00000000080019b4                DMA2_Stream0_IRQHandler
                0x00000000080019b4                TIM4_IRQHandler
                0x00000000080019b4                I2C1_EV_IRQHandler
                0x00000000080019b4                DMA1_Stream6_IRQHandler
                0x00000000080019b4                DMA1_Stream1_IRQHandler
                0x00000000080019b4                UART4_IRQHandler
                0x00000000080019b4                TIM3_IRQHandler
                0x00000000080019b4                RCC_IRQHandler
                0x00000000080019b4                TIM8_BRK_TIM12_IRQHandler
                0x00000000080019b4                Default_Handler
                0x00000000080019b4                EXTI15_10_IRQHandler
                0x00000000080019b4                ADC_IRQHandler
                0x00000000080019b4                DMA1_Stream7_IRQHandler
                0x00000000080019b4                SPI5_IRQHandler
                0x00000000080019b4                TIM7_IRQHandler
                0x00000000080019b4                CAN2_TX_IRQHandler
                0x00000000080019b4                TIM5_IRQHandler
                0x00000000080019b4                DMA2_Stream7_IRQHandler
                0x00000000080019b4                I2C3_EV_IRQHandler
                0x00000000080019b4                EXTI9_5_IRQHandler
                0x00000000080019b4                RTC_WKUP_IRQHandler
                0x00000000080019b4                LTDC_IRQHandler
                0x00000000080019b4                ETH_WKUP_IRQHandler
                0x00000000080019b4                SPI2_IRQHandler
                0x00000000080019b4                OTG_HS_EP1_IN_IRQHandler
                0x00000000080019b4                DMA1_Stream0_IRQHandler
                0x00000000080019b4                CAN1_TX_IRQHandler
                0x00000000080019b4                EXTI4_IRQHandler
                0x00000000080019b4                ETH_IRQHandler
                0x00000000080019b4                OTG_HS_EP1_OUT_IRQHandler
                0x00000000080019b4                WWDG_IRQHandler
                0x00000000080019b4                SPI6_IRQHandler
                0x00000000080019b4                TIM2_IRQHandler
                0x00000000080019b4                OTG_FS_WKUP_IRQHandler
                0x00000000080019b4                TIM1_TRG_COM_TIM11_IRQHandler
                0x00000000080019b4                OTG_HS_IRQHandler
                0x00000000080019b4                DMA2D_IRQHandler
                0x00000000080019b4                EXTI1_IRQHandler
                0x00000000080019b4                UART7_IRQHandler
                0x00000000080019b4                USART2_IRQHandler
                0x00000000080019b4                I2C2_ER_IRQHandler
                0x00000000080019b4                DMA2_Stream1_IRQHandler
                0x00000000080019b4                CAN1_SCE_IRQHandler
                0x00000000080019b4                FLASH_IRQHandler
                0x00000000080019b4                DMA2_Stream4_IRQHandler
                0x00000000080019b4                USART1_IRQHandler
                0x00000000080019b4                OTG_FS_IRQHandler
                0x00000000080019b4                SPI3_IRQHandler
                0x00000000080019b4                DMA1_Stream4_IRQHandler
                0x00000000080019b4                I2C1_ER_IRQHandler
                0x00000000080019b4                FMC_IRQHandler
                0x00000000080019b4                DMA2_Stream6_IRQHandler
                0x00000000080019b4                SAI1_IRQHandler
                0x00000000080019b4                DMA1_Stream3_IRQHandler
 *fill*         0x00000000080019b6        0x2 
 .text.HAL_Init
                0x00000000080019b8       0x44 ./Drivers/STM32F4xx_HAL_Driver/Src/stm32f4xx_hal.o
                0x00000000080019b8                HAL_Init
 .text.HAL_IncTick
                0x00000000080019fc       0x28 ./Drivers/STM32F4xx_HAL_Driver/Src/stm32f4xx_hal.o
                0x00000000080019fc                HAL_IncTick
 .text.HAL_GetTick
                0x0000000008001a24       0x18 ./Drivers/STM32F4xx_HAL_Driver/Src/stm32f4xx_hal.o
                0x0000000008001a24                HAL_GetTick
 .text.HAL_Delay
                0x0000000008001a3c       0x48 ./Drivers/STM32F4xx_HAL_Driver/Src/stm32f4xx_hal.o
                0x0000000008001a3c                HAL_Delay
 .text.__NVIC_SetPriorityGrouping
                0x0000000008001a84       0x48 ./Drivers/STM32F4xx_HAL_Driver/Src/stm32f4xx_hal_cortex.o
 .text.__NVIC_GetPriorityGrouping
                0x0000000008001acc       0x1c ./Drivers/STM32F4xx_HAL_Driver/Src/stm32f4xx_hal_cortex.o
 .text.__NVIC_EnableIRQ
                0x0000000008001ae8       0x3c ./Drivers/STM32F4xx_HAL_Driver/Src/stm32f4xx_hal_cortex.o
 .text.__NVIC_SetPriority
                0x0000000008001b24       0x54 ./Drivers/STM32F4xx_HAL_Driver/Src/stm32f4xx_hal_cortex.o
 .text.NVIC_EncodePriority
                0x0000000008001b78       0x66 ./Drivers/STM32F4xx_HAL_Driver/Src/stm32f4xx_hal_cortex.o
 .text.HAL_NVIC_SetPriorityGrouping
                0x0000000008001bde       0x16 ./Drivers/STM32F4xx_HAL_Driver/Src/stm32f4xx_hal_cortex.o
                0x0000000008001bde                HAL_NVIC_SetPriorityGrouping
 .text.HAL_NVIC_SetPriority
                0x0000000008001bf4       0x38 ./Drivers/STM32F4xx_HAL_Driver/Src/stm32f4xx_hal_cortex.o
                0x0000000008001bf4                HAL_NVIC_SetPriority
 .text.HAL_NVIC_EnableIRQ
                0x0000000008001c2c       0x1c ./Drivers/STM32F4xx_HAL_Driver/Src/stm32f4xx_hal_cortex.o
                0x0000000008001c2c                HAL_NVIC_EnableIRQ
 .text.HAL_ETH_Init
                0x0000000008001c48       0xfc ./Drivers/STM32F4xx_HAL_Driver/Src/stm32f4xx_hal_eth.o
                0x0000000008001c48                HAL_ETH_Init
 .text.ETH_SetMACConfig
                0x0000000008001d44      0x160 ./Drivers/STM32F4xx_HAL_Driver/Src/stm32f4xx_hal_eth.o
 .text.ETH_SetDMAConfig
                0x0000000008001ea4      0x114 ./Drivers/STM32F4xx_HAL_Driver/Src/stm32f4xx_hal_eth.o
 .text.ETH_MACDMAConfig
                0x0000000008001fb8       0xe4 ./Drivers/STM32F4xx_HAL_Driver/Src/stm32f4xx_hal_eth.o
 .text.ETH_MACAddressConfig
                0x000000000800209c       0x70 ./Drivers/STM32F4xx_HAL_Driver/Src/stm32f4xx_hal_eth.o
 .text.ETH_DMATxDescListInit
                0x000000000800210c       0xb2 ./Drivers/STM32F4xx_HAL_Driver/Src/stm32f4xx_hal_eth.o
 .text.ETH_DMARxDescListInit
                0x00000000080021be       0xda ./Drivers/STM32F4xx_HAL_Driver/Src/stm32f4xx_hal_eth.o
 .text.HAL_GPIO_Init
                0x0000000008002298      0x358 ./Drivers/STM32F4xx_HAL_Driver/Src/stm32f4xx_hal_gpio.o
                0x0000000008002298                HAL_GPIO_Init
 .text.HAL_GPIO_WritePin
                0x00000000080025f0       0x32 ./Drivers/STM32F4xx_HAL_Driver/Src/stm32f4xx_hal_gpio.o
                0x00000000080025f0                HAL_GPIO_WritePin
 .text.HAL_PCD_Init
                0x0000000008002622      0x23a ./Drivers/STM32F4xx_HAL_Driver/Src/stm32f4xx_hal_pcd.o
                0x0000000008002622                HAL_PCD_Init
 .text.HAL_RCC_OscConfig
                0x000000000800285c      0x4f0 ./Drivers/STM32F4xx_HAL_Driver/Src/stm32f4xx_hal_rcc.o
                0x000000000800285c                HAL_RCC_OscConfig
 .text.HAL_RCC_ClockConfig
                0x0000000008002d4c      0x1cc ./Drivers/STM32F4xx_HAL_Driver/Src/stm32f4xx_hal_rcc.o
                0x0000000008002d4c                HAL_RCC_ClockConfig
 .text.HAL_RCC_GetSysClockFreq
                0x0000000008002f18      0x20c ./Drivers/STM32F4xx_HAL_Driver/Src/stm32f4xx_hal_rcc.o
                0x0000000008002f18                HAL_RCC_GetSysClockFreq
 .text.HAL_RCC_GetHCLKFreq
                0x0000000008003124       0x18 ./Drivers/STM32F4xx_HAL_Driver/Src/stm32f4xx_hal_rcc.o
                0x0000000008003124                HAL_RCC_GetHCLKFreq
 .text.HAL_RCC_GetPCLK1Freq
                0x000000000800313c       0x28 ./Drivers/STM32F4xx_HAL_Driver/Src/stm32f4xx_hal_rcc.o
                0x000000000800313c                HAL_RCC_GetPCLK1Freq
 .text.HAL_RCC_GetPCLK2Freq
                0x0000000008003164       0x28 ./Drivers/STM32F4xx_HAL_Driver/Src/stm32f4xx_hal_rcc.o
                0x0000000008003164                HAL_RCC_GetPCLK2Freq
 .text.HAL_RCC_GetClockConfig
                0x000000000800318c       0x64 ./Drivers/STM32F4xx_HAL_Driver/Src/stm32f4xx_hal_rcc.o
                0x000000000800318c                HAL_RCC_GetClockConfig
 .text.HAL_TIM_Base_Init
                0x00000000080031f0       0x9e ./Drivers/STM32F4xx_HAL_Driver/Src/stm32f4xx_hal_tim.o
                0x00000000080031f0                HAL_TIM_Base_Init
 .text.HAL_TIM_Base_MspInit
                0x000000000800328e       0x14 ./Drivers/STM32F4xx_HAL_Driver/Src/stm32f4xx_hal_tim.o
                0x000000000800328e                HAL_TIM_Base_MspInit
 *fill*         0x00000000080032a2        0x2 
 .text.HAL_TIM_Base_Start_IT
                0x00000000080032a4       0xe0 ./Drivers/STM32F4xx_HAL_Driver/Src/stm32f4xx_hal_tim.o
                0x00000000080032a4                HAL_TIM_Base_Start_IT
 .text.HAL_TIM_IRQHandler
                0x0000000008003384      0x210 ./Drivers/STM32F4xx_HAL_Driver/Src/stm32f4xx_hal_tim.o
                0x0000000008003384                HAL_TIM_IRQHandler
 .text.HAL_TIM_OC_DelayElapsedCallback
                0x0000000008003594       0x14 ./Drivers/STM32F4xx_HAL_Driver/Src/stm32f4xx_hal_tim.o
                0x0000000008003594                HAL_TIM_OC_DelayElapsedCallback
 .text.HAL_TIM_IC_CaptureCallback
                0x00000000080035a8       0x14 ./Drivers/STM32F4xx_HAL_Driver/Src/stm32f4xx_hal_tim.o
                0x00000000080035a8                HAL_TIM_IC_CaptureCallback
 .text.HAL_TIM_PWM_PulseFinishedCallback
                0x00000000080035bc       0x14 ./Drivers/STM32F4xx_HAL_Driver/Src/stm32f4xx_hal_tim.o
                0x00000000080035bc                HAL_TIM_PWM_PulseFinishedCallback
 .text.HAL_TIM_TriggerCallback
                0x00000000080035d0       0x14 ./Drivers/STM32F4xx_HAL_Driver/Src/stm32f4xx_hal_tim.o
                0x00000000080035d0                HAL_TIM_TriggerCallback
 .text.TIM_Base_SetConfig
                0x00000000080035e4      0x140 ./Drivers/STM32F4xx_HAL_Driver/Src/stm32f4xx_hal_tim.o
                0x00000000080035e4                TIM_Base_SetConfig
 .text.HAL_TIMEx_CommutCallback
                0x0000000008003724       0x14 ./Drivers/STM32F4xx_HAL_Driver/Src/stm32f4xx_hal_tim_ex.o
                0x0000000008003724                HAL_TIMEx_CommutCallback
 .text.HAL_TIMEx_BreakCallback
                0x0000000008003738       0x14 ./Drivers/STM32F4xx_HAL_Driver/Src/stm32f4xx_hal_tim_ex.o
                0x0000000008003738                HAL_TIMEx_BreakCallback
 .text.HAL_UART_Init
                0x000000000800374c       0x9a ./Drivers/STM32F4xx_HAL_Driver/Src/stm32f4xx_hal_uart.o
                0x000000000800374c                HAL_UART_Init
 *fill*         0x00000000080037e6        0x2 
 .text.UART_SetConfig
                0x00000000080037e8      0x4e8 ./Drivers/STM32F4xx_HAL_Driver/Src/stm32f4xx_hal_uart.o
 .text.USB_CoreInit
                0x0000000008003cd0       0xc2 ./Drivers/STM32F4xx_HAL_Driver/Src/stm32f4xx_ll_usb.o
                0x0000000008003cd0                USB_CoreInit
 .text.USB_DisableGlobalInt
                0x0000000008003d92       0x22 ./Drivers/STM32F4xx_HAL_Driver/Src/stm32f4xx_ll_usb.o
                0x0000000008003d92                USB_DisableGlobalInt
 .text.USB_SetCurrentMode
                0x0000000008003db4       0x98 ./Drivers/STM32F4xx_HAL_Driver/Src/stm32f4xx_ll_usb.o
                0x0000000008003db4                USB_SetCurrentMode
 .text.USB_DevInit
                0x0000000008003e4c      0x2c8 ./Drivers/STM32F4xx_HAL_Driver/Src/stm32f4xx_ll_usb.o
                0x0000000008003e4c                USB_DevInit
 .text.USB_FlushTxFifo
                0x0000000008004114       0x68 ./Drivers/STM32F4xx_HAL_Driver/Src/stm32f4xx_ll_usb.o
                0x0000000008004114                USB_FlushTxFifo
 .text.USB_FlushRxFifo
                0x000000000800417c       0x60 ./Drivers/STM32F4xx_HAL_Driver/Src/stm32f4xx_ll_usb.o
                0x000000000800417c                USB_FlushRxFifo
 .text.USB_SetDevSpeed
                0x00000000080041dc       0x32 ./Drivers/STM32F4xx_HAL_Driver/Src/stm32f4xx_ll_usb.o
                0x00000000080041dc                USB_SetDevSpeed
 .text.USB_DevDisconnect
                0x000000000800420e       0x42 ./Drivers/STM32F4xx_HAL_Driver/Src/stm32f4xx_ll_usb.o
                0x000000000800420e                USB_DevDisconnect
 .text.USB_GetMode
                0x0000000008004250       0x1c ./Drivers/STM32F4xx_HAL_Driver/Src/stm32f4xx_ll_usb.o
                0x0000000008004250                USB_GetMode
 .text.USB_CoreReset
                0x000000000800426c       0x68 ./Drivers/STM32F4xx_HAL_Driver/Src/stm32f4xx_ll_usb.o
 .text.__NVIC_SetPriority
                0x00000000080042d4       0x54 ./Middlewares/Third_Party/FreeRTOS/Source/CMSIS_RTOS_V2/cmsis_os2.o
 .text.SysTick_Handler
                0x0000000008004328       0x20 ./Middlewares/Third_Party/FreeRTOS/Source/CMSIS_RTOS_V2/cmsis_os2.o
                0x0000000008004328                SysTick_Handler
 .text.SVC_Setup
                0x0000000008004348       0x12 ./Middlewares/Third_Party/FreeRTOS/Source/CMSIS_RTOS_V2/cmsis_os2.o
 *fill*         0x000000000800435a        0x2 
 .text.osKernelInitialize
                0x000000000800435c       0x48 ./Middlewares/Third_Party/FreeRTOS/Source/CMSIS_RTOS_V2/cmsis_os2.o
                0x000000000800435c                osKernelInitialize
 .text.osKernelStart
                0x00000000080043a4       0x4c ./Middlewares/Third_Party/FreeRTOS/Source/CMSIS_RTOS_V2/cmsis_os2.o
                0x00000000080043a4                osKernelStart
 .text.osThreadNew
                0x00000000080043f0      0x124 ./Middlewares/Third_Party/FreeRTOS/Source/CMSIS_RTOS_V2/cmsis_os2.o
                0x00000000080043f0                osThreadNew
 .text.osDelay  0x0000000008004514       0x36 ./Middlewares/Third_Party/FreeRTOS/Source/CMSIS_RTOS_V2/cmsis_os2.o
                0x0000000008004514                osDelay
 *fill*         0x000000000800454a        0x2 
 .text.vApplicationGetIdleTaskMemory
                0x000000000800454c       0x34 ./Middlewares/Third_Party/FreeRTOS/Source/CMSIS_RTOS_V2/cmsis_os2.o
                0x000000000800454c                vApplicationGetIdleTaskMemory
 .text.vApplicationGetTimerTaskMemory
                0x0000000008004580       0x34 ./Middlewares/Third_Party/FreeRTOS/Source/CMSIS_RTOS_V2/cmsis_os2.o
                0x0000000008004580                vApplicationGetTimerTaskMemory
 .text.vListInitialise
                0x00000000080045b4       0x40 ./Middlewares/Third_Party/FreeRTOS/Source/list.o
                0x00000000080045b4                vListInitialise
 .text.vListInitialiseItem
                0x00000000080045f4       0x1a ./Middlewares/Third_Party/FreeRTOS/Source/list.o
                0x00000000080045f4                vListInitialiseItem
 .text.vListInsertEnd
                0x000000000800460e       0x48 ./Middlewares/Third_Party/FreeRTOS/Source/list.o
                0x000000000800460e                vListInsertEnd
 .text.vListInsert
                0x0000000008004656       0x72 ./Middlewares/Third_Party/FreeRTOS/Source/list.o
                0x0000000008004656                vListInsert
 .text.uxListRemove
                0x00000000080046c8       0x54 ./Middlewares/Third_Party/FreeRTOS/Source/list.o
                0x00000000080046c8                uxListRemove
 .text.xQueueGenericReset
                0x000000000800471c       0xd0 ./Middlewares/Third_Party/FreeRTOS/Source/queue.o
                0x000000000800471c                xQueueGenericReset
 .text.xQueueGenericCreateStatic
                0x00000000080047ec       0xf0 ./Middlewares/Third_Party/FreeRTOS/Source/queue.o
                0x00000000080047ec                xQueueGenericCreateStatic
 .text.xQueueGenericCreate
                0x00000000080048dc       0x74 ./Middlewares/Third_Party/FreeRTOS/Source/queue.o
                0x00000000080048dc                xQueueGenericCreate
 .text.prvInitialiseNewQueue
                0x0000000008004950       0x46 ./Middlewares/Third_Party/FreeRTOS/Source/queue.o
 *fill*         0x0000000008004996        0x2 
 .text.xQueueGenericSend
                0x0000000008004998      0x1fc ./Middlewares/Third_Party/FreeRTOS/Source/queue.o
                0x0000000008004998                xQueueGenericSend
 .text.xQueueGenericSendFromISR
                0x0000000008004b94      0x136 ./Middlewares/Third_Party/FreeRTOS/Source/queue.o
                0x0000000008004b94                xQueueGenericSendFromISR
 *fill*         0x0000000008004cca        0x2 
 .text.xQueueReceive
                0x0000000008004ccc      0x1c0 ./Middlewares/Third_Party/FreeRTOS/Source/queue.o
                0x0000000008004ccc                xQueueReceive
 .text.prvCopyDataToQueue
                0x0000000008004e8c       0xd4 ./Middlewares/Third_Party/FreeRTOS/Source/queue.o
 .text.prvCopyDataFromQueue
                0x0000000008004f60       0x4c ./Middlewares/Third_Party/FreeRTOS/Source/queue.o
 .text.prvUnlockQueue
                0x0000000008004fac       0xa4 ./Middlewares/Third_Party/FreeRTOS/Source/queue.o
 .text.prvIsQueueEmpty
                0x0000000008005050       0x2c ./Middlewares/Third_Party/FreeRTOS/Source/queue.o
 .text.prvIsQueueFull
                0x000000000800507c       0x30 ./Middlewares/Third_Party/FreeRTOS/Source/queue.o
 .text.vQueueAddToRegistry
                0x00000000080050ac       0x54 ./Middlewares/Third_Party/FreeRTOS/Source/queue.o
                0x00000000080050ac                vQueueAddToRegistry
 .text.pcQueueGetName
                0x0000000008005100       0x4c ./Middlewares/Third_Party/FreeRTOS/Source/queue.o
                0x0000000008005100                pcQueueGetName
 .text.vQueueWaitForMessageRestricted
                0x000000000800514c       0x68 ./Middlewares/Third_Party/FreeRTOS/Source/queue.o
                0x000000000800514c                vQueueWaitForMessageRestricted
 .text.xTaskCreateStatic
                0x00000000080051b4       0xba ./Middlewares/Third_Party/FreeRTOS/Source/tasks.o
                0x00000000080051b4                xTaskCreateStatic
 .text.xTaskCreate
                0x000000000800526e       0x8a ./Middlewares/Third_Party/FreeRTOS/Source/tasks.o
                0x000000000800526e                xTaskCreate
 .text.prvInitialiseNewTask
                0x00000000080052f8      0x154 ./Middlewares/Third_Party/FreeRTOS/Source/tasks.o
 .text.prvAddNewTaskToReadyList
                0x000000000800544c       0xe0 ./Middlewares/Third_Party/FreeRTOS/Source/tasks.o
 .text.vTaskDelay
                0x000000000800552c       0x68 ./Middlewares/Third_Party/FreeRTOS/Source/tasks.o
                0x000000000800552c                vTaskDelay
 .text.vTaskStartScheduler
                0x0000000008005594       0xe4 ./Middlewares/Third_Party/FreeRTOS/Source/tasks.o
                0x0000000008005594                vTaskStartScheduler
 .text.vTaskSuspendAll
                0x0000000008005678       0x1c ./Middlewares/Third_Party/FreeRTOS/Source/tasks.o
                0x0000000008005678                vTaskSuspendAll
 .text.xTaskResumeAll
                0x0000000008005694      0x13c ./Middlewares/Third_Party/FreeRTOS/Source/tasks.o
                0x0000000008005694                xTaskResumeAll
 .text.xTaskGetTickCount
                0x00000000080057d0       0x20 ./Middlewares/Third_Party/FreeRTOS/Source/tasks.o
                0x00000000080057d0                xTaskGetTickCount
 .text.xTaskIncrementTick
                0x00000000080057f0      0x174 ./Middlewares/Third_Party/FreeRTOS/Source/tasks.o
                0x00000000080057f0                xTaskIncrementTick
 .text.vTaskSwitchContext
                0x0000000008005964      0x100 ./Middlewares/Third_Party/FreeRTOS/Source/tasks.o
                0x0000000008005964                vTaskSwitchContext
 .text.vTaskPlaceOnEventList
                0x0000000008005a64       0x48 ./Middlewares/Third_Party/FreeRTOS/Source/tasks.o
                0x0000000008005a64                vTaskPlaceOnEventList
 .text.vTaskPlaceOnEventListRestricted
                0x0000000008005aac       0x58 ./Middlewares/Third_Party/FreeRTOS/Source/tasks.o
                0x0000000008005aac                vTaskPlaceOnEventListRestricted
 .text.xTaskRemoveFromEventList
                0x0000000008005b04       0xc8 ./Middlewares/Third_Party/FreeRTOS/Source/tasks.o
                0x0000000008005b04                xTaskRemoveFromEventList
 .text.vTaskInternalSetTimeOutState
                0x0000000008005bcc       0x2c ./Middlewares/Third_Party/FreeRTOS/Source/tasks.o
                0x0000000008005bcc                vTaskInternalSetTimeOutState
 .text.xTaskCheckForTimeOut
                0x0000000008005bf8       0xc4 ./Middlewares/Third_Party/FreeRTOS/Source/tasks.o
                0x0000000008005bf8                xTaskCheckForTimeOut
 .text.vTaskMissedYield
                0x0000000008005cbc       0x18 ./Middlewares/Third_Party/FreeRTOS/Source/tasks.o
                0x0000000008005cbc                vTaskMissedYield
 .text.prvIdleTask
                0x0000000008005cd4       0x30 ./Middlewares/Third_Party/FreeRTOS/Source/tasks.o
 .text.prvInitialiseTaskLists
                0x0000000008005d04       0x80 ./Middlewares/Third_Party/FreeRTOS/Source/tasks.o
 .text.prvCheckTasksWaitingTermination
                0x0000000008005d84       0x5c ./Middlewares/Third_Party/FreeRTOS/Source/tasks.o
 .text.prvDeleteTCB
                0x0000000008005de0       0x68 ./Middlewares/Third_Party/FreeRTOS/Source/tasks.o
 .text.prvResetNextTaskUnblockTime
                0x0000000008005e48       0x40 ./Middlewares/Third_Party/FreeRTOS/Source/tasks.o
 .text.xTaskGetSchedulerState
                0x0000000008005e88       0x3c ./Middlewares/Third_Party/FreeRTOS/Source/tasks.o
                0x0000000008005e88                xTaskGetSchedulerState
 .text.xTaskPriorityDisinherit
                0x0000000008005ec4       0xdc ./Middlewares/Third_Party/FreeRTOS/Source/tasks.o
                0x0000000008005ec4                xTaskPriorityDisinherit
 .text.prvAddCurrentTaskToDelayedList
                0x0000000008005fa0       0xa8 ./Middlewares/Third_Party/FreeRTOS/Source/tasks.o
 .text.xTimerCreateTimerTask
                0x0000000008006048       0x90 ./Middlewares/Third_Party/FreeRTOS/Source/timers.o
                0x0000000008006048                xTimerCreateTimerTask
 .text.xTimerGenericCommand
                0x00000000080060d8       0x9c ./Middlewares/Third_Party/FreeRTOS/Source/timers.o
                0x00000000080060d8                xTimerGenericCommand
 .text.prvProcessExpiredTimer
                0x0000000008006174       0x98 ./Middlewares/Third_Party/FreeRTOS/Source/timers.o
 .text.prvTimerTask
                0x000000000800620c       0x24 ./Middlewares/Third_Party/FreeRTOS/Source/timers.o
 .text.prvProcessTimerOrBlockTask
                0x0000000008006230       0x9c ./Middlewares/Third_Party/FreeRTOS/Source/timers.o
 .text.prvGetNextExpireTime
                0x00000000080062cc       0x48 ./Middlewares/Third_Party/FreeRTOS/Source/timers.o
 .text.prvSampleTimeNow
                0x0000000008006314       0x40 ./Middlewares/Third_Party/FreeRTOS/Source/timers.o
 .text.prvInsertTimerInActiveList
                0x0000000008006354       0x84 ./Middlewares/Third_Party/FreeRTOS/Source/timers.o
 .text.prvProcessReceivedCommands
                0x00000000080063d8      0x1c4 ./Middlewares/Third_Party/FreeRTOS/Source/timers.o
 .text.prvSwitchTimerLists
                0x000000000800659c       0xc8 ./Middlewares/Third_Party/FreeRTOS/Source/timers.o
 .text.prvCheckForValidListAndQueue
                0x0000000008006664       0x80 ./Middlewares/Third_Party/FreeRTOS/Source/timers.o
 .text.pxPortInitialiseStack
                0x00000000080066e4       0x68 ./Middlewares/Third_Party/FreeRTOS/Source/portable/GCC/ARM_CM4F/port.o
                0x00000000080066e4                pxPortInitialiseStack
 .text.prvTaskExitError
                0x000000000800674c       0x58 ./Middlewares/Third_Party/FreeRTOS/Source/portable/GCC/ARM_CM4F/port.o
 *fill*         0x00000000080067a4        0xc 
 .text.SVC_Handler
                0x00000000080067b0       0x28 ./Middlewares/Third_Party/FreeRTOS/Source/portable/GCC/ARM_CM4F/port.o
                0x00000000080067b0                SVC_Handler
 .text.prvPortStartFirstTask
                0x00000000080067d8       0x28 ./Middlewares/Third_Party/FreeRTOS/Source/portable/GCC/ARM_CM4F/port.o
 .text.xPortStartScheduler
                0x0000000008006800      0x144 ./Middlewares/Third_Party/FreeRTOS/Source/portable/GCC/ARM_CM4F/port.o
                0x0000000008006800                xPortStartScheduler
 .text.vPortEnterCritical
                0x0000000008006944       0x60 ./Middlewares/Third_Party/FreeRTOS/Source/portable/GCC/ARM_CM4F/port.o
                0x0000000008006944                vPortEnterCritical
 .text.vPortExitCritical
                0x00000000080069a4       0x54 ./Middlewares/Third_Party/FreeRTOS/Source/portable/GCC/ARM_CM4F/port.o
                0x00000000080069a4                vPortExitCritical
 *fill*         0x00000000080069f8        0x8 
 .text.PendSV_Handler
                0x0000000008006a00       0x68 ./Middlewares/Third_Party/FreeRTOS/Source/portable/GCC/ARM_CM4F/port.o
                0x0000000008006a00                PendSV_Handler
 .text.xPortSysTickHandler
                0x0000000008006a68       0x44 ./Middlewares/Third_Party/FreeRTOS/Source/portable/GCC/ARM_CM4F/port.o
                0x0000000008006a68                xPortSysTickHandler
 .text.vPortSetupTimerInterrupt
                0x0000000008006aac       0x48 ./Middlewares/Third_Party/FreeRTOS/Source/portable/GCC/ARM_CM4F/port.o
                0x0000000008006aac                vPortSetupTimerInterrupt
 .text.vPortEnableVFP
                0x0000000008006af4       0x14 ./Middlewares/Third_Party/FreeRTOS/Source/portable/GCC/ARM_CM4F/port.o
 .text.vPortValidateInterruptPriority
                0x0000000008006b08       0x80 ./Middlewares/Third_Party/FreeRTOS/Source/portable/GCC/ARM_CM4F/port.o
                0x0000000008006b08                vPortValidateInterruptPriority
 .text.pvPortMalloc
                0x0000000008006b88      0x198 ./Middlewares/Third_Party/FreeRTOS/Source/portable/MemMang/heap_4.o
                0x0000000008006b88                pvPortMalloc
 .text.vPortFree
                0x0000000008006d20       0xc4 ./Middlewares/Third_Party/FreeRTOS/Source/portable/MemMang/heap_4.o
                0x0000000008006d20                vPortFree
 .text.prvHeapInit
                0x0000000008006de4       0xc4 ./Middlewares/Third_Party/FreeRTOS/Source/portable/MemMang/heap_4.o
 .text.prvInsertBlockIntoFreeList
                0x0000000008006ea8       0xb4 ./Middlewares/Third_Party/FreeRTOS/Source/portable/MemMang/heap_4.o
 .text.memset   0x0000000008006f5c       0x10 C:/ST/STM32CubeIDE_1.13.0/STM32CubeIDE/plugins/com.st.stm32cube.ide.mcu.externaltools.gnu-tools-for-stm32.11.3.rel1.win32_1.1.0.202305231506/tools/bin/../lib/gcc/arm-none-eabi/11.3.1/../../../../arm-none-eabi/lib/thumb/v7e-m+fp/hard\libc_nano.a(libc_a-memset.o)
                0x0000000008006f5c                memset
 .text._reclaim_reent
                0x0000000008006f6c       0xac C:/ST/STM32CubeIDE_1.13.0/STM32CubeIDE/plugins/com.st.stm32cube.ide.mcu.externaltools.gnu-tools-for-stm32.11.3.rel1.win32_1.1.0.202305231506/tools/bin/../lib/gcc/arm-none-eabi/11.3.1/../../../../arm-none-eabi/lib/thumb/v7e-m+fp/hard\libc_nano.a(libc_a-reent.o)
                0x0000000008006f6c                _reclaim_reent
 .text.__libc_init_array
                0x0000000008007018       0x48 C:/ST/STM32CubeIDE_1.13.0/STM32CubeIDE/plugins/com.st.stm32cube.ide.mcu.externaltools.gnu-tools-for-stm32.11.3.rel1.win32_1.1.0.202305231506/tools/bin/../lib/gcc/arm-none-eabi/11.3.1/../../../../arm-none-eabi/lib/thumb/v7e-m+fp/hard\libc_nano.a(libc_a-init.o)
                0x0000000008007018                __libc_init_array
 .text.__retarget_lock_acquire_recursive
                0x0000000008007060        0x2 C:/ST/STM32CubeIDE_1.13.0/STM32CubeIDE/plugins/com.st.stm32cube.ide.mcu.externaltools.gnu-tools-for-stm32.11.3.rel1.win32_1.1.0.202305231506/tools/bin/../lib/gcc/arm-none-eabi/11.3.1/../../../../arm-none-eabi/lib/thumb/v7e-m+fp/hard\libc_nano.a(libc_a-lock.o)
                0x0000000008007060                __retarget_lock_acquire_recursive
 .text.__retarget_lock_release_recursive
                0x0000000008007062        0x2 C:/ST/STM32CubeIDE_1.13.0/STM32CubeIDE/plugins/com.st.stm32cube.ide.mcu.externaltools.gnu-tools-for-stm32.11.3.rel1.win32_1.1.0.202305231506/tools/bin/../lib/gcc/arm-none-eabi/11.3.1/../../../../arm-none-eabi/lib/thumb/v7e-m+fp/hard\libc_nano.a(libc_a-lock.o)
                0x0000000008007062                __retarget_lock_release_recursive
 .text.memcpy   0x0000000008007064       0x1c C:/ST/STM32CubeIDE_1.13.0/STM32CubeIDE/plugins/com.st.stm32cube.ide.mcu.externaltools.gnu-tools-for-stm32.11.3.rel1.win32_1.1.0.202305231506/tools/bin/../lib/gcc/arm-none-eabi/11.3.1/../../../../arm-none-eabi/lib/thumb/v7e-m+fp/hard\libc_nano.a(libc_a-memcpy-stub.o)
                0x0000000008007064                memcpy
 .text._free_r  0x0000000008007080       0x98 C:/ST/STM32CubeIDE_1.13.0/STM32CubeIDE/plugins/com.st.stm32cube.ide.mcu.externaltools.gnu-tools-for-stm32.11.3.rel1.win32_1.1.0.202305231506/tools/bin/../lib/gcc/arm-none-eabi/11.3.1/../../../../arm-none-eabi/lib/thumb/v7e-m+fp/hard\libc_nano.a(libc_a-freer.o)
                0x0000000008007080                _free_r
 .text.__malloc_lock
                0x0000000008007118        0xc C:/ST/STM32CubeIDE_1.13.0/STM32CubeIDE/plugins/com.st.stm32cube.ide.mcu.externaltools.gnu-tools-for-stm32.11.3.rel1.win32_1.1.0.202305231506/tools/bin/../lib/gcc/arm-none-eabi/11.3.1/../../../../arm-none-eabi/lib/thumb/v7e-m+fp/hard\libc_nano.a(libc_a-mlock.o)
                0x0000000008007118                __malloc_lock
 .text.__malloc_unlock
                0x0000000008007124        0xc C:/ST/STM32CubeIDE_1.13.0/STM32CubeIDE/plugins/com.st.stm32cube.ide.mcu.externaltools.gnu-tools-for-stm32.11.3.rel1.win32_1.1.0.202305231506/tools/bin/../lib/gcc/arm-none-eabi/11.3.1/../../../../arm-none-eabi/lib/thumb/v7e-m+fp/hard\libc_nano.a(libc_a-mlock.o)
                0x0000000008007124                __malloc_unlock
 *(.glue_7)
 .glue_7        0x0000000008007130        0x0 linker stubs
 *(.glue_7t)
 .glue_7t       0x0000000008007130        0x0 linker stubs
 *(.eh_frame)
 .eh_frame      0x0000000008007130        0x0 C:/ST/STM32CubeIDE_1.13.0/STM32CubeIDE/plugins/com.st.stm32cube.ide.mcu.externaltools.gnu-tools-for-stm32.11.3.rel1.win32_1.1.0.202305231506/tools/bin/../lib/gcc/arm-none-eabi/11.3.1/thumb/v7e-m+fp/hard/crtbegin.o
 *(.init)
 .init          0x0000000008007130        0x4 C:/ST/STM32CubeIDE_1.13.0/STM32CubeIDE/plugins/com.st.stm32cube.ide.mcu.externaltools.gnu-tools-for-stm32.11.3.rel1.win32_1.1.0.202305231506/tools/bin/../lib/gcc/arm-none-eabi/11.3.1/thumb/v7e-m+fp/hard/crti.o
                0x0000000008007130                _init
 .init          0x0000000008007134        0x8 C:/ST/STM32CubeIDE_1.13.0/STM32CubeIDE/plugins/com.st.stm32cube.ide.mcu.externaltools.gnu-tools-for-stm32.11.3.rel1.win32_1.1.0.202305231506/tools/bin/../lib/gcc/arm-none-eabi/11.3.1/thumb/v7e-m+fp/hard/crtn.o
 *(.fini)
 .fini          0x000000000800713c        0x4 C:/ST/STM32CubeIDE_1.13.0/STM32CubeIDE/plugins/com.st.stm32cube.ide.mcu.externaltools.gnu-tools-for-stm32.11.3.rel1.win32_1.1.0.202305231506/tools/bin/../lib/gcc/arm-none-eabi/11.3.1/thumb/v7e-m+fp/hard/crti.o
                0x000000000800713c                _fini
 .fini          0x0000000008007140        0x8 C:/ST/STM32CubeIDE_1.13.0/STM32CubeIDE/plugins/com.st.stm32cube.ide.mcu.externaltools.gnu-tools-for-stm32.11.3.rel1.win32_1.1.0.202305231506/tools/bin/../lib/gcc/arm-none-eabi/11.3.1/thumb/v7e-m+fp/hard/crtn.o
                0x0000000008007148                . = ALIGN (0x4)
                0x0000000008007148                _etext = .

.vfp11_veneer   0x0000000008007148        0x0
 .vfp11_veneer  0x0000000008007148        0x0 linker stubs

.v4_bx          0x0000000008007148        0x0
 .v4_bx         0x0000000008007148        0x0 linker stubs

.iplt           0x0000000008007148        0x0
 .iplt          0x0000000008007148        0x0 C:/ST/STM32CubeIDE_1.13.0/STM32CubeIDE/plugins/com.st.stm32cube.ide.mcu.externaltools.gnu-tools-for-stm32.11.3.rel1.win32_1.1.0.202305231506/tools/bin/../lib/gcc/arm-none-eabi/11.3.1/thumb/v7e-m+fp/hard/crtbegin.o

.rodata         0x0000000008007148      0x164
                0x0000000008007148                . = ALIGN (0x4)
 *(.rodata)
 .rodata        0x0000000008007148        0x9 ./Core/Src/SEGGER_RTT.o
 *fill*         0x0000000008007151        0x3 
 .rodata        0x0000000008007154       0x91 ./Core/Src/main.o
 *fill*         0x00000000080071e5        0x3 
 .rodata        0x00000000080071e8       0x30 ./Middlewares/Third_Party/FreeRTOS/Source/tasks.o
 .rodata        0x0000000008007218        0xd ./Middlewares/Third_Party/FreeRTOS/Source/timers.o
 *(.rodata*)
 *fill*         0x0000000008007225        0x3 
 .rodata._aInitStr.0
                0x0000000008007228       0x11 ./Core/Src/SEGGER_RTT.o
 *fill*         0x0000000008007239        0x3 
 .rodata._aV2C.0
                0x000000000800723c       0x10 ./Core/Src/SEGGER_RTT_printf.o
 .rodata.TransmitterTask_attributes
                0x000000000800724c       0x24 ./Core/Src/main.o
                0x000000000800724c                TransmitterTask_attributes
 .rodata.ReceiverTask_attributes
                0x0000000008007270       0x24 ./Core/Src/main.o
                0x0000000008007270                ReceiverTask_attributes
 .rodata.AHBPrescTable
                0x0000000008007294       0x10 ./Core/Src/system_stm32f4xx.o
                0x0000000008007294                AHBPrescTable
 .rodata.APBPrescTable
                0x00000000080072a4        0x8 ./Core/Src/system_stm32f4xx.o
                0x00000000080072a4                APBPrescTable
                0x00000000080072ac                . = ALIGN (0x4)

.ARM.extab      0x00000000080072ac        0x0
                0x00000000080072ac                . = ALIGN (0x4)
 *(.ARM.extab* .gnu.linkonce.armextab.*)
                0x00000000080072ac                . = ALIGN (0x4)

.ARM            0x00000000080072ac        0x8
                0x00000000080072ac                . = ALIGN (0x4)
                0x00000000080072ac                __exidx_start = .
 *(.ARM.exidx*)
 .ARM.exidx     0x00000000080072ac        0x8 C:/ST/STM32CubeIDE_1.13.0/STM32CubeIDE/plugins/com.st.stm32cube.ide.mcu.externaltools.gnu-tools-for-stm32.11.3.rel1.win32_1.1.0.202305231506/tools/bin/../lib/gcc/arm-none-eabi/11.3.1/thumb/v7e-m+fp/hard\libgcc.a(_udivmoddi4.o)
                0x00000000080072b4                __exidx_end = .
                0x00000000080072b4                . = ALIGN (0x4)

.rel.dyn        0x00000000080072b4        0x0
 .rel.iplt      0x00000000080072b4        0x0 C:/ST/STM32CubeIDE_1.13.0/STM32CubeIDE/plugins/com.st.stm32cube.ide.mcu.externaltools.gnu-tools-for-stm32.11.3.rel1.win32_1.1.0.202305231506/tools/bin/../lib/gcc/arm-none-eabi/11.3.1/thumb/v7e-m+fp/hard/crtbegin.o

.preinit_array  0x00000000080072b4        0x0
                0x00000000080072b4                . = ALIGN (0x4)
                0x00000000080072b4                PROVIDE (__preinit_array_start = .)
 *(.preinit_array*)
                0x00000000080072b4                PROVIDE (__preinit_array_end = .)
                0x00000000080072b4                . = ALIGN (0x4)

.init_array     0x00000000080072b4        0x4
                0x00000000080072b4                . = ALIGN (0x4)
                0x00000000080072b4                PROVIDE (__init_array_start = .)
 *(SORT_BY_NAME(.init_array.*))
 *(.init_array*)
 .init_array    0x00000000080072b4        0x4 C:/ST/STM32CubeIDE_1.13.0/STM32CubeIDE/plugins/com.st.stm32cube.ide.mcu.externaltools.gnu-tools-for-stm32.11.3.rel1.win32_1.1.0.202305231506/tools/bin/../lib/gcc/arm-none-eabi/11.3.1/thumb/v7e-m+fp/hard/crtbegin.o
                0x00000000080072b8                PROVIDE (__init_array_end = .)
                0x00000000080072b8                . = ALIGN (0x4)

.fini_array     0x00000000080072b8        0x4
                0x00000000080072b8                . = ALIGN (0x4)
                [!provide]                        PROVIDE (__fini_array_start = .)
 *(SORT_BY_NAME(.fini_array.*))
 *(.fini_array*)
 .fini_array    0x00000000080072b8        0x4 C:/ST/STM32CubeIDE_1.13.0/STM32CubeIDE/plugins/com.st.stm32cube.ide.mcu.externaltools.gnu-tools-for-stm32.11.3.rel1.win32_1.1.0.202305231506/tools/bin/../lib/gcc/arm-none-eabi/11.3.1/thumb/v7e-m+fp/hard/crtbegin.o
                [!provide]                        PROVIDE (__fini_array_end = .)
                0x00000000080072bc                . = ALIGN (0x4)
                0x00000000080072bc                _sidata = LOADADDR (.data)

.data           0x0000000020000000       0x60 load address 0x00000000080072bc
                0x0000000020000000                . = ALIGN (0x4)
                0x0000000020000000                _sdata = .
 *(.data)
 *(.data*)
 .data.SystemCoreClock
                0x0000000020000000        0x4 ./Core/Src/system_stm32f4xx.o
                0x0000000020000000                SystemCoreClock
 .data.uwTickPrio
                0x0000000020000004        0x4 ./Drivers/STM32F4xx_HAL_Driver/Src/stm32f4xx_hal.o
                0x0000000020000004                uwTickPrio
 .data.uwTickFreq
                0x0000000020000008        0x1 ./Drivers/STM32F4xx_HAL_Driver/Src/stm32f4xx_hal.o
                0x0000000020000008                uwTickFreq
 *fill*         0x0000000020000009        0x3 
 .data.uxCriticalNesting
                0x000000002000000c        0x4 ./Middlewares/Third_Party/FreeRTOS/Source/portable/GCC/ARM_CM4F/port.o
 .data._impure_data
                0x0000000020000010       0x4c C:/ST/STM32CubeIDE_1.13.0/STM32CubeIDE/plugins/com.st.stm32cube.ide.mcu.externaltools.gnu-tools-for-stm32.11.3.rel1.win32_1.1.0.202305231506/tools/bin/../lib/gcc/arm-none-eabi/11.3.1/../../../../arm-none-eabi/lib/thumb/v7e-m+fp/hard\libc_nano.a(libc_a-impure.o)
                0x0000000020000010                _impure_data
 .data._impure_ptr
                0x000000002000005c        0x4 C:/ST/STM32CubeIDE_1.13.0/STM32CubeIDE/plugins/com.st.stm32cube.ide.mcu.externaltools.gnu-tools-for-stm32.11.3.rel1.win32_1.1.0.202305231506/tools/bin/../lib/gcc/arm-none-eabi/11.3.1/../../../../arm-none-eabi/lib/thumb/v7e-m+fp/hard\libc_nano.a(libc_a-impure.o)
                0x000000002000005c                _impure_ptr
 *(.RamFunc)
 *(.RamFunc*)
                0x0000000020000060                . = ALIGN (0x4)
                0x0000000020000060                _edata = .
                0x000000000800731c                _siccmram = LOADADDR (.ccmram)

.igot.plt       0x0000000020000060        0x0 load address 0x000000000800731c
 .igot.plt      0x0000000020000060        0x0 C:/ST/STM32CubeIDE_1.13.0/STM32CubeIDE/plugins/com.st.stm32cube.ide.mcu.externaltools.gnu-tools-for-stm32.11.3.rel1.win32_1.1.0.202305231506/tools/bin/../lib/gcc/arm-none-eabi/11.3.1/thumb/v7e-m+fp/hard/crtbegin.o

.ccmram         0x0000000010000000        0x0 load address 0x000000000800731c
                0x0000000010000000                . = ALIGN (0x4)
                0x0000000010000000                _sccmram = .
 *(.ccmram)
 *(.ccmram*)
                0x0000000010000000                . = ALIGN (0x4)
                0x0000000010000000                _eccmram = .
                0x0000000010000000                . = ALIGN (0x4)

.bss            0x0000000020000060     0x57e4
                0x0000000020000060                _sbss = .
                0x0000000020000060                __bss_start__ = _sbss
 *(.bss)
 .bss           0x0000000020000060       0x1c C:/ST/STM32CubeIDE_1.13.0/STM32CubeIDE/plugins/com.st.stm32cube.ide.mcu.externaltools.gnu-tools-for-stm32.11.3.rel1.win32_1.1.0.202305231506/tools/bin/../lib/gcc/arm-none-eabi/11.3.1/thumb/v7e-m+fp/hard/crtbegin.o
 *(.bss*)
 .bss._SEGGER_RTT
                0x000000002000007c       0xa8 ./Core/Src/SEGGER_RTT.o
                0x000000002000007c                _SEGGER_RTT
 .bss._acUpBuffer
                0x0000000020000124      0x400 ./Core/Src/SEGGER_RTT.o
 .bss._acDownBuffer
                0x0000000020000524       0x10 ./Core/Src/SEGGER_RTT.o
 .bss.TxConfig  0x0000000020000534       0x38 ./Core/Src/main.o
                0x0000000020000534                TxConfig
 .bss.DMARxDscrTab
                0x000000002000056c       0xa0 ./Core/Src/main.o
                0x000000002000056c                DMARxDscrTab
 .bss.DMATxDscrTab
                0x000000002000060c       0xa0 ./Core/Src/main.o
                0x000000002000060c                DMATxDscrTab
 .bss.heth      0x00000000200006ac       0xb0 ./Core/Src/main.o
                0x00000000200006ac                heth
 .bss.huart3    0x000000002000075c       0x44 ./Core/Src/main.o
                0x000000002000075c                huart3
 .bss.hpcd_USB_OTG_FS
                0x00000000200007a0      0x50c ./Core/Src/main.o
                0x00000000200007a0                hpcd_USB_OTG_FS
 .bss.myQueue   0x0000000020000cac        0x4 ./Core/Src/main.o
                0x0000000020000cac                myQueue
 .bss.TransmitterTaskHandle
                0x0000000020000cb0        0x4 ./Core/Src/main.o
                0x0000000020000cb0                TransmitterTaskHandle
 .bss.ReceiverTaskHandle
                0x0000000020000cb4        0x4 ./Core/Src/main.o
                0x0000000020000cb4                ReceiverTaskHandle
 .bss.MACAddr.0
                0x0000000020000cb8        0x6 ./Core/Src/main.o
 *fill*         0x0000000020000cbe        0x2 
 .bss.htim6     0x0000000020000cc0       0x48 ./Core/Src/stm32f4xx_hal_timebase_tim.o
                0x0000000020000cc0                htim6
 .bss.uwTick    0x0000000020000d08        0x4 ./Drivers/STM32F4xx_HAL_Driver/Src/stm32f4xx_hal.o
                0x0000000020000d08                uwTick
 .bss.KernelState
                0x0000000020000d0c        0x4 ./Middlewares/Third_Party/FreeRTOS/Source/CMSIS_RTOS_V2/cmsis_os2.o
 .bss.Idle_TCB.3
                0x0000000020000d10       0xac ./Middlewares/Third_Party/FreeRTOS/Source/CMSIS_RTOS_V2/cmsis_os2.o
 .bss.Idle_Stack.2
                0x0000000020000dbc      0x200 ./Middlewares/Third_Party/FreeRTOS/Source/CMSIS_RTOS_V2/cmsis_os2.o
 .bss.Timer_TCB.1
                0x0000000020000fbc       0xac ./Middlewares/Third_Party/FreeRTOS/Source/CMSIS_RTOS_V2/cmsis_os2.o
 .bss.Timer_Stack.0
                0x0000000020001068      0x400 ./Middlewares/Third_Party/FreeRTOS/Source/CMSIS_RTOS_V2/cmsis_os2.o
 .bss.xQueueRegistry
                0x0000000020001468       0x40 ./Middlewares/Third_Party/FreeRTOS/Source/queue.o
                0x0000000020001468                xQueueRegistry
 .bss.pxCurrentTCB
                0x00000000200014a8        0x4 ./Middlewares/Third_Party/FreeRTOS/Source/tasks.o
                0x00000000200014a8                pxCurrentTCB
 .bss.pxReadyTasksLists
                0x00000000200014ac      0x460 ./Middlewares/Third_Party/FreeRTOS/Source/tasks.o
 .bss.xDelayedTaskList1
                0x000000002000190c       0x14 ./Middlewares/Third_Party/FreeRTOS/Source/tasks.o
 .bss.xDelayedTaskList2
                0x0000000020001920       0x14 ./Middlewares/Third_Party/FreeRTOS/Source/tasks.o
 .bss.pxDelayedTaskList
                0x0000000020001934        0x4 ./Middlewares/Third_Party/FreeRTOS/Source/tasks.o
 .bss.pxOverflowDelayedTaskList
                0x0000000020001938        0x4 ./Middlewares/Third_Party/FreeRTOS/Source/tasks.o
 .bss.xPendingReadyList
                0x000000002000193c       0x14 ./Middlewares/Third_Party/FreeRTOS/Source/tasks.o
 .bss.xTasksWaitingTermination
                0x0000000020001950       0x14 ./Middlewares/Third_Party/FreeRTOS/Source/tasks.o
 .bss.uxDeletedTasksWaitingCleanUp
                0x0000000020001964        0x4 ./Middlewares/Third_Party/FreeRTOS/Source/tasks.o
 .bss.xSuspendedTaskList
                0x0000000020001968       0x14 ./Middlewares/Third_Party/FreeRTOS/Source/tasks.o
 .bss.uxCurrentNumberOfTasks
                0x000000002000197c        0x4 ./Middlewares/Third_Party/FreeRTOS/Source/tasks.o
 .bss.xTickCount
                0x0000000020001980        0x4 ./Middlewares/Third_Party/FreeRTOS/Source/tasks.o
 .bss.uxTopReadyPriority
                0x0000000020001984        0x4 ./Middlewares/Third_Party/FreeRTOS/Source/tasks.o
 .bss.xSchedulerRunning
                0x0000000020001988        0x4 ./Middlewares/Third_Party/FreeRTOS/Source/tasks.o
 .bss.xPendedTicks
                0x000000002000198c        0x4 ./Middlewares/Third_Party/FreeRTOS/Source/tasks.o
 .bss.xYieldPending
                0x0000000020001990        0x4 ./Middlewares/Third_Party/FreeRTOS/Source/tasks.o
 .bss.xNumOfOverflows
                0x0000000020001994        0x4 ./Middlewares/Third_Party/FreeRTOS/Source/tasks.o
 .bss.uxTaskNumber
                0x0000000020001998        0x4 ./Middlewares/Third_Party/FreeRTOS/Source/tasks.o
 .bss.xNextTaskUnblockTime
                0x000000002000199c        0x4 ./Middlewares/Third_Party/FreeRTOS/Source/tasks.o
 .bss.xIdleTaskHandle
                0x00000000200019a0        0x4 ./Middlewares/Third_Party/FreeRTOS/Source/tasks.o
 .bss.uxSchedulerSuspended
                0x00000000200019a4        0x4 ./Middlewares/Third_Party/FreeRTOS/Source/tasks.o
 .bss.ulTaskSwitchedInTime
                0x00000000200019a8        0x4 ./Middlewares/Third_Party/FreeRTOS/Source/tasks.o
 .bss.ulTotalRunTime
                0x00000000200019ac        0x4 ./Middlewares/Third_Party/FreeRTOS/Source/tasks.o
 .bss.xActiveTimerList1
                0x00000000200019b0       0x14 ./Middlewares/Third_Party/FreeRTOS/Source/timers.o
 .bss.xActiveTimerList2
                0x00000000200019c4       0x14 ./Middlewares/Third_Party/FreeRTOS/Source/timers.o
 .bss.pxCurrentTimerList
                0x00000000200019d8        0x4 ./Middlewares/Third_Party/FreeRTOS/Source/timers.o
 .bss.pxOverflowTimerList
                0x00000000200019dc        0x4 ./Middlewares/Third_Party/FreeRTOS/Source/timers.o
 .bss.xTimerQueue
                0x00000000200019e0        0x4 ./Middlewares/Third_Party/FreeRTOS/Source/timers.o
 .bss.xTimerTaskHandle
                0x00000000200019e4        0x4 ./Middlewares/Third_Party/FreeRTOS/Source/timers.o
 .bss.xLastTime.2
                0x00000000200019e8        0x4 ./Middlewares/Third_Party/FreeRTOS/Source/timers.o
 .bss.ucStaticTimerQueueStorage.1
                0x00000000200019ec       0xa0 ./Middlewares/Third_Party/FreeRTOS/Source/timers.o
 .bss.xStaticTimerQueue.0
                0x0000000020001a8c       0x50 ./Middlewares/Third_Party/FreeRTOS/Source/timers.o
 .bss.ucMaxSysCallPriority
                0x0000000020001adc        0x1 ./Middlewares/Third_Party/FreeRTOS/Source/portable/GCC/ARM_CM4F/port.o
 *fill*         0x0000000020001add        0x3 
 .bss.ulMaxPRIGROUPValue
                0x0000000020001ae0        0x4 ./Middlewares/Third_Party/FreeRTOS/Source/portable/GCC/ARM_CM4F/port.o
 .bss.ucHeap    0x0000000020001ae4     0x3c00 ./Middlewares/Third_Party/FreeRTOS/Source/portable/MemMang/heap_4.o
 .bss.xStart    0x00000000200056e4        0x8 ./Middlewares/Third_Party/FreeRTOS/Source/portable/MemMang/heap_4.o
 .bss.pxEnd     0x00000000200056ec        0x4 ./Middlewares/Third_Party/FreeRTOS/Source/portable/MemMang/heap_4.o
 .bss.xFreeBytesRemaining
                0x00000000200056f0        0x4 ./Middlewares/Third_Party/FreeRTOS/Source/portable/MemMang/heap_4.o
 .bss.xMinimumEverFreeBytesRemaining
                0x00000000200056f4        0x4 ./Middlewares/Third_Party/FreeRTOS/Source/portable/MemMang/heap_4.o
 .bss.xNumberOfSuccessfulAllocations
                0x00000000200056f8        0x4 ./Middlewares/Third_Party/FreeRTOS/Source/portable/MemMang/heap_4.o
 .bss.xNumberOfSuccessfulFrees
                0x00000000200056fc        0x4 ./Middlewares/Third_Party/FreeRTOS/Source/portable/MemMang/heap_4.o
 .bss.xBlockAllocatedBit
                0x0000000020005700        0x4 ./Middlewares/Third_Party/FreeRTOS/Source/portable/MemMang/heap_4.o
 .bss.__sf      0x0000000020005704      0x138 C:/ST/STM32CubeIDE_1.13.0/STM32CubeIDE/plugins/com.st.stm32cube.ide.mcu.externaltools.gnu-tools-for-stm32.11.3.rel1.win32_1.1.0.202305231506/tools/bin/../lib/gcc/arm-none-eabi/11.3.1/../../../../arm-none-eabi/lib/thumb/v7e-m+fp/hard\libc_nano.a(libc_a-findfp.o)
                0x0000000020005704                __sf
 .bss.__lock___malloc_recursive_mutex
                0x000000002000583c        0x1 C:/ST/STM32CubeIDE_1.13.0/STM32CubeIDE/plugins/com.st.stm32cube.ide.mcu.externaltools.gnu-tools-for-stm32.11.3.rel1.win32_1.1.0.202305231506/tools/bin/../lib/gcc/arm-none-eabi/11.3.1/../../../../arm-none-eabi/lib/thumb/v7e-m+fp/hard\libc_nano.a(libc_a-lock.o)
                0x000000002000583c                __lock___malloc_recursive_mutex
 *fill*         0x000000002000583d        0x3 
 .bss.__malloc_free_list
                0x0000000020005840        0x4 C:/ST/STM32CubeIDE_1.13.0/STM32CubeIDE/plugins/com.st.stm32cube.ide.mcu.externaltools.gnu-tools-for-stm32.11.3.rel1.win32_1.1.0.202305231506/tools/bin/../lib/gcc/arm-none-eabi/11.3.1/../../../../arm-none-eabi/lib/thumb/v7e-m+fp/hard\libc_nano.a(libc_a-mallocr.o)
                0x0000000020005840                __malloc_free_list
 *(COMMON)
                0x0000000020005844                . = ALIGN (0x4)
                0x0000000020005844                _ebss = .
                0x0000000020005844                __bss_end__ = _ebss

._user_heap_stack
                0x0000000020005844      0x604
                0x0000000020005848                . = ALIGN (0x8)
 *fill*         0x0000000020005844        0x4 
                [!provide]                        PROVIDE (end = .)
                0x0000000020005848                PROVIDE (_end = .)
                0x0000000020005a48                . = (. + _Min_Heap_Size)
 *fill*         0x0000000020005848      0x200 
                0x0000000020005e48                . = (. + _Min_Stack_Size)
 *fill*         0x0000000020005a48      0x400 
                0x0000000020005e48                . = ALIGN (0x8)

/DISCARD/
 libc.a(*)
 libm.a(*)
 libgcc.a(*)

.ARM.attributes
                0x0000000000000000       0x30
 *(.ARM.attributes)
 .ARM.attributes
                0x0000000000000000       0x1e C:/ST/STM32CubeIDE_1.13.0/STM32CubeIDE/plugins/com.st.stm32cube.ide.mcu.externaltools.gnu-tools-for-stm32.11.3.rel1.win32_1.1.0.202305231506/tools/bin/../lib/gcc/arm-none-eabi/11.3.1/thumb/v7e-m+fp/hard/crti.o
 .ARM.attributes
                0x000000000000001e       0x34 C:/ST/STM32CubeIDE_1.13.0/STM32CubeIDE/plugins/com.st.stm32cube.ide.mcu.externaltools.gnu-tools-for-stm32.11.3.rel1.win32_1.1.0.202305231506/tools/bin/../lib/gcc/arm-none-eabi/11.3.1/thumb/v7e-m+fp/hard/crtbegin.o
 .ARM.attributes
                0x0000000000000052       0x34 ./Core/Src/SEGGER_RTT.o
 .ARM.attributes
                0x0000000000000086       0x34 ./Core/Src/SEGGER_RTT_printf.o
 .ARM.attributes
                0x00000000000000ba       0x34 ./Core/Src/freertos.o
 .ARM.attributes
                0x00000000000000ee       0x34 ./Core/Src/main.o
 .ARM.attributes
                0x0000000000000122       0x34 ./Core/Src/stm32f4xx_hal_msp.o
 .ARM.attributes
                0x0000000000000156       0x34 ./Core/Src/stm32f4xx_hal_timebase_tim.o
 .ARM.attributes
                0x000000000000018a       0x34 ./Core/Src/stm32f4xx_it.o
 .ARM.attributes
                0x00000000000001be       0x34 ./Core/Src/system_stm32f4xx.o
 .ARM.attributes
                0x00000000000001f2       0x21 ./Core/Startup/startup_stm32f429zitx.o
 .ARM.attributes
                0x0000000000000213       0x34 ./Drivers/STM32F4xx_HAL_Driver/Src/stm32f4xx_hal.o
 .ARM.attributes
                0x0000000000000247       0x34 ./Drivers/STM32F4xx_HAL_Driver/Src/stm32f4xx_hal_cortex.o
 .ARM.attributes
                0x000000000000027b       0x34 ./Drivers/STM32F4xx_HAL_Driver/Src/stm32f4xx_hal_eth.o
 .ARM.attributes
                0x00000000000002af       0x34 ./Drivers/STM32F4xx_HAL_Driver/Src/stm32f4xx_hal_gpio.o
 .ARM.attributes
                0x00000000000002e3       0x34 ./Drivers/STM32F4xx_HAL_Driver/Src/stm32f4xx_hal_pcd.o
 .ARM.attributes
                0x0000000000000317       0x34 ./Drivers/STM32F4xx_HAL_Driver/Src/stm32f4xx_hal_rcc.o
 .ARM.attributes
                0x000000000000034b       0x34 ./Drivers/STM32F4xx_HAL_Driver/Src/stm32f4xx_hal_tim.o
 .ARM.attributes
                0x000000000000037f       0x34 ./Drivers/STM32F4xx_HAL_Driver/Src/stm32f4xx_hal_tim_ex.o
 .ARM.attributes
                0x00000000000003b3       0x34 ./Drivers/STM32F4xx_HAL_Driver/Src/stm32f4xx_hal_uart.o
 .ARM.attributes
                0x00000000000003e7       0x34 ./Drivers/STM32F4xx_HAL_Driver/Src/stm32f4xx_ll_usb.o
 .ARM.attributes
                0x000000000000041b       0x34 ./Middlewares/Third_Party/FreeRTOS/Source/CMSIS_RTOS_V2/cmsis_os2.o
 .ARM.attributes
                0x000000000000044f       0x34 ./Middlewares/Third_Party/FreeRTOS/Source/list.o
 .ARM.attributes
                0x0000000000000483       0x34 ./Middlewares/Third_Party/FreeRTOS/Source/queue.o
 .ARM.attributes
                0x00000000000004b7       0x34 ./Middlewares/Third_Party/FreeRTOS/Source/tasks.o
 .ARM.attributes
                0x00000000000004eb       0x34 ./Middlewares/Third_Party/FreeRTOS/Source/timers.o
 .ARM.attributes
                0x000000000000051f       0x34 ./Middlewares/Third_Party/FreeRTOS/Source/portable/GCC/ARM_CM4F/port.o
 .ARM.attributes
                0x0000000000000553       0x34 ./Middlewares/Third_Party/FreeRTOS/Source/portable/MemMang/heap_4.o
 .ARM.attributes
                0x0000000000000587       0x34 C:/ST/STM32CubeIDE_1.13.0/STM32CubeIDE/plugins/com.st.stm32cube.ide.mcu.externaltools.gnu-tools-for-stm32.11.3.rel1.win32_1.1.0.202305231506/tools/bin/../lib/gcc/arm-none-eabi/11.3.1/../../../../arm-none-eabi/lib/thumb/v7e-m+fp/hard\libc_nano.a(libc_a-findfp.o)
 .ARM.attributes
                0x00000000000005bb       0x34 C:/ST/STM32CubeIDE_1.13.0/STM32CubeIDE/plugins/com.st.stm32cube.ide.mcu.externaltools.gnu-tools-for-stm32.11.3.rel1.win32_1.1.0.202305231506/tools/bin/../lib/gcc/arm-none-eabi/11.3.1/../../../../arm-none-eabi/lib/thumb/v7e-m+fp/hard\libc_nano.a(libc_a-memset.o)
 .ARM.attributes
                0x00000000000005ef       0x34 C:/ST/STM32CubeIDE_1.13.0/STM32CubeIDE/plugins/com.st.stm32cube.ide.mcu.externaltools.gnu-tools-for-stm32.11.3.rel1.win32_1.1.0.202305231506/tools/bin/../lib/gcc/arm-none-eabi/11.3.1/../../../../arm-none-eabi/lib/thumb/v7e-m+fp/hard\libc_nano.a(libc_a-reent.o)
 .ARM.attributes
                0x0000000000000623       0x34 C:/ST/STM32CubeIDE_1.13.0/STM32CubeIDE/plugins/com.st.stm32cube.ide.mcu.externaltools.gnu-tools-for-stm32.11.3.rel1.win32_1.1.0.202305231506/tools/bin/../lib/gcc/arm-none-eabi/11.3.1/../../../../arm-none-eabi/lib/thumb/v7e-m+fp/hard\libc_nano.a(libc_a-impure.o)
 .ARM.attributes
                0x0000000000000657       0x34 C:/ST/STM32CubeIDE_1.13.0/STM32CubeIDE/plugins/com.st.stm32cube.ide.mcu.externaltools.gnu-tools-for-stm32.11.3.rel1.win32_1.1.0.202305231506/tools/bin/../lib/gcc/arm-none-eabi/11.3.1/../../../../arm-none-eabi/lib/thumb/v7e-m+fp/hard\libc_nano.a(libc_a-init.o)
 .ARM.attributes
                0x000000000000068b       0x34 C:/ST/STM32CubeIDE_1.13.0/STM32CubeIDE/plugins/com.st.stm32cube.ide.mcu.externaltools.gnu-tools-for-stm32.11.3.rel1.win32_1.1.0.202305231506/tools/bin/../lib/gcc/arm-none-eabi/11.3.1/../../../../arm-none-eabi/lib/thumb/v7e-m+fp/hard\libc_nano.a(libc_a-lock.o)
 .ARM.attributes
                0x00000000000006bf       0x34 C:/ST/STM32CubeIDE_1.13.0/STM32CubeIDE/plugins/com.st.stm32cube.ide.mcu.externaltools.gnu-tools-for-stm32.11.3.rel1.win32_1.1.0.202305231506/tools/bin/../lib/gcc/arm-none-eabi/11.3.1/../../../../arm-none-eabi/lib/thumb/v7e-m+fp/hard\libc_nano.a(libc_a-memcpy-stub.o)
 .ARM.attributes
                0x00000000000006f3       0x34 C:/ST/STM32CubeIDE_1.13.0/STM32CubeIDE/plugins/com.st.stm32cube.ide.mcu.externaltools.gnu-tools-for-stm32.11.3.rel1.win32_1.1.0.202305231506/tools/bin/../lib/gcc/arm-none-eabi/11.3.1/../../../../arm-none-eabi/lib/thumb/v7e-m+fp/hard\libc_nano.a(libc_a-freer.o)
 .ARM.attributes
                0x0000000000000727       0x34 C:/ST/STM32CubeIDE_1.13.0/STM32CubeIDE/plugins/com.st.stm32cube.ide.mcu.externaltools.gnu-tools-for-stm32.11.3.rel1.win32_1.1.0.202305231506/tools/bin/../lib/gcc/arm-none-eabi/11.3.1/../../../../arm-none-eabi/lib/thumb/v7e-m+fp/hard\libc_nano.a(libc_a-mallocr.o)
 .ARM.attributes
                0x000000000000075b       0x34 C:/ST/STM32CubeIDE_1.13.0/STM32CubeIDE/plugins/com.st.stm32cube.ide.mcu.externaltools.gnu-tools-for-stm32.11.3.rel1.win32_1.1.0.202305231506/tools/bin/../lib/gcc/arm-none-eabi/11.3.1/../../../../arm-none-eabi/lib/thumb/v7e-m+fp/hard\libc_nano.a(libc_a-mlock.o)
 .ARM.attributes
                0x000000000000078f       0x1e C:/ST/STM32CubeIDE_1.13.0/STM32CubeIDE/plugins/com.st.stm32cube.ide.mcu.externaltools.gnu-tools-for-stm32.11.3.rel1.win32_1.1.0.202305231506/tools/bin/../lib/gcc/arm-none-eabi/11.3.1/thumb/v7e-m+fp/hard\libgcc.a(_aeabi_uldivmod.o)
 .ARM.attributes
                0x00000000000007ad       0x34 C:/ST/STM32CubeIDE_1.13.0/STM32CubeIDE/plugins/com.st.stm32cube.ide.mcu.externaltools.gnu-tools-for-stm32.11.3.rel1.win32_1.1.0.202305231506/tools/bin/../lib/gcc/arm-none-eabi/11.3.1/thumb/v7e-m+fp/hard\libgcc.a(_udivmoddi4.o)
 .ARM.attributes
                0x00000000000007e1       0x1e C:/ST/STM32CubeIDE_1.13.0/STM32CubeIDE/plugins/com.st.stm32cube.ide.mcu.externaltools.gnu-tools-for-stm32.11.3.rel1.win32_1.1.0.202305231506/tools/bin/../lib/gcc/arm-none-eabi/11.3.1/thumb/v7e-m+fp/hard\libgcc.a(_dvmd_tls.o)
 .ARM.attributes
                0x00000000000007ff       0x1e C:/ST/STM32CubeIDE_1.13.0/STM32CubeIDE/plugins/com.st.stm32cube.ide.mcu.externaltools.gnu-tools-for-stm32.11.3.rel1.win32_1.1.0.202305231506/tools/bin/../lib/gcc/arm-none-eabi/11.3.1/thumb/v7e-m+fp/hard/crtn.o
OUTPUT(RTOS_Queues_DEMO.elf elf32-littlearm)
LOAD linker stubs
LOAD C:/ST/STM32CubeIDE_1.13.0/STM32CubeIDE/plugins/com.st.stm32cube.ide.mcu.externaltools.gnu-tools-for-stm32.11.3.rel1.win32_1.1.0.202305231506/tools/bin/../lib/gcc/arm-none-eabi/11.3.1/../../../../arm-none-eabi/lib/thumb/v7e-m+fp/hard\libc.a
LOAD C:/ST/STM32CubeIDE_1.13.0/STM32CubeIDE/plugins/com.st.stm32cube.ide.mcu.externaltools.gnu-tools-for-stm32.11.3.rel1.win32_1.1.0.202305231506/tools/bin/../lib/gcc/arm-none-eabi/11.3.1/../../../../arm-none-eabi/lib/thumb/v7e-m+fp/hard\libm.a
LOAD C:/ST/STM32CubeIDE_1.13.0/STM32CubeIDE/plugins/com.st.stm32cube.ide.mcu.externaltools.gnu-tools-for-stm32.11.3.rel1.win32_1.1.0.202305231506/tools/bin/../lib/gcc/arm-none-eabi/11.3.1/thumb/v7e-m+fp/hard\libgcc.a

.comment        0x0000000000000000       0x43
 .comment       0x0000000000000000       0x43 C:/ST/STM32CubeIDE_1.13.0/STM32CubeIDE/plugins/com.st.stm32cube.ide.mcu.externaltools.gnu-tools-for-stm32.11.3.rel1.win32_1.1.0.202305231506/tools/bin/../lib/gcc/arm-none-eabi/11.3.1/thumb/v7e-m+fp/hard/crtbegin.o
                                         0x44 (size before relaxing)
 .comment       0x0000000000000043       0x44 ./Core/Src/SEGGER_RTT.o
 .comment       0x0000000000000043       0x44 ./Core/Src/SEGGER_RTT_printf.o
 .comment       0x0000000000000043       0x44 ./Core/Src/freertos.o
 .comment       0x0000000000000043       0x44 ./Core/Src/main.o
 .comment       0x0000000000000043       0x44 ./Core/Src/stm32f4xx_hal_msp.o
 .comment       0x0000000000000043       0x44 ./Core/Src/stm32f4xx_hal_timebase_tim.o
 .comment       0x0000000000000043       0x44 ./Core/Src/stm32f4xx_it.o
 .comment       0x0000000000000043       0x44 ./Core/Src/system_stm32f4xx.o
 .comment       0x0000000000000043       0x44 ./Drivers/STM32F4xx_HAL_Driver/Src/stm32f4xx_hal.o
 .comment       0x0000000000000043       0x44 ./Drivers/STM32F4xx_HAL_Driver/Src/stm32f4xx_hal_cortex.o
 .comment       0x0000000000000043       0x44 ./Drivers/STM32F4xx_HAL_Driver/Src/stm32f4xx_hal_eth.o
 .comment       0x0000000000000043       0x44 ./Drivers/STM32F4xx_HAL_Driver/Src/stm32f4xx_hal_gpio.o
 .comment       0x0000000000000043       0x44 ./Drivers/STM32F4xx_HAL_Driver/Src/stm32f4xx_hal_pcd.o
 .comment       0x0000000000000043       0x44 ./Drivers/STM32F4xx_HAL_Driver/Src/stm32f4xx_hal_rcc.o
 .comment       0x0000000000000043       0x44 ./Drivers/STM32F4xx_HAL_Driver/Src/stm32f4xx_hal_tim.o
 .comment       0x0000000000000043       0x44 ./Drivers/STM32F4xx_HAL_Driver/Src/stm32f4xx_hal_tim_ex.o
 .comment       0x0000000000000043       0x44 ./Drivers/STM32F4xx_HAL_Driver/Src/stm32f4xx_hal_uart.o
 .comment       0x0000000000000043       0x44 ./Drivers/STM32F4xx_HAL_Driver/Src/stm32f4xx_ll_usb.o
 .comment       0x0000000000000043       0x44 ./Middlewares/Third_Party/FreeRTOS/Source/CMSIS_RTOS_V2/cmsis_os2.o
 .comment       0x0000000000000043       0x44 ./Middlewares/Third_Party/FreeRTOS/Source/list.o
 .comment       0x0000000000000043       0x44 ./Middlewares/Third_Party/FreeRTOS/Source/queue.o
 .comment       0x0000000000000043       0x44 ./Middlewares/Third_Party/FreeRTOS/Source/tasks.o
 .comment       0x0000000000000043       0x44 ./Middlewares/Third_Party/FreeRTOS/Source/timers.o
 .comment       0x0000000000000043       0x44 ./Middlewares/Third_Party/FreeRTOS/Source/portable/GCC/ARM_CM4F/port.o
 .comment       0x0000000000000043       0x44 ./Middlewares/Third_Party/FreeRTOS/Source/portable/MemMang/heap_4.o

.debug_info     0x0000000000000000    0x200e9
 .debug_info    0x0000000000000000     0x1497 ./Core/Src/SEGGER_RTT.o
 .debug_info    0x0000000000001497      0x414 ./Core/Src/SEGGER_RTT_printf.o
 .debug_info    0x00000000000018ab       0xa7 ./Core/Src/freertos.o
 .debug_info    0x0000000000001952     0x2356 ./Core/Src/main.o
 .debug_info    0x0000000000003ca8     0x19e0 ./Core/Src/stm32f4xx_hal_msp.o
 .debug_info    0x0000000000005688      0xc40 ./Core/Src/stm32f4xx_hal_timebase_tim.o
 .debug_info    0x00000000000062c8      0x6ab ./Core/Src/stm32f4xx_it.o
 .debug_info    0x0000000000006973      0x52e ./Core/Src/system_stm32f4xx.o
 .debug_info    0x0000000000006ea1       0x23 ./Core/Startup/startup_stm32f429zitx.o
 .debug_info    0x0000000000006ec4      0x9be ./Drivers/STM32F4xx_HAL_Driver/Src/stm32f4xx_hal.o
 .debug_info    0x0000000000007882      0xd7c ./Drivers/STM32F4xx_HAL_Driver/Src/stm32f4xx_hal_cortex.o
 .debug_info    0x00000000000085fe     0x2069 ./Drivers/STM32F4xx_HAL_Driver/Src/stm32f4xx_hal_eth.o
 .debug_info    0x000000000000a667      0x6db ./Drivers/STM32F4xx_HAL_Driver/Src/stm32f4xx_hal_gpio.o
 .debug_info    0x000000000000ad42     0x1541 ./Drivers/STM32F4xx_HAL_Driver/Src/stm32f4xx_hal_pcd.o
 .debug_info    0x000000000000c283      0x8c9 ./Drivers/STM32F4xx_HAL_Driver/Src/stm32f4xx_hal_rcc.o
 .debug_info    0x000000000000cb4c     0x2948 ./Drivers/STM32F4xx_HAL_Driver/Src/stm32f4xx_hal_tim.o
 .debug_info    0x000000000000f494     0x14ae ./Drivers/STM32F4xx_HAL_Driver/Src/stm32f4xx_hal_tim_ex.o
 .debug_info    0x0000000000010942     0x2fb8 ./Drivers/STM32F4xx_HAL_Driver/Src/stm32f4xx_hal_uart.o
 .debug_info    0x00000000000138fa     0x18f6 ./Drivers/STM32F4xx_HAL_Driver/Src/stm32f4xx_ll_usb.o
 .debug_info    0x00000000000151f0     0x414d ./Middlewares/Third_Party/FreeRTOS/Source/CMSIS_RTOS_V2/cmsis_os2.o
 .debug_info    0x000000000001933d      0x2af ./Middlewares/Third_Party/FreeRTOS/Source/list.o
 .debug_info    0x00000000000195ec     0x1b79 ./Middlewares/Third_Party/FreeRTOS/Source/queue.o
 .debug_info    0x000000000001b165     0x2a74 ./Middlewares/Third_Party/FreeRTOS/Source/tasks.o
 .debug_info    0x000000000001dbd9     0x1b5d ./Middlewares/Third_Party/FreeRTOS/Source/timers.o
 .debug_info    0x000000000001f736      0x4de ./Middlewares/Third_Party/FreeRTOS/Source/portable/GCC/ARM_CM4F/port.o
 .debug_info    0x000000000001fc14      0x4d5 ./Middlewares/Third_Party/FreeRTOS/Source/portable/MemMang/heap_4.o

.debug_abbrev   0x0000000000000000     0x3ed9
 .debug_abbrev  0x0000000000000000      0x238 ./Core/Src/SEGGER_RTT.o
 .debug_abbrev  0x0000000000000238      0x1bc ./Core/Src/SEGGER_RTT_printf.o
 .debug_abbrev  0x00000000000003f4       0x60 ./Core/Src/freertos.o
 .debug_abbrev  0x0000000000000454      0x378 ./Core/Src/main.o
 .debug_abbrev  0x00000000000007cc      0x270 ./Core/Src/stm32f4xx_hal_msp.o
 .debug_abbrev  0x0000000000000a3c      0x1f4 ./Core/Src/stm32f4xx_hal_timebase_tim.o
 .debug_abbrev  0x0000000000000c30      0x17d ./Core/Src/stm32f4xx_it.o
 .debug_abbrev  0x0000000000000dad      0x11a ./Core/Src/system_stm32f4xx.o
 .debug_abbrev  0x0000000000000ec7       0x12 ./Core/Startup/startup_stm32f429zitx.o
 .debug_abbrev  0x0000000000000ed9      0x213 ./Drivers/STM32F4xx_HAL_Driver/Src/stm32f4xx_hal.o
 .debug_abbrev  0x00000000000010ec      0x327 ./Drivers/STM32F4xx_HAL_Driver/Src/stm32f4xx_hal_cortex.o
 .debug_abbrev  0x0000000000001413      0x2ec ./Drivers/STM32F4xx_HAL_Driver/Src/stm32f4xx_hal_eth.o
 .debug_abbrev  0x00000000000016ff      0x1d4 ./Drivers/STM32F4xx_HAL_Driver/Src/stm32f4xx_hal_gpio.o
 .debug_abbrev  0x00000000000018d3      0x2d0 ./Drivers/STM32F4xx_HAL_Driver/Src/stm32f4xx_hal_pcd.o
 .debug_abbrev  0x0000000000001ba3      0x2b6 ./Drivers/STM32F4xx_HAL_Driver/Src/stm32f4xx_hal_rcc.o
 .debug_abbrev  0x0000000000001e59      0x271 ./Drivers/STM32F4xx_HAL_Driver/Src/stm32f4xx_hal_tim.o
 .debug_abbrev  0x00000000000020ca      0x27c ./Drivers/STM32F4xx_HAL_Driver/Src/stm32f4xx_hal_tim_ex.o
 .debug_abbrev  0x0000000000002346      0x30e ./Drivers/STM32F4xx_HAL_Driver/Src/stm32f4xx_hal_uart.o
 .debug_abbrev  0x0000000000002654      0x2ac ./Drivers/STM32F4xx_HAL_Driver/Src/stm32f4xx_ll_usb.o
 .debug_abbrev  0x0000000000002900      0x548 ./Middlewares/Third_Party/FreeRTOS/Source/CMSIS_RTOS_V2/cmsis_os2.o
 .debug_abbrev  0x0000000000002e48       0xf5 ./Middlewares/Third_Party/FreeRTOS/Source/list.o
 .debug_abbrev  0x0000000000002f3d      0x3b6 ./Middlewares/Third_Party/FreeRTOS/Source/queue.o
 .debug_abbrev  0x00000000000032f3      0x405 ./Middlewares/Third_Party/FreeRTOS/Source/tasks.o
 .debug_abbrev  0x00000000000036f8      0x368 ./Middlewares/Third_Party/FreeRTOS/Source/timers.o
 .debug_abbrev  0x0000000000003a60      0x25c ./Middlewares/Third_Party/FreeRTOS/Source/portable/GCC/ARM_CM4F/port.o
 .debug_abbrev  0x0000000000003cbc      0x21d ./Middlewares/Third_Party/FreeRTOS/Source/portable/MemMang/heap_4.o

.debug_aranges  0x0000000000000000     0x1a58
 .debug_aranges
                0x0000000000000000      0x138 ./Core/Src/SEGGER_RTT.o
 .debug_aranges
                0x0000000000000138       0x40 ./Core/Src/SEGGER_RTT_printf.o
 .debug_aranges
                0x0000000000000178       0x28 ./Core/Src/freertos.o
 .debug_aranges
                0x00000000000001a0       0x70 ./Core/Src/main.o
 .debug_aranges
                0x0000000000000210       0x50 ./Core/Src/stm32f4xx_hal_msp.o
 .debug_aranges
                0x0000000000000260       0x30 ./Core/Src/stm32f4xx_hal_timebase_tim.o
 .debug_aranges
                0x0000000000000290       0x50 ./Core/Src/stm32f4xx_it.o
 .debug_aranges
                0x00000000000002e0       0x28 ./Core/Src/system_stm32f4xx.o
 .debug_aranges
                0x0000000000000308       0x28 ./Core/Startup/startup_stm32f429zitx.o
 .debug_aranges
                0x0000000000000330      0x100 ./Drivers/STM32F4xx_HAL_Driver/Src/stm32f4xx_hal.o
 .debug_aranges
                0x0000000000000430      0x118 ./Drivers/STM32F4xx_HAL_Driver/Src/stm32f4xx_hal_cortex.o
 .debug_aranges
                0x0000000000000548      0x1e0 ./Drivers/STM32F4xx_HAL_Driver/Src/stm32f4xx_hal_eth.o
 .debug_aranges
                0x0000000000000728       0x58 ./Drivers/STM32F4xx_HAL_Driver/Src/stm32f4xx_hal_gpio.o
 .debug_aranges
                0x0000000000000780      0x148 ./Drivers/STM32F4xx_HAL_Driver/Src/stm32f4xx_hal_pcd.o
 .debug_aranges
                0x00000000000008c8       0x88 ./Drivers/STM32F4xx_HAL_Driver/Src/stm32f4xx_hal_rcc.o
 .debug_aranges
                0x0000000000000950      0x3d0 ./Drivers/STM32F4xx_HAL_Driver/Src/stm32f4xx_hal_tim.o
 .debug_aranges
                0x0000000000000d20      0x168 ./Drivers/STM32F4xx_HAL_Driver/Src/stm32f4xx_hal_tim_ex.o
 .debug_aranges
                0x0000000000000e88      0x200 ./Drivers/STM32F4xx_HAL_Driver/Src/stm32f4xx_hal_uart.o
 .debug_aranges
                0x0000000000001088      0x1a0 ./Drivers/STM32F4xx_HAL_Driver/Src/stm32f4xx_ll_usb.o
 .debug_aranges
                0x0000000000001228      0x2b0 ./Middlewares/Third_Party/FreeRTOS/Source/CMSIS_RTOS_V2/cmsis_os2.o
 .debug_aranges
                0x00000000000014d8       0x40 ./Middlewares/Third_Party/FreeRTOS/Source/list.o
 .debug_aranges
                0x0000000000001518      0x158 ./Middlewares/Third_Party/FreeRTOS/Source/queue.o
 .debug_aranges
                0x0000000000001670      0x220 ./Middlewares/Third_Party/FreeRTOS/Source/tasks.o
 .debug_aranges
                0x0000000000001890       0xf0 ./Middlewares/Third_Party/FreeRTOS/Source/timers.o
 .debug_aranges
                0x0000000000001980       0x80 ./Middlewares/Third_Party/FreeRTOS/Source/portable/GCC/ARM_CM4F/port.o
 .debug_aranges
                0x0000000000001a00       0x58 ./Middlewares/Third_Party/FreeRTOS/Source/portable/MemMang/heap_4.o

.debug_rnglists
                0x0000000000000000     0x1493
 .debug_rnglists
                0x0000000000000000       0xf5 ./Core/Src/SEGGER_RTT.o
 .debug_rnglists
                0x00000000000000f5       0x3a ./Core/Src/SEGGER_RTT_printf.o
 .debug_rnglists
                0x000000000000012f       0x19 ./Core/Src/freertos.o
 .debug_rnglists
                0x0000000000000148       0x53 ./Core/Src/main.o
 .debug_rnglists
                0x000000000000019b       0x3a ./Core/Src/stm32f4xx_hal_msp.o
 .debug_rnglists
                0x00000000000001d5       0x20 ./Core/Src/stm32f4xx_hal_timebase_tim.o
 .debug_rnglists
                0x00000000000001f5       0x37 ./Core/Src/stm32f4xx_it.o
 .debug_rnglists
                0x000000000000022c       0x1a ./Core/Src/system_stm32f4xx.o
 .debug_rnglists
                0x0000000000000246       0x19 ./Core/Startup/startup_stm32f429zitx.o
 .debug_rnglists
                0x000000000000025f       0xbb ./Drivers/STM32F4xx_HAL_Driver/Src/stm32f4xx_hal.o
 .debug_rnglists
                0x000000000000031a       0xce ./Drivers/STM32F4xx_HAL_Driver/Src/stm32f4xx_hal_cortex.o
 .debug_rnglists
                0x00000000000003e8      0x17c ./Drivers/STM32F4xx_HAL_Driver/Src/stm32f4xx_hal_eth.o
 .debug_rnglists
                0x0000000000000564       0x3f ./Drivers/STM32F4xx_HAL_Driver/Src/stm32f4xx_hal_gpio.o
 .debug_rnglists
                0x00000000000005a3       0xfc ./Drivers/STM32F4xx_HAL_Driver/Src/stm32f4xx_hal_pcd.o
 .debug_rnglists
                0x000000000000069f       0x66 ./Drivers/STM32F4xx_HAL_Driver/Src/stm32f4xx_hal_rcc.o
 .debug_rnglists
                0x0000000000000705      0x31a ./Drivers/STM32F4xx_HAL_Driver/Src/stm32f4xx_hal_tim.o
 .debug_rnglists
                0x0000000000000a1f      0x125 ./Drivers/STM32F4xx_HAL_Driver/Src/stm32f4xx_hal_tim_ex.o
 .debug_rnglists
                0x0000000000000b44      0x1b7 ./Drivers/STM32F4xx_HAL_Driver/Src/stm32f4xx_hal_uart.o
 .debug_rnglists
                0x0000000000000cfb      0x148 ./Drivers/STM32F4xx_HAL_Driver/Src/stm32f4xx_ll_usb.o
 .debug_rnglists
                0x0000000000000e43      0x212 ./Middlewares/Third_Party/FreeRTOS/Source/CMSIS_RTOS_V2/cmsis_os2.o
 .debug_rnglists
                0x0000000000001055       0x2b ./Middlewares/Third_Party/FreeRTOS/Source/list.o
 .debug_rnglists
                0x0000000000001080      0x109 ./Middlewares/Third_Party/FreeRTOS/Source/queue.o
 .debug_rnglists
                0x0000000000001189      0x1b4 ./Middlewares/Third_Party/FreeRTOS/Source/tasks.o
 .debug_rnglists
                0x000000000000133d       0xb7 ./Middlewares/Third_Party/FreeRTOS/Source/timers.o
 .debug_rnglists
                0x00000000000013f4       0x5d ./Middlewares/Third_Party/FreeRTOS/Source/portable/GCC/ARM_CM4F/port.o
 .debug_rnglists
                0x0000000000001451       0x42 ./Middlewares/Third_Party/FreeRTOS/Source/portable/MemMang/heap_4.o

.debug_macro    0x0000000000000000    0x2794a
 .debug_macro   0x0000000000000000      0x1bd ./Core/Src/SEGGER_RTT.o
 .debug_macro   0x00000000000001bd      0xaa8 ./Core/Src/SEGGER_RTT.o
 .debug_macro   0x0000000000000c65       0x49 ./Core/Src/SEGGER_RTT.o
 .debug_macro   0x0000000000000cae       0x35 ./Core/Src/SEGGER_RTT.o
 .debug_macro   0x0000000000000ce3       0x2a ./Core/Src/SEGGER_RTT.o
 .debug_macro   0x0000000000000d0d       0x22 ./Core/Src/SEGGER_RTT.o
 .debug_macro   0x0000000000000d2f       0x5b ./Core/Src/SEGGER_RTT.o
 .debug_macro   0x0000000000000d8a       0x94 ./Core/Src/SEGGER_RTT.o
 .debug_macro   0x0000000000000e1e       0x43 ./Core/Src/SEGGER_RTT.o
 .debug_macro   0x0000000000000e61       0x34 ./Core/Src/SEGGER_RTT.o
 .debug_macro   0x0000000000000e95       0x16 ./Core/Src/SEGGER_RTT.o
 .debug_macro   0x0000000000000eab      0x10e ./Core/Src/SEGGER_RTT.o
 .debug_macro   0x0000000000000fb9       0x8d ./Core/Src/SEGGER_RTT.o
 .debug_macro   0x0000000000001046       0x16 ./Core/Src/SEGGER_RTT.o
 .debug_macro   0x000000000000105c       0x43 ./Core/Src/SEGGER_RTT.o
 .debug_macro   0x000000000000109f       0x57 ./Core/Src/SEGGER_RTT.o
 .debug_macro   0x00000000000010f6       0x34 ./Core/Src/SEGGER_RTT.o
 .debug_macro   0x000000000000112a       0x10 ./Core/Src/SEGGER_RTT.o
 .debug_macro   0x000000000000113a       0x58 ./Core/Src/SEGGER_RTT.o
 .debug_macro   0x0000000000001192       0x8e ./Core/Src/SEGGER_RTT.o
 .debug_macro   0x0000000000001220       0x1c ./Core/Src/SEGGER_RTT.o
 .debug_macro   0x000000000000123c      0x177 ./Core/Src/SEGGER_RTT.o
 .debug_macro   0x00000000000013b3      0x369 ./Core/Src/SEGGER_RTT.o
 .debug_macro   0x000000000000171c       0x16 ./Core/Src/SEGGER_RTT.o
 .debug_macro   0x0000000000001732       0x29 ./Core/Src/SEGGER_RTT.o
 .debug_macro   0x000000000000175b       0x58 ./Core/Src/SEGGER_RTT.o
 .debug_macro   0x00000000000017b3      0x138 ./Core/Src/SEGGER_RTT.o
 .debug_macro   0x00000000000018eb       0x16 ./Core/Src/SEGGER_RTT.o
 .debug_macro   0x0000000000001901       0x35 ./Core/Src/SEGGER_RTT.o
 .debug_macro   0x0000000000001936       0x20 ./Core/Src/SEGGER_RTT.o
 .debug_macro   0x0000000000001956      0x147 ./Core/Src/SEGGER_RTT_printf.o
 .debug_macro   0x0000000000001a9d      0x310 ./Core/Src/freertos.o
 .debug_macro   0x0000000000001dad       0x8e ./Core/Src/freertos.o
 .debug_macro   0x0000000000001e3b       0x51 ./Core/Src/freertos.o
 .debug_macro   0x0000000000001e8c      0x103 ./Core/Src/freertos.o
 .debug_macro   0x0000000000001f8f       0x6a ./Core/Src/freertos.o
 .debug_macro   0x0000000000001ff9      0x1df ./Core/Src/freertos.o
 .debug_macro   0x00000000000021d8      0x18a ./Core/Src/freertos.o
 .debug_macro   0x0000000000002362      0x15a ./Core/Src/freertos.o
 .debug_macro   0x00000000000024bc       0xc9 ./Core/Src/freertos.o
 .debug_macro   0x0000000000002585       0x1c ./Core/Src/freertos.o
 .debug_macro   0x00000000000025a1       0x26 ./Core/Src/freertos.o
 .debug_macro   0x00000000000025c7       0x61 ./Core/Src/freertos.o
 .debug_macro   0x0000000000002628      0x4aa ./Core/Src/freertos.o
 .debug_macro   0x0000000000002ad2       0xb5 ./Core/Src/freertos.o
 .debug_macro   0x0000000000002b87       0xaa ./Core/Src/freertos.o
 .debug_macro   0x0000000000002c31      0x2a7 ./Core/Src/freertos.o
 .debug_macro   0x0000000000002ed8       0x2e ./Core/Src/freertos.o
 .debug_macro   0x0000000000002f06       0x28 ./Core/Src/freertos.o
 .debug_macro   0x0000000000002f2e       0x1c ./Core/Src/freertos.o
 .debug_macro   0x0000000000002f4a       0x22 ./Core/Src/freertos.o
 .debug_macro   0x0000000000002f6c       0xd9 ./Core/Src/freertos.o
 .debug_macro   0x0000000000003045     0x102d ./Core/Src/freertos.o
 .debug_macro   0x0000000000004072      0x11f ./Core/Src/freertos.o
 .debug_macro   0x0000000000004191    0x17fc0 ./Core/Src/freertos.o
 .debug_macro   0x000000000001c151       0x6d ./Core/Src/freertos.o
 .debug_macro   0x000000000001c1be     0x36f5 ./Core/Src/freertos.o
 .debug_macro   0x000000000001f8b3       0x5c ./Core/Src/freertos.o
 .debug_macro   0x000000000001f90f      0xca5 ./Core/Src/freertos.o
 .debug_macro   0x00000000000205b4      0x9fe ./Core/Src/freertos.o
 .debug_macro   0x0000000000020fb2      0x115 ./Core/Src/freertos.o
 .debug_macro   0x00000000000210c7      0x156 ./Core/Src/freertos.o
 .debug_macro   0x000000000002121d       0xa5 ./Core/Src/freertos.o
 .debug_macro   0x00000000000212c2      0x182 ./Core/Src/freertos.o
 .debug_macro   0x0000000000021444      0x287 ./Core/Src/freertos.o
 .debug_macro   0x00000000000216cb       0x5f ./Core/Src/freertos.o
 .debug_macro   0x000000000002172a      0x236 ./Core/Src/freertos.o
 .debug_macro   0x0000000000021960      0xd44 ./Core/Src/freertos.o
 .debug_macro   0x00000000000226a4      0x132 ./Core/Src/freertos.o
 .debug_macro   0x00000000000227d6      0x41d ./Core/Src/freertos.o
 .debug_macro   0x0000000000022bf3       0x2e ./Core/Src/freertos.o
 .debug_macro   0x0000000000022c21      0x11a ./Core/Src/freertos.o
 .debug_macro   0x0000000000022d3b       0xe2 ./Core/Src/freertos.o
 .debug_macro   0x0000000000022e1d       0x89 ./Core/Src/freertos.o
 .debug_macro   0x0000000000022ea6      0x8e6 ./Core/Src/freertos.o
 .debug_macro   0x000000000002378c       0x47 ./Core/Src/freertos.o