../Core/Src/main.c:98:5:main	16	static
../Core/Src/main.c:185:6:SystemClock_Config	88	static
../Core/Src/main.c:231:13:MX_ETH_Init	8	static
../Core/Src/main.c:280:13:MX_USART3_UART_Init	8	static
../Core/Src/main.c:313:13:MX_USB_OTG_FS_PCD_Init	8	static
../Core/Src/main.c:348:13:MX_GPIO_Init	56	static
../Core/Src/main.c:399:6:RTT_Read	16	static
../Core/Src/main.c:415:6:StartTransmitterTask	24	static
../Core/Src/main.c:439:6:StartReceiverTask	24	static
../Core/Src/main.c:463:6:HAL_TIM_PeriodElapsedCallback	16	static
../Core/Src/main.c:480:6:Error_Handler	4	static,ignoring_inline_asm
