Archive member included to satisfy reference by file (symbol)

C:/ST/STM32CubeIDE_1.13.0/STM32CubeIDE/plugins/com.st.stm32cube.ide.mcu.externaltools.gnu-tools-for-stm32.11.3.rel1.win32_1.1.0.202305231506/tools/bin/../lib/gcc/arm-none-eabi/11.3.1/../../../../arm-none-eabi/lib/thumb/v7e-m+fp/hard\libc_nano.a(libc_a-exit.o)
                              C:/ST/STM32CubeIDE_1.13.0/STM32CubeIDE/plugins/com.st.stm32cube.ide.mcu.externaltools.gnu-tools-for-stm32.11.3.rel1.win32_1.1.0.202305231506/tools/bin/../lib/gcc/arm-none-eabi/11.3.1/../../../../arm-none-eabi/lib/thumb/v7e-m+fp/hard/crt0.o (exit)
C:/ST/STM32CubeIDE_1.13.0/STM32CubeIDE/plugins/com.st.stm32cube.ide.mcu.externaltools.gnu-tools-for-stm32.11.3.rel1.win32_1.1.0.202305231506/tools/bin/../lib/gcc/arm-none-eabi/11.3.1/../../../../arm-none-eabi/lib/thumb/v7e-m+fp/hard\libc_nano.a(libc_a-findfp.o)
                              ./Middlewares/Third_Party/FreeRTOS/Source/tasks.o (__sf)
C:/ST/STM32CubeIDE_1.13.0/STM32CubeIDE/plugins/com.st.stm32cube.ide.mcu.externaltools.gnu-tools-for-stm32.11.3.rel1.win32_1.1.0.202305231506/tools/bin/../lib/gcc/arm-none-eabi/11.3.1/../../../../arm-none-eabi/lib/thumb/v7e-m+fp/hard\libc_nano.a(libc_a-fwalk.o)
                              C:/ST/STM32CubeIDE_1.13.0/STM32CubeIDE/plugins/com.st.stm32cube.ide.mcu.externaltools.gnu-tools-for-stm32.11.3.rel1.win32_1.1.0.202305231506/tools/bin/../lib/gcc/arm-none-eabi/11.3.1/../../../../arm-none-eabi/lib/thumb/v7e-m+fp/hard\libc_nano.a(libc_a-findfp.o) (_fwalk_sglue)
C:/ST/STM32CubeIDE_1.13.0/STM32CubeIDE/plugins/com.st.stm32cube.ide.mcu.externaltools.gnu-tools-for-stm32.11.3.rel1.win32_1.1.0.202305231506/tools/bin/../lib/gcc/arm-none-eabi/11.3.1/../../../../arm-none-eabi/lib/thumb/v7e-m+fp/hard\libc_nano.a(libc_a-sprintf.o)
                              ./Middlewares/Third_Party/FreeRTOS/Source/tasks.o (sprintf)
C:/ST/STM32CubeIDE_1.13.0/STM32CubeIDE/plugins/com.st.stm32cube.ide.mcu.externaltools.gnu-tools-for-stm32.11.3.rel1.win32_1.1.0.202305231506/tools/bin/../lib/gcc/arm-none-eabi/11.3.1/../../../../arm-none-eabi/lib/thumb/v7e-m+fp/hard\libc_nano.a(libc_a-stdio.o)
                              C:/ST/STM32CubeIDE_1.13.0/STM32CubeIDE/plugins/com.st.stm32cube.ide.mcu.externaltools.gnu-tools-for-stm32.11.3.rel1.win32_1.1.0.202305231506/tools/bin/../lib/gcc/arm-none-eabi/11.3.1/../../../../arm-none-eabi/lib/thumb/v7e-m+fp/hard\libc_nano.a(libc_a-findfp.o) (__sread)
C:/ST/STM32CubeIDE_1.13.0/STM32CubeIDE/plugins/com.st.stm32cube.ide.mcu.externaltools.gnu-tools-for-stm32.11.3.rel1.win32_1.1.0.202305231506/tools/bin/../lib/gcc/arm-none-eabi/11.3.1/../../../../arm-none-eabi/lib/thumb/v7e-m+fp/hard\libc_nano.a(libc_a-memset.o)
                              C:/ST/STM32CubeIDE_1.13.0/STM32CubeIDE/plugins/com.st.stm32cube.ide.mcu.externaltools.gnu-tools-for-stm32.11.3.rel1.win32_1.1.0.202305231506/tools/bin/../lib/gcc/arm-none-eabi/11.3.1/../../../../arm-none-eabi/lib/thumb/v7e-m+fp/hard/crt0.o (memset)
C:/ST/STM32CubeIDE_1.13.0/STM32CubeIDE/plugins/com.st.stm32cube.ide.mcu.externaltools.gnu-tools-for-stm32.11.3.rel1.win32_1.1.0.202305231506/tools/bin/../lib/gcc/arm-none-eabi/11.3.1/../../../../arm-none-eabi/lib/thumb/v7e-m+fp/hard\libc_nano.a(libc_a-closer.o)
                              C:/ST/STM32CubeIDE_1.13.0/STM32CubeIDE/plugins/com.st.stm32cube.ide.mcu.externaltools.gnu-tools-for-stm32.11.3.rel1.win32_1.1.0.202305231506/tools/bin/../lib/gcc/arm-none-eabi/11.3.1/../../../../arm-none-eabi/lib/thumb/v7e-m+fp/hard\libc_nano.a(libc_a-stdio.o) (_close_r)
C:/ST/STM32CubeIDE_1.13.0/STM32CubeIDE/plugins/com.st.stm32cube.ide.mcu.externaltools.gnu-tools-for-stm32.11.3.rel1.win32_1.1.0.202305231506/tools/bin/../lib/gcc/arm-none-eabi/11.3.1/../../../../arm-none-eabi/lib/thumb/v7e-m+fp/hard\libc_nano.a(libc_a-reent.o)
                              ./Middlewares/Third_Party/FreeRTOS/Source/tasks.o (_reclaim_reent)
C:/ST/STM32CubeIDE_1.13.0/STM32CubeIDE/plugins/com.st.stm32cube.ide.mcu.externaltools.gnu-tools-for-stm32.11.3.rel1.win32_1.1.0.202305231506/tools/bin/../lib/gcc/arm-none-eabi/11.3.1/../../../../arm-none-eabi/lib/thumb/v7e-m+fp/hard\libc_nano.a(libc_a-impure.o)
                              ./Middlewares/Third_Party/FreeRTOS/Source/tasks.o (_impure_ptr)
C:/ST/STM32CubeIDE_1.13.0/STM32CubeIDE/plugins/com.st.stm32cube.ide.mcu.externaltools.gnu-tools-for-stm32.11.3.rel1.win32_1.1.0.202305231506/tools/bin/../lib/gcc/arm-none-eabi/11.3.1/../../../../arm-none-eabi/lib/thumb/v7e-m+fp/hard\libc_nano.a(libc_a-lseekr.o)
                              C:/ST/STM32CubeIDE_1.13.0/STM32CubeIDE/plugins/com.st.stm32cube.ide.mcu.externaltools.gnu-tools-for-stm32.11.3.rel1.win32_1.1.0.202305231506/tools/bin/../lib/gcc/arm-none-eabi/11.3.1/../../../../arm-none-eabi/lib/thumb/v7e-m+fp/hard\libc_nano.a(libc_a-stdio.o) (_lseek_r)
[...]
Memory Configuration

Name             Origin             Length             Attributes
CCMRAM           0x0000000010000000 0x0000000000010000 xrw
RAM              0x0000000020000000 0x0000000000030000 xrw
FLASH            0x0000000008000000 0x0000000000200000 xr
*default*        0x0000000000000000 0xffffffffffffffff

Linker script and memory map

LOAD C:/ST/STM32CubeIDE_1.13.0/STM32CubeIDE/plugins/com.st.stm32cube.ide.mcu.externaltools.gnu-tools-for-stm32.11.3.rel1.win32_1.1.0.202305231506/tools/bin/../lib/gcc/arm-none-eabi/11.3.1/thumb/v7e-m+fp/hard/crti.o
LOAD C:/ST/STM32CubeIDE_1.13.0/STM32CubeIDE/plugins/com.st.stm32cube.ide.mcu.externaltools.gnu-tools-for-stm32.11.3.rel1.win32_1.1.0.202305231506/tools/bin/../lib/gcc/arm-none-eabi/11.3.1/thumb/v7e-m+fp/hard/crtbegin.o
LOAD C:/ST/STM32CubeIDE_1.13.0/STM32CubeIDE/plugins/com.st.stm32cube.ide.mcu.externaltools.gnu-tools-for-stm32.11.3.rel1.win32_1.1.0.202305231506/tools/bin/../lib/gcc/arm-none-eabi/11.3.1/../../../../arm-none-eabi/lib/thumb/v7e-m+fp/hard/crt0.o
LOAD ./Core/Src/SEGGER_RTT.o
LOAD ./Core/Src/SEGGER_RTT_Syscalls_GCC.o
LOAD ./Core/Src/SEGGER_RTT_printf.o
LOAD ./Core/Src/freertos.o
LOAD ./Core/Src/main.o
LOAD ./Core/Src/stm32f4xx_hal_msp.o
LOAD ./Core/Src/stm32f4xx_hal_timebase_tim.o
LOAD ./Core/Src/stm32f4xx_it.o
LOAD ./Core/Src/syscalls.o
LOAD ./Core/Src/sysmem.o
LOAD ./Core/Src/system_stm32f4xx.o
LOAD ./Core/Startup/startup_stm32f429zitx.o
LOAD ./Drivers/STM32F4xx_HAL_Driver/Src/stm32f4xx_hal.o
LOAD ./Drivers/STM32F4xx_HAL_Driver/Src/stm32f4xx_hal_cortex.o
LOAD ./Drivers/STM32F4xx_HAL_Driver/Src/stm32f4xx_hal_dma.o
LOAD ./Drivers/STM32F4xx_HAL_Driver/Src/stm32f4xx_hal_dma_ex.o
LOAD ./Drivers/STM32F4xx_HAL_Driver/Src/stm32f4xx_hal_eth.o
LOAD ./Drivers/STM32F4xx_HAL_Driver/Src/stm32f4xx_hal_exti.o
LOAD ./Drivers/STM32F4xx_HAL_Driver/Src/stm32f4xx_hal_flash.o
LOAD ./Drivers/STM32F4xx_HAL_Driver/Src/stm32f4xx_hal_flash_ex.o
LOAD ./Drivers/STM32F4xx_HAL_Driver/Src/stm32f4xx_hal_flash_ramfunc.o
LOAD ./Drivers/STM32F4xx_HAL_Driver/Src/stm32f4xx_hal_gpio.o
LOAD ./Drivers/STM32F4xx_HAL_Driver/Src/stm32f4xx_hal_pcd.o
LOAD ./Drivers/STM32F4xx_HAL_Driver/Src/stm32f4xx_hal_pcd_ex.o
LOAD ./Drivers/STM32F4xx_HAL_Driver/Src/stm32f4xx_hal_pwr.o
LOAD ./Drivers/STM32F4xx_HAL_Driver/Src/stm32f4xx_hal_pwr_ex.o
LOAD ./Drivers/STM32F4xx_HAL_Driver/Src/stm32f4xx_hal_rcc.o
LOAD ./Drivers/STM32F4xx_HAL_Driver/Src/stm32f4xx_hal_rcc_ex.o
LOAD ./Drivers/STM32F4xx_HAL_Driver/Src/stm32f4xx_hal_tim.o
LOAD ./Drivers/STM32F4xx_HAL_Driver/Src/stm32f4xx_hal_tim_ex.o
LOAD ./Drivers/STM32F4xx_HAL_Driver/Src/stm32f4xx_hal_uart.o
LOAD ./Drivers/STM32F4xx_HAL_Driver/Src/stm32f4xx_ll_usb.o
LOAD ./Middlewares/Third_Party/FreeRTOS/Source/CMSIS_RTOS_V2/cmsis_os2.o
LOAD ./Middlewares/Third_Party/FreeRTOS/Source/croutine.o
LOAD ./Middlewares/Third_Party/FreeRTOS/Source/event_groups.o
LOAD ./Middlewares/Third_Party/FreeRTOS/Source/list.o
LOAD ./Middlewares/Third_Party/FreeRTOS/Source/queue.o
LOAD ./Middlewares/Third_Party/FreeRTOS/Source/stream_buffer.o
LOAD ./Middlewares/Third_Party/FreeRTOS/Source/tasks.o
LOAD ./Middlewares/Third_Party/FreeRTOS/Source/timers.o
LOAD ./Middlewares/Third_Party/FreeRTOS/Source/portable/GCC/ARM_CM4F/port.o
LOAD ./Middlewares/Third_Party/FreeRTOS/Source/portable/MemMang/heap_4.o
START GROUP
LOAD C:/ST/STM32CubeIDE_1.13.0/STM32CubeIDE/plugins/com.st.stm32cube.ide.mcu.externaltools.gnu-tools-for-stm32.11.3.rel1.win32_1.1.0.202305231506/tools/bin/../lib/gcc/arm-none-eabi/11.3.1/../../../../arm-none-eabi/lib/thumb/v7e-m+fp/hard\libc_nano.a
LOAD C:/ST/STM32CubeIDE_1.13.0/STM32CubeIDE/plugins/com.st.stm32cube.ide.mcu.externaltools.gnu-tools-for-stm32.11.3.rel1.win32_1.1.0.202305231506/tools/bin/../lib/gcc/arm-none-eabi/11.3.1/../../../../arm-none-eabi/lib/thumb/v7e-m+fp/hard\libm.a
END GROUP
START GROUP
LOAD C:/ST/STM32CubeIDE_1.13.0/STM32CubeIDE/plugins/com.st.stm32cube.ide.mcu.externaltools.gnu-tools-for-stm32.11.3.rel1.win32_1.1.0.202305231506/tools/bin/../lib/gcc/arm-none-eabi/11.3.1/thumb/v7e-m+fp/hard\libgcc.a
LOAD C:/ST/STM32CubeIDE_1.13.0/STM32CubeIDE/plugins/com.st.stm32cube.ide.mcu.externaltools.gnu-tools-for-stm32.11.3.rel1.win32_1.1.0.202305231506/tools/bin/../lib/gcc/arm-none-eabi/11.3.1/../../../../arm-none-eabi/lib/thumb/v7e-m+fp/hard\libc_nano.a
END GROUP
START GROUP
LOAD C:/ST/STM32CubeIDE_1.13.0/STM32CubeIDE/plugins/com.st.stm32cube.ide.mcu.externaltools.gnu-tools-for-stm32.11.3.rel1.win32_1.1.0.202305231506/tools/bin/../lib/gcc/arm-none-eabi/11.3.1/thumb/v7e-m+fp/hard\libgcc.a
LOAD C:/ST/STM32CubeIDE_1.13.0/STM32CubeIDE/plugins/com.st.stm32cube.ide.mcu.externaltools.gnu-tools-for-stm32.11.3.rel1.win32_1.1.0.202305231506/tools/bin/../lib/gcc/arm-none-eabi/11.3.1/../../../../arm-none-eabi/lib/thumb/v7e-m+fp/hard\libc_nano.a
LOAD C:/ST/STM32CubeIDE_1.13.0/STM32CubeIDE/plugins/com.st.stm32cube.ide.mcu.externaltools.gnu-tools-for-stm32.11.3.rel1.win32_1.1.0.202305231506/tools/bin/../lib/gcc/arm-none-eabi/11.3.1/../../../../arm-none-eabi/lib/thumb/v7e-m+fp/hard\libnosys.a
END GROUP
START GROUP
LOAD C:/ST/STM32CubeIDE_1.13.0/STM32CubeIDE/plugins/com.st.stm32cube.ide.mcu.externaltools.gnu-tools-for-stm32.11.3.rel1.win32_1.1.0.202305231506/tools/bin/../lib/gcc/arm-none-eabi/11.3.1/thumb/v7e-m+fp/hard\libgcc.a
LOAD C:/ST/STM32CubeIDE_1.13.0/STM32CubeIDE/plugins/com.st.stm32cube.ide.mcu.externaltools.gnu-tools-for-stm32.11.3.rel1.win32_1.1.0.202305231506/tools/bin/../lib/gcc/arm-none-eabi/11.3.1/../../../../arm-none-eabi/lib/thumb/v7e-m+fp/hard\libc_nano.a
LOAD C:/ST/STM32CubeIDE_1.13.0/STM32CubeIDE/plugins/com.st.stm32cube.ide.mcu.externaltools.gnu-tools-for-stm32.11.3.rel1.win32_1.1.0.202305231506/tools/bin/../lib/gcc/arm-none-eabi/11.3.1/../../../../arm-none-eabi/lib/thumb/v7e-m+fp/hard\libnosys.a
END GROUP
LOAD C:/ST/STM32CubeIDE_1.13.0/STM32CubeIDE/plugins/com.st.stm32cube.ide.mcu.externaltools.gnu-tools-for-stm32.11.3.rel1.win32_1.1.0.202305231506/tools/bin/../lib/gcc/arm-none-eabi/11.3.1/thumb/v7e-m+fp/hard/crtend.o
LOAD C:/ST/STM32CubeIDE_1.13.0/STM32CubeIDE/plugins/com.st.stm32cube.ide.mcu.externaltools.gnu-tools-for-stm32.11.3.rel1.win32_1.1.0.202305231506/tools/bin/../lib/gcc/arm-none-eabi/11.3.1/thumb/v7e-m+fp/hard/crtn.o
                0x0000000020030000                _estack = (ORIGIN (RAM) + LENGTH (RAM))
                0x0000000000000200                _Min_Heap_Size = 0x200
                0x0000000000000400                _Min_Stack_Size = 0x400

.isr_vector     0x0000000008000000      0x1ac
                0x0000000008000000                . = ALIGN (0x4)
 *(.isr_vector)
 .isr_vector    0x0000000008000000      0x1ac ./Core/Startup/startup_stm32f429zitx.o
                0x0000000008000000                g_pfnVectors
                0x00000000080001ac                . = ALIGN (0x4)

.text           0x00000000080001b0     0x6e58
                0x00000000080001b0                . = ALIGN (0x4)
 *(.text)
 .text          0x00000000080001b0       0x40 C:/ST/STM32CubeIDE_1.13.0/STM32CubeIDE/plugins/com.st.stm32cube.ide.mcu.externaltools.gnu-tools-for-stm32.11.3.rel1.win32_1.1.0.202305231506/tools/bin/../lib/gcc/arm-none-eabi/11.3.1/thumb/v7e-m+fp/hard/crtbegin.o
 .text          0x00000000080001f0       0x30 C:/ST/STM32CubeIDE_1.13.0/STM32CubeIDE/plugins/com.st.stm32cube.ide.mcu.externaltools.gnu-tools-for-stm32.11.3.rel1.win32_1.1.0.202305231506/tools/bin/../lib/gcc/arm-none-eabi/11.3.1/thumb/v7e-m+fp/hard\libgcc.a(_aeabi_uldivmod.o)
                0x00000000080001f0                __aeabi_uldivmod
 .text          0x0000000008000220      0x2c8 C:/ST/STM32CubeIDE_1.13.0/STM32CubeIDE/plugins/com.st.stm32cube.ide.mcu.externaltools.gnu-tools-for-stm32.11.3.rel1.win32_1.1.0.202305231506/tools/bin/../lib/gcc/arm-none-eabi/11.3.1/thumb/v7e-m+fp/hard\libgcc.a(_udivmoddi4.o)
                0x0000000008000220                __udivmoddi4
 .text          0x00000000080004e8        0x4 C:/ST/STM32CubeIDE_1.13.0/STM32CubeIDE/plugins/com.st.stm32cube.ide.mcu.externaltools.gnu-tools-for-stm32.11.3.rel1.win32_1.1.0.202305231506/tools/bin/../lib/gcc/arm-none-eabi/11.3.1/thumb/v7e-m+fp/hard\libgcc.a(_dvmd_tls.o)
                0x00000000080004e8                __aeabi_idiv0
                0x00000000080004e8                __aeabi_ldiv0
 *(.text*)
 .text._DoInit  0x00000000080004ec       0xb0 ./Core/Src/SEGGER_RTT.o
 .text._WriteBlocking
                0x000000000800059c       0xba ./Core/Src/SEGGER_RTT.o
 .text._WriteNoCheck
                0x0000000008000656       0x90 ./Core/Src/SEGGER_RTT.o
 .text._GetAvailWriteSpace
                0x00000000080006e6       0x46 ./Core/Src/SEGGER_RTT.o
 .text.SEGGER_RTT_WriteNoLock
                0x000000000800072c       0xa0 ./Core/Src/SEGGER_RTT.o
                0x000000000800072c                SEGGER_RTT_WriteNoLock
 .text.SEGGER_RTT_Write
                0x00000000080007cc       0x4c ./Core/Src/SEGGER_RTT.o
                0x00000000080007cc                SEGGER_RTT_Write
 .text.SEGGER_RTT_ConfigUpBuffer
                0x0000000008000818       0x94 ./Core/Src/SEGGER_RTT.o
                0x0000000008000818                SEGGER_RTT_ConfigUpBuffer
 .text._StoreChar
                0x00000000080008ac       0x7c ./Core/Src/SEGGER_RTT_printf.o
 .text._PrintUnsigned
                0x0000000008000928      0x158 ./Core/Src/SEGGER_RTT_printf.o
 .text._PrintInt
                0x0000000008000a80      0x14e ./Core/Src/SEGGER_RTT_printf.o
 *fill*         0x0000000008000bce        0x2 
 .text.SEGGER_RTT_vprintf
                0x0000000008000bd0      0x3a8 ./Core/Src/SEGGER_RTT_printf.o
                0x0000000008000bd0                SEGGER_RTT_vprintf
 .text.SEGGER_RTT_printf
                0x0000000008000f78       0x30 ./Core/Src/SEGGER_RTT_printf.o
                0x0000000008000f78                SEGGER_RTT_printf
 .text.configureTimerForRunTimeStats
                0x0000000008000fa8        0xe ./Core/Src/freertos.o
                0x0000000008000fa8                configureTimerForRunTimeStats
 .text.getRunTimeCounterValue
                0x0000000008000fb6       0x10 ./Core/Src/freertos.o
                0x0000000008000fb6                getRunTimeCounterValue
 *fill*         0x0000000008000fc6        0x2 
 .text.main     0x0000000008000fc8       0x6c ./Core/Src/main.o
                0x0000000008000fc8                main
 .text.SystemClock_Config
                0x0000000008001034       0xd4 ./Core/Src/main.o
                0x0000000008001034                SystemClock_Config
 .text.MX_ETH_Init
                0x0000000008001108       0x9c ./Core/Src/main.o
 .text.MX_USART3_UART_Init
                0x00000000080011a4       0x54 ./Core/Src/main.o
 .text.MX_USB_OTG_FS_PCD_Init
                0x00000000080011f8       0x5c ./Core/Src/main.o
 .text.MX_GPIO_Init
                0x0000000008001254      0x15c ./Core/Src/main.o
 .text.StartDefaultTask
                0x00000000080013b0       0x10 ./Core/Src/main.o
                0x00000000080013b0                StartDefaultTask
 .text.HAL_TIM_PeriodElapsedCallback
                0x00000000080013c0       0x24 ./Core/Src/main.o
                0x00000000080013c0                HAL_TIM_PeriodElapsedCallback
 .text.Error_Handler
                0x00000000080013e4        0xa ./Core/Src/main.o
                0x00000000080013e4                Error_Handler
 *fill*         0x00000000080013ee        0x2 
 .text.HAL_MspInit
                0x00000000080013f0       0x58 ./Core/Src/stm32f4xx_hal_msp.o
                0x00000000080013f0                HAL_MspInit
 .text.HAL_ETH_MspInit
                0x0000000008001448      0x18c ./Core/Src/stm32f4xx_hal_msp.o
                0x0000000008001448                HAL_ETH_MspInit
 .text.HAL_UART_MspInit
                0x00000000080015d4       0x90 ./Core/Src/stm32f4xx_hal_msp.o
                0x00000000080015d4                HAL_UART_MspInit
 .text.HAL_PCD_MspInit
                0x0000000008001664       0xb4 ./Core/Src/stm32f4xx_hal_msp.o
                0x0000000008001664                HAL_PCD_MspInit
 .text.HAL_InitTick
                0x0000000008001718       0xf8 ./Core/Src/stm32f4xx_hal_timebase_tim.o
                0x0000000008001718                HAL_InitTick
 .text.NMI_Handler
                0x0000000008001810        0x6 ./Core/Src/stm32f4xx_it.o
                0x0000000008001810                NMI_Handler
 .text.HardFault_Handler
                0x0000000008001816        0x6 ./Core/Src/stm32f4xx_it.o
                0x0000000008001816                HardFault_Handler
 .text.MemManage_Handler
                0x000000000800181c        0x6 ./Core/Src/stm32f4xx_it.o
                0x000000000800181c                MemManage_Handler
 .text.BusFault_Handler
                0x0000000008001822        0x6 ./Core/Src/stm32f4xx_it.o
                0x0000000008001822                BusFault_Handler
 .text.UsageFault_Handler
                0x0000000008001828        0x6 ./Core/Src/stm32f4xx_it.o
                0x0000000008001828                UsageFault_Handler
 .text.DebugMon_Handler
                0x000000000800182e        0xe ./Core/Src/stm32f4xx_it.o
                0x000000000800182e                DebugMon_Handler
 .text.TIM6_DAC_IRQHandler
                0x000000000800183c       0x14 ./Core/Src/stm32f4xx_it.o
                0x000000000800183c                TIM6_DAC_IRQHandler
 .text.SystemInit
                0x0000000008001850       0x24 ./Core/Src/system_stm32f4xx.o
                0x0000000008001850                SystemInit
 .text.Reset_Handler
                0x0000000008001874       0x50 ./Core/Startup/startup_stm32f429zitx.o
                0x0000000008001874                Reset_Handler
 .text.Default_Handler
                0x00000000080018c4        0x2 ./Core/Startup/startup_stm32f429zitx.o
                0x00000000080018c4                RTC_Alarm_IRQHandler
                0x00000000080018c4                HASH_RNG_IRQHandler
                0x00000000080018c4                EXTI2_IRQHandler
                0x00000000080018c4                TIM8_CC_IRQHandler
                0x00000000080018c4                UART8_IRQHandler
                0x00000000080018c4                SPI4_IRQHandler
                0x00000000080018c4                TIM1_CC_IRQHandler
                0x00000000080018c4                DMA2_Stream5_IRQHandler
                0x00000000080018c4                DMA1_Stream5_IRQHandler
                0x00000000080018c4                PVD_IRQHandler
                0x00000000080018c4                SDIO_IRQHandler
                0x00000000080018c4                TAMP_STAMP_IRQHandler
                0x00000000080018c4                CAN2_RX1_IRQHandler
                0x00000000080018c4                EXTI3_IRQHandler
                0x00000000080018c4                TIM8_TRG_COM_TIM14_IRQHandler
                0x00000000080018c4                TIM1_UP_TIM10_IRQHandler
                0x00000000080018c4                TIM8_UP_TIM13_IRQHandler
                0x00000000080018c4                I2C3_ER_IRQHandler
                0x00000000080018c4                EXTI0_IRQHandler
                0x00000000080018c4                I2C2_EV_IRQHandler
                0x00000000080018c4                DMA1_Stream2_IRQHandler
                0x00000000080018c4                CAN1_RX0_IRQHandler
                0x00000000080018c4                FPU_IRQHandler
                0x00000000080018c4                OTG_HS_WKUP_IRQHandler
                0x00000000080018c4                LTDC_ER_IRQHandler
                0x00000000080018c4                CAN2_SCE_IRQHandler
                0x00000000080018c4                DMA2_Stream2_IRQHandler
                0x00000000080018c4                SPI1_IRQHandler
                0x00000000080018c4                TIM1_BRK_TIM9_IRQHandler
                0x00000000080018c4                DCMI_IRQHandler
                0x00000000080018c4                CAN2_RX0_IRQHandler
                0x00000000080018c4                DMA2_Stream3_IRQHandler
                0x00000000080018c4                USART6_IRQHandler
                0x00000000080018c4                USART3_IRQHandler
                0x00000000080018c4                CAN1_RX1_IRQHandler
                0x00000000080018c4                UART5_IRQHandler
                0x00000000080018c4                DMA2_Stream0_IRQHandler
                0x00000000080018c4                TIM4_IRQHandler
                0x00000000080018c4                I2C1_EV_IRQHandler
                0x00000000080018c4                DMA1_Stream6_IRQHandler
                0x00000000080018c4                DMA1_Stream1_IRQHandler
                0x00000000080018c4                UART4_IRQHandler
                0x00000000080018c4                TIM3_IRQHandler
                0x00000000080018c4                RCC_IRQHandler
                0x00000000080018c4                TIM8_BRK_TIM12_IRQHandler
                0x00000000080018c4                Default_Handler
                0x00000000080018c4                EXTI15_10_IRQHandler
                0x00000000080018c4                ADC_IRQHandler
                0x00000000080018c4                DMA1_Stream7_IRQHandler
                0x00000000080018c4                SPI5_IRQHandler
                0x00000000080018c4                TIM7_IRQHandler
                0x00000000080018c4                CAN2_TX_IRQHandler
                0x00000000080018c4                TIM5_IRQHandler
                0x00000000080018c4                DMA2_Stream7_IRQHandler
                0x00000000080018c4                I2C3_EV_IRQHandler
                0x00000000080018c4                EXTI9_5_IRQHandler
                0x00000000080018c4                RTC_WKUP_IRQHandler
                0x00000000080018c4                LTDC_IRQHandler
                0x00000000080018c4                ETH_WKUP_IRQHandler
                0x00000000080018c4                SPI2_IRQHandler
                0x00000000080018c4                OTG_HS_EP1_IN_IRQHandler
                0x00000000080018c4                DMA1_Stream0_IRQHandler
                0x00000000080018c4                CAN1_TX_IRQHandler
                0x00000000080018c4                EXTI4_IRQHandler
                0x00000000080018c4                ETH_IRQHandler
                0x00000000080018c4                OTG_HS_EP1_OUT_IRQHandler
                0x00000000080018c4                WWDG_IRQHandler
                0x00000000080018c4                SPI6_IRQHandler
                0x00000000080018c4                TIM2_IRQHandler
                0x00000000080018c4                OTG_FS_WKUP_IRQHandler
                0x00000000080018c4                TIM1_TRG_COM_TIM11_IRQHandler
                0x00000000080018c4                OTG_HS_IRQHandler
                0x00000000080018c4                DMA2D_IRQHandler
                0x00000000080018c4                EXTI1_IRQHandler
                0x00000000080018c4                UART7_IRQHandler
                0x00000000080018c4                USART2_IRQHandler
                0x00000000080018c4                I2C2_ER_IRQHandler
                0x00000000080018c4                DMA2_Stream1_IRQHandler
                0x00000000080018c4                CAN1_SCE_IRQHandler
                0x00000000080018c4                FLASH_IRQHandler
                0x00000000080018c4                DMA2_Stream4_IRQHandler
                0x00000000080018c4                USART1_IRQHandler
                0x00000000080018c4                OTG_FS_IRQHandler
                0x00000000080018c4                SPI3_IRQHandler
                0x00000000080018c4                DMA1_Stream4_IRQHandler
                0x00000000080018c4                I2C1_ER_IRQHandler
                0x00000000080018c4                FMC_IRQHandler
                0x00000000080018c4                DMA2_Stream6_IRQHandler
                0x00000000080018c4                SAI1_IRQHandler
                0x00000000080018c4                DMA1_Stream3_IRQHandler
 *fill*         0x00000000080018c6        0x2 
 .text.HAL_Init
                0x00000000080018c8       0x44 ./Drivers/STM32F4xx_HAL_Driver/Src/stm32f4xx_hal.o
                0x00000000080018c8                HAL_Init
 .text.HAL_IncTick
                0x000000000800190c       0x28 ./Drivers/STM32F4xx_HAL_Driver/Src/stm32f4xx_hal.o
                0x000000000800190c                HAL_IncTick
 .text.HAL_GetTick
                0x0000000008001934       0x18 ./Drivers/STM32F4xx_HAL_Driver/Src/stm32f4xx_hal.o
                0x0000000008001934                HAL_GetTick
 .text.HAL_Delay
                0x000000000800194c       0x48 ./Drivers/STM32F4xx_HAL_Driver/Src/stm32f4xx_hal.o
                0x000000000800194c                HAL_Delay
 .text.__NVIC_SetPriorityGrouping
                0x0000000008001994       0x48 ./Drivers/STM32F4xx_HAL_Driver/Src/stm32f4xx_hal_cortex.o
 .text.__NVIC_GetPriorityGrouping
                0x00000000080019dc       0x1c ./Drivers/STM32F4xx_HAL_Driver/Src/stm32f4xx_hal_cortex.o
 .text.__NVIC_EnableIRQ
                0x00000000080019f8       0x3c ./Drivers/STM32F4xx_HAL_Driver/Src/stm32f4xx_hal_cortex.o
 .text.__NVIC_SetPriority
                0x0000000008001a34       0x54 ./Drivers/STM32F4xx_HAL_Driver/Src/stm32f4xx_hal_cortex.o
 .text.NVIC_EncodePriority
                0x0000000008001a88       0x66 ./Drivers/STM32F4xx_HAL_Driver/Src/stm32f4xx_hal_cortex.o
 .text.HAL_NVIC_SetPriorityGrouping
                0x0000000008001aee       0x16 ./Drivers/STM32F4xx_HAL_Driver/Src/stm32f4xx_hal_cortex.o
                0x0000000008001aee                HAL_NVIC_SetPriorityGrouping
 .text.HAL_NVIC_SetPriority
                0x0000000008001b04       0x38 ./Drivers/STM32F4xx_HAL_Driver/Src/stm32f4xx_hal_cortex.o
                0x0000000008001b04                HAL_NVIC_SetPriority
 .text.HAL_NVIC_EnableIRQ
                0x0000000008001b3c       0x1c ./Drivers/STM32F4xx_HAL_Driver/Src/stm32f4xx_hal_cortex.o
                0x0000000008001b3c                HAL_NVIC_EnableIRQ
 .text.HAL_ETH_Init
                0x0000000008001b58       0xfc ./Drivers/STM32F4xx_HAL_Driver/Src/stm32f4xx_hal_eth.o
                0x0000000008001b58                HAL_ETH_Init
 .text.ETH_SetMACConfig
                0x0000000008001c54      0x160 ./Drivers/STM32F4xx_HAL_Driver/Src/stm32f4xx_hal_eth.o
 .text.ETH_SetDMAConfig
                0x0000000008001db4      0x114 ./Drivers/STM32F4xx_HAL_Driver/Src/stm32f4xx_hal_eth.o
 .text.ETH_MACDMAConfig
                0x0000000008001ec8       0xe4 ./Drivers/STM32F4xx_HAL_Driver/Src/stm32f4xx_hal_eth.o
 .text.ETH_MACAddressConfig
                0x0000000008001fac       0x70 ./Drivers/STM32F4xx_HAL_Driver/Src/stm32f4xx_hal_eth.o
 .text.ETH_DMATxDescListInit
                0x000000000800201c       0xb2 ./Drivers/STM32F4xx_HAL_Driver/Src/stm32f4xx_hal_eth.o
 .text.ETH_DMARxDescListInit
                0x00000000080020ce       0xda ./Drivers/STM32F4xx_HAL_Driver/Src/stm32f4xx_hal_eth.o
 .text.HAL_GPIO_Init
                0x00000000080021a8      0x358 ./Drivers/STM32F4xx_HAL_Driver/Src/stm32f4xx_hal_gpio.o
                0x00000000080021a8                HAL_GPIO_Init
 .text.HAL_GPIO_WritePin
                0x0000000008002500       0x32 ./Drivers/STM32F4xx_HAL_Driver/Src/stm32f4xx_hal_gpio.o
                0x0000000008002500                HAL_GPIO_WritePin
 .text.HAL_PCD_Init
                0x0000000008002532      0x23a ./Drivers/STM32F4xx_HAL_Driver/Src/stm32f4xx_hal_pcd.o
                0x0000000008002532                HAL_PCD_Init
 .text.HAL_RCC_OscConfig
                0x000000000800276c      0x4f0 ./Drivers/STM32F4xx_HAL_Driver/Src/stm32f4xx_hal_rcc.o
                0x000000000800276c                HAL_RCC_OscConfig
 .text.HAL_RCC_ClockConfig
                0x0000000008002c5c      0x1cc ./Drivers/STM32F4xx_HAL_Driver/Src/stm32f4xx_hal_rcc.o
                0x0000000008002c5c                HAL_RCC_ClockConfig
 .text.HAL_RCC_GetSysClockFreq
                0x0000000008002e28      0x20c ./Drivers/STM32F4xx_HAL_Driver/Src/stm32f4xx_hal_rcc.o
                0x0000000008002e28                HAL_RCC_GetSysClockFreq
 .text.HAL_RCC_GetHCLKFreq
                0x0000000008003034       0x18 ./Drivers/STM32F4xx_HAL_Driver/Src/stm32f4xx_hal_rcc.o
                0x0000000008003034                HAL_RCC_GetHCLKFreq
 .text.HAL_RCC_GetPCLK1Freq
                0x000000000800304c       0x28 ./Drivers/STM32F4xx_HAL_Driver/Src/stm32f4xx_hal_rcc.o
                0x000000000800304c                HAL_RCC_GetPCLK1Freq
 .text.HAL_RCC_GetPCLK2Freq
                0x0000000008003074       0x28 ./Drivers/STM32F4xx_HAL_Driver/Src/stm32f4xx_hal_rcc.o
                0x0000000008003074                HAL_RCC_GetPCLK2Freq
 .text.HAL_RCC_GetClockConfig
                0x000000000800309c       0x64 ./Drivers/STM32F4xx_HAL_Driver/Src/stm32f4xx_hal_rcc.o
                0x000000000800309c                HAL_RCC_GetClockConfig
 .text.HAL_TIM_Base_Init
                0x0000000008003100       0x9e ./Drivers/STM32F4xx_HAL_Driver/Src/stm32f4xx_hal_tim.o
                0x0000000008003100                HAL_TIM_Base_Init
 .text.HAL_TIM_Base_MspInit
                0x000000000800319e       0x14 ./Drivers/STM32F4xx_HAL_Driver/Src/stm32f4xx_hal_tim.o
                0x000000000800319e                HAL_TIM_Base_MspInit
 *fill*         0x00000000080031b2        0x2 
 .text.HAL_TIM_Base_Start_IT
                0x00000000080031b4       0xe0 ./Drivers/STM32F4xx_HAL_Driver/Src/stm32f4xx_hal_tim.o
                0x00000000080031b4                HAL_TIM_Base_Start_IT
 .text.HAL_TIM_IRQHandler
                0x0000000008003294      0x210 ./Drivers/STM32F4xx_HAL_Driver/Src/stm32f4xx_hal_tim.o
                0x0000000008003294                HAL_TIM_IRQHandler
 .text.HAL_TIM_OC_DelayElapsedCallback
                0x00000000080034a4       0x14 ./Drivers/STM32F4xx_HAL_Driver/Src/stm32f4xx_hal_tim.o
                0x00000000080034a4                HAL_TIM_OC_DelayElapsedCallback
 .text.HAL_TIM_IC_CaptureCallback
                0x00000000080034b8       0x14 ./Drivers/STM32F4xx_HAL_Driver/Src/stm32f4xx_hal_tim.o
                0x00000000080034b8                HAL_TIM_IC_CaptureCallback
 .text.HAL_TIM_PWM_PulseFinishedCallback
                0x00000000080034cc       0x14 ./Drivers/STM32F4xx_HAL_Driver/Src/stm32f4xx_hal_tim.o
                0x00000000080034cc                HAL_TIM_PWM_PulseFinishedCallback
 .text.HAL_TIM_TriggerCallback
                0x00000000080034e0       0x14 ./Drivers/STM32F4xx_HAL_Driver/Src/stm32f4xx_hal_tim.o
                0x00000000080034e0                HAL_TIM_TriggerCallback
 .text.TIM_Base_SetConfig
                0x00000000080034f4      0x140 ./Drivers/STM32F4xx_HAL_Driver/Src/stm32f4xx_hal_tim.o
                0x00000000080034f4                TIM_Base_SetConfig
 .text.HAL_TIMEx_CommutCallback
                0x0000000008003634       0x14 ./Drivers/STM32F4xx_HAL_Driver/Src/stm32f4xx_hal_tim_ex.o
                0x0000000008003634                HAL_TIMEx_CommutCallback
 .text.HAL_TIMEx_BreakCallback
                0x0000000008003648       0x14 ./Drivers/STM32F4xx_HAL_Driver/Src/stm32f4xx_hal_tim_ex.o
                0x0000000008003648                HAL_TIMEx_BreakCallback
 .text.HAL_UART_Init
                0x000000000800365c       0x9a ./Drivers/STM32F4xx_HAL_Driver/Src/stm32f4xx_hal_uart.o
                0x000000000800365c                HAL_UART_Init
 *fill*         0x00000000080036f6        0x2 
 .text.UART_SetConfig
                0x00000000080036f8      0x4e8 ./Drivers/STM32F4xx_HAL_Driver/Src/stm32f4xx_hal_uart.o
 .text.USB_CoreInit
                0x0000000008003be0       0xc2 ./Drivers/STM32F4xx_HAL_Driver/Src/stm32f4xx_ll_usb.o
                0x0000000008003be0                USB_CoreInit
 .text.USB_DisableGlobalInt
                0x0000000008003ca2       0x22 ./Drivers/STM32F4xx_HAL_Driver/Src/stm32f4xx_ll_usb.o
                0x0000000008003ca2                USB_DisableGlobalInt
 .text.USB_SetCurrentMode
                0x0000000008003cc4       0x98 ./Drivers/STM32F4xx_HAL_Driver/Src/stm32f4xx_ll_usb.o
                0x0000000008003cc4                USB_SetCurrentMode
 .text.USB_DevInit
                0x0000000008003d5c      0x2c8 ./Drivers/STM32F4xx_HAL_Driver/Src/stm32f4xx_ll_usb.o
                0x0000000008003d5c                USB_DevInit
 .text.USB_FlushTxFifo
                0x0000000008004024       0x68 ./Drivers/STM32F4xx_HAL_Driver/Src/stm32f4xx_ll_usb.o
                0x0000000008004024                USB_FlushTxFifo
 .text.USB_FlushRxFifo
                0x000000000800408c       0x60 ./Drivers/STM32F4xx_HAL_Driver/Src/stm32f4xx_ll_usb.o
                0x000000000800408c                USB_FlushRxFifo
 .text.USB_SetDevSpeed
                0x00000000080040ec       0x32 ./Drivers/STM32F4xx_HAL_Driver/Src/stm32f4xx_ll_usb.o
                0x00000000080040ec                USB_SetDevSpeed
 .text.USB_DevDisconnect
                0x000000000800411e       0x42 ./Drivers/STM32F4xx_HAL_Driver/Src/stm32f4xx_ll_usb.o
                0x000000000800411e                USB_DevDisconnect
 .text.USB_GetMode
                0x0000000008004160       0x1c ./Drivers/STM32F4xx_HAL_Driver/Src/stm32f4xx_ll_usb.o
                0x0000000008004160                USB_GetMode
 .text.USB_CoreReset
                0x000000000800417c       0x68 ./Drivers/STM32F4xx_HAL_Driver/Src/stm32f4xx_ll_usb.o
 .text.__NVIC_SetPriority
                0x00000000080041e4       0x54 ./Middlewares/Third_Party/FreeRTOS/Source/CMSIS_RTOS_V2/cmsis_os2.o
 .text.SysTick_Handler
                0x0000000008004238       0x20 ./Middlewares/Third_Party/FreeRTOS/Source/CMSIS_RTOS_V2/cmsis_os2.o
                0x0000000008004238                SysTick_Handler
 .text.SVC_Setup
                0x0000000008004258       0x12 ./Middlewares/Third_Party/FreeRTOS/Source/CMSIS_RTOS_V2/cmsis_os2.o
 *fill*         0x000000000800426a        0x2 
 .text.osKernelInitialize
                0x000000000800426c       0x48 ./Middlewares/Third_Party/FreeRTOS/Source/CMSIS_RTOS_V2/cmsis_os2.o
                0x000000000800426c                osKernelInitialize
 .text.osKernelStart
                0x00000000080042b4       0x4c ./Middlewares/Third_Party/FreeRTOS/Source/CMSIS_RTOS_V2/cmsis_os2.o
                0x00000000080042b4                osKernelStart
 .text.osThreadNew
                0x0000000008004300      0x124 ./Middlewares/Third_Party/FreeRTOS/Source/CMSIS_RTOS_V2/cmsis_os2.o
                0x0000000008004300                osThreadNew
 .text.osDelay  0x0000000008004424       0x36 ./Middlewares/Third_Party/FreeRTOS/Source/CMSIS_RTOS_V2/cmsis_os2.o
                0x0000000008004424                osDelay
 *fill*         0x000000000800445a        0x2 
 .text.vApplicationGetIdleTaskMemory
                0x000000000800445c       0x34 ./Middlewares/Third_Party/FreeRTOS/Source/CMSIS_RTOS_V2/cmsis_os2.o
                0x000000000800445c                vApplicationGetIdleTaskMemory
 .text.vApplicationGetTimerTaskMemory
                0x0000000008004490       0x34 ./Middlewares/Third_Party/FreeRTOS/Source/CMSIS_RTOS_V2/cmsis_os2.o
                0x0000000008004490                vApplicationGetTimerTaskMemory
 .text.vListInitialise
                0x00000000080044c4       0x40 ./Middlewares/Third_Party/FreeRTOS/Source/list.o
                0x00000000080044c4                vListInitialise
 .text.vListInitialiseItem
                0x0000000008004504       0x1a ./Middlewares/Third_Party/FreeRTOS/Source/list.o
                0x0000000008004504                vListInitialiseItem
 .text.vListInsertEnd
                0x000000000800451e       0x48 ./Middlewares/Third_Party/FreeRTOS/Source/list.o
                0x000000000800451e                vListInsertEnd
 .text.vListInsert
                0x0000000008004566       0x72 ./Middlewares/Third_Party/FreeRTOS/Source/list.o
                0x0000000008004566                vListInsert
 .text.uxListRemove
                0x00000000080045d8       0x54 ./Middlewares/Third_Party/FreeRTOS/Source/list.o
                0x00000000080045d8                uxListRemove
 .text.xQueueGenericReset
                0x000000000800462c       0xd0 ./Middlewares/Third_Party/FreeRTOS/Source/queue.o
                0x000000000800462c                xQueueGenericReset
 .text.xQueueGenericCreateStatic
                0x00000000080046fc       0xf0 ./Middlewares/Third_Party/FreeRTOS/Source/queue.o
                0x00000000080046fc                xQueueGenericCreateStatic
 .text.xQueueGenericCreate
                0x00000000080047ec       0x74 ./Middlewares/Third_Party/FreeRTOS/Source/queue.o
                0x00000000080047ec                xQueueGenericCreate
 .text.prvInitialiseNewQueue
                0x0000000008004860       0x46 ./Middlewares/Third_Party/FreeRTOS/Source/queue.o
 *fill*         0x00000000080048a6        0x2 
 .text.xQueueGenericSend
                0x00000000080048a8      0x1fc ./Middlewares/Third_Party/FreeRTOS/Source/queue.o
                0x00000000080048a8                xQueueGenericSend
 .text.xQueueGenericSendFromISR
                0x0000000008004aa4      0x136 ./Middlewares/Third_Party/FreeRTOS/Source/queue.o
                0x0000000008004aa4                xQueueGenericSendFromISR
 *fill*         0x0000000008004bda        0x2 
 .text.xQueueReceive
                0x0000000008004bdc      0x1c0 ./Middlewares/Third_Party/FreeRTOS/Source/queue.o
                0x0000000008004bdc                xQueueReceive
 .text.prvCopyDataToQueue
                0x0000000008004d9c       0xd4 ./Middlewares/Third_Party/FreeRTOS/Source/queue.o
 .text.prvCopyDataFromQueue
                0x0000000008004e70       0x4c ./Middlewares/Third_Party/FreeRTOS/Source/queue.o
 .text.prvUnlockQueue
                0x0000000008004ebc       0xa4 ./Middlewares/Third_Party/FreeRTOS/Source/queue.o
 .text.prvIsQueueEmpty
                0x0000000008004f60       0x2c ./Middlewares/Third_Party/FreeRTOS/Source/queue.o
 .text.prvIsQueueFull
                0x0000000008004f8c       0x30 ./Middlewares/Third_Party/FreeRTOS/Source/queue.o
 .text.vQueueAddToRegistry
                0x0000000008004fbc       0x54 ./Middlewares/Third_Party/FreeRTOS/Source/queue.o
                0x0000000008004fbc                vQueueAddToRegistry
 .text.vQueueWaitForMessageRestricted
                0x0000000008005010       0x68 ./Middlewares/Third_Party/FreeRTOS/Source/queue.o
                0x0000000008005010                vQueueWaitForMessageRestricted
 .text.xTaskCreateStatic
                0x0000000008005078       0xba ./Middlewares/Third_Party/FreeRTOS/Source/tasks.o
                0x0000000008005078                xTaskCreateStatic
 .text.xTaskCreate
                0x0000000008005132       0x8a ./Middlewares/Third_Party/FreeRTOS/Source/tasks.o
                0x0000000008005132                xTaskCreate
 .text.prvInitialiseNewTask
                0x00000000080051bc      0x154 ./Middlewares/Third_Party/FreeRTOS/Source/tasks.o
 .text.prvAddNewTaskToReadyList
                0x0000000008005310       0xe0 ./Middlewares/Third_Party/FreeRTOS/Source/tasks.o
 .text.vTaskDelay
                0x00000000080053f0       0x68 ./Middlewares/Third_Party/FreeRTOS/Source/tasks.o
                0x00000000080053f0                vTaskDelay
 .text.vTaskStartScheduler
                0x0000000008005458       0xe4 ./Middlewares/Third_Party/FreeRTOS/Source/tasks.o
                0x0000000008005458                vTaskStartScheduler
 .text.vTaskSuspendAll
                0x000000000800553c       0x1c ./Middlewares/Third_Party/FreeRTOS/Source/tasks.o
                0x000000000800553c                vTaskSuspendAll
 .text.xTaskResumeAll
                0x0000000008005558      0x13c ./Middlewares/Third_Party/FreeRTOS/Source/tasks.o
                0x0000000008005558                xTaskResumeAll
 .text.xTaskGetTickCount
                0x0000000008005694       0x20 ./Middlewares/Third_Party/FreeRTOS/Source/tasks.o
                0x0000000008005694                xTaskGetTickCount
 .text.xTaskIncrementTick
                0x00000000080056b4      0x174 ./Middlewares/Third_Party/FreeRTOS/Source/tasks.o
                0x00000000080056b4                xTaskIncrementTick
 .text.vTaskSwitchContext
                0x0000000008005828      0x100 ./Middlewares/Third_Party/FreeRTOS/Source/tasks.o
                0x0000000008005828                vTaskSwitchContext
 .text.vTaskPlaceOnEventList
                0x0000000008005928       0x48 ./Middlewares/Third_Party/FreeRTOS/Source/tasks.o
                0x0000000008005928                vTaskPlaceOnEventList
 .text.vTaskPlaceOnEventListRestricted
                0x0000000008005970       0x58 ./Middlewares/Third_Party/FreeRTOS/Source/tasks.o
                0x0000000008005970                vTaskPlaceOnEventListRestricted
 .text.xTaskRemoveFromEventList
                0x00000000080059c8       0xc8 ./Middlewares/Third_Party/FreeRTOS/Source/tasks.o
                0x00000000080059c8                xTaskRemoveFromEventList
 .text.vTaskInternalSetTimeOutState
                0x0000000008005a90       0x2c ./Middlewares/Third_Party/FreeRTOS/Source/tasks.o
                0x0000000008005a90                vTaskInternalSetTimeOutState
 .text.xTaskCheckForTimeOut
                0x0000000008005abc       0xc4 ./Middlewares/Third_Party/FreeRTOS/Source/tasks.o
                0x0000000008005abc                xTaskCheckForTimeOut
 .text.vTaskMissedYield
                0x0000000008005b80       0x18 ./Middlewares/Third_Party/FreeRTOS/Source/tasks.o
                0x0000000008005b80                vTaskMissedYield
 .text.prvIdleTask
                0x0000000008005b98       0x30 ./Middlewares/Third_Party/FreeRTOS/Source/tasks.o
 .text.prvInitialiseTaskLists
                0x0000000008005bc8       0x80 ./Middlewares/Third_Party/FreeRTOS/Source/tasks.o
 .text.prvCheckTasksWaitingTermination
                0x0000000008005c48       0x5c ./Middlewares/Third_Party/FreeRTOS/Source/tasks.o
 .text.prvDeleteTCB
                0x0000000008005ca4       0x68 ./Middlewares/Third_Party/FreeRTOS/Source/tasks.o
 .text.prvResetNextTaskUnblockTime
                0x0000000008005d0c       0x40 ./Middlewares/Third_Party/FreeRTOS/Source/tasks.o
 .text.xTaskGetSchedulerState
                0x0000000008005d4c       0x3c ./Middlewares/Third_Party/FreeRTOS/Source/tasks.o
                0x0000000008005d4c                xTaskGetSchedulerState
 .text.xTaskPriorityDisinherit
                0x0000000008005d88       0xdc ./Middlewares/Third_Party/FreeRTOS/Source/tasks.o
                0x0000000008005d88                xTaskPriorityDisinherit
 .text.prvAddCurrentTaskToDelayedList
                0x0000000008005e64       0xa8 ./Middlewares/Third_Party/FreeRTOS/Source/tasks.o
 .text.xTimerCreateTimerTask
                0x0000000008005f0c       0x90 ./Middlewares/Third_Party/FreeRTOS/Source/timers.o
                0x0000000008005f0c                xTimerCreateTimerTask
 .text.xTimerGenericCommand
                0x0000000008005f9c       0x9c ./Middlewares/Third_Party/FreeRTOS/Source/timers.o
                0x0000000008005f9c                xTimerGenericCommand
 .text.prvProcessExpiredTimer
                0x0000000008006038       0x98 ./Middlewares/Third_Party/FreeRTOS/Source/timers.o
 .text.prvTimerTask
                0x00000000080060d0       0x24 ./Middlewares/Third_Party/FreeRTOS/Source/timers.o
 .text.prvProcessTimerOrBlockTask
                0x00000000080060f4       0x9c ./Middlewares/Third_Party/FreeRTOS/Source/timers.o
 .text.prvGetNextExpireTime
                0x0000000008006190       0x48 ./Middlewares/Third_Party/FreeRTOS/Source/timers.o
 .text.prvSampleTimeNow
                0x00000000080061d8       0x40 ./Middlewares/Third_Party/FreeRTOS/Source/timers.o
 .text.prvInsertTimerInActiveList
                0x0000000008006218       0x84 ./Middlewares/Third_Party/FreeRTOS/Source/timers.o
 .text.prvProcessReceivedCommands
                0x000000000800629c      0x1c4 ./Middlewares/Third_Party/FreeRTOS/Source/timers.o
 .text.prvSwitchTimerLists
                0x0000000008006460       0xc8 ./Middlewares/Third_Party/FreeRTOS/Source/timers.o
 .text.prvCheckForValidListAndQueue
                0x0000000008006528       0x80 ./Middlewares/Third_Party/FreeRTOS/Source/timers.o
 .text.pxPortInitialiseStack
                0x00000000080065a8       0x68 ./Middlewares/Third_Party/FreeRTOS/Source/portable/GCC/ARM_CM4F/port.o
                0x00000000080065a8                pxPortInitialiseStack
 .text.prvTaskExitError
                0x0000000008006610       0x58 ./Middlewares/Third_Party/FreeRTOS/Source/portable/GCC/ARM_CM4F/port.o
 *fill*         0x0000000008006668        0x8 
 .text.SVC_Handler
                0x0000000008006670       0x28 ./Middlewares/Third_Party/FreeRTOS/Source/portable/GCC/ARM_CM4F/port.o
                0x0000000008006670                SVC_Handler
 .text.prvPortStartFirstTask
                0x0000000008006698       0x28 ./Middlewares/Third_Party/FreeRTOS/Source/portable/GCC/ARM_CM4F/port.o
 .text.xPortStartScheduler
                0x00000000080066c0      0x144 ./Middlewares/Third_Party/FreeRTOS/Source/portable/GCC/ARM_CM4F/port.o
                0x00000000080066c0                xPortStartScheduler
 .text.vPortEnterCritical
                0x0000000008006804       0x60 ./Middlewares/Third_Party/FreeRTOS/Source/portable/GCC/ARM_CM4F/port.o
                0x0000000008006804                vPortEnterCritical
 .text.vPortExitCritical
                0x0000000008006864       0x54 ./Middlewares/Third_Party/FreeRTOS/Source/portable/GCC/ARM_CM4F/port.o
                0x0000000008006864                vPortExitCritical
 *fill*         0x00000000080068b8        0x8 
 .text.PendSV_Handler
                0x00000000080068c0       0x68 ./Middlewares/Third_Party/FreeRTOS/Source/portable/GCC/ARM_CM4F/port.o
                0x00000000080068c0                PendSV_Handler
 .text.xPortSysTickHandler
                0x0000000008006928       0x44 ./Middlewares/Third_Party/FreeRTOS/Source/portable/GCC/ARM_CM4F/port.o
                0x0000000008006928                xPortSysTickHandler
 .text.vPortSetupTimerInterrupt
                0x000000000800696c       0x48 ./Middlewares/Third_Party/FreeRTOS/Source/portable/GCC/ARM_CM4F/port.o
                0x000000000800696c                vPortSetupTimerInterrupt
 .text.vPortEnableVFP
                0x00000000080069b4       0x14 ./Middlewares/Third_Party/FreeRTOS/Source/portable/GCC/ARM_CM4F/port.o
 .text.vPortValidateInterruptPriority
                0x00000000080069c8       0x80 ./Middlewares/Third_Party/FreeRTOS/Source/portable/GCC/ARM_CM4F/port.o
                0x00000000080069c8                vPortValidateInterruptPriority
 .text.pvPortMalloc
                0x0000000008006a48      0x198 ./Middlewares/Third_Party/FreeRTOS/Source/portable/MemMang/heap_4.o
                0x0000000008006a48                pvPortMalloc
 .text.vPortFree
                0x0000000008006be0       0xc4 ./Middlewares/Third_Party/FreeRTOS/Source/portable/MemMang/heap_4.o
                0x0000000008006be0                vPortFree
 .text.prvHeapInit
                0x0000000008006ca4       0xc4 ./Middlewares/Third_Party/FreeRTOS/Source/portable/MemMang/heap_4.o
 .text.prvInsertBlockIntoFreeList
                0x0000000008006d68       0xb4 ./Middlewares/Third_Party/FreeRTOS/Source/portable/MemMang/heap_4.o
 .text.memset   0x0000000008006e1c       0x10 C:/ST/STM32CubeIDE_1.13.0/STM32CubeIDE/plugins/com.st.stm32cube.ide.mcu.externaltools.gnu-tools-for-stm32.11.3.rel1.win32_1.1.0.202305231506/tools/bin/../lib/gcc/arm-none-eabi/11.3.1/../../../../arm-none-eabi/lib/thumb/v7e-m+fp/hard\libc_nano.a(libc_a-memset.o)
                0x0000000008006e1c                memset
 .text._reclaim_reent
                0x0000000008006e2c       0xac C:/ST/STM32CubeIDE_1.13.0/STM32CubeIDE/plugins/com.st.stm32cube.ide.mcu.externaltools.gnu-tools-for-stm32.11.3.rel1.win32_1.1.0.202305231506/tools/bin/../lib/gcc/arm-none-eabi/11.3.1/../../../../arm-none-eabi/lib/thumb/v7e-m+fp/hard\libc_nano.a(libc_a-reent.o)
                0x0000000008006e2c                _reclaim_reent
 .text.__libc_init_array
                0x0000000008006ed8       0x48 C:/ST/STM32CubeIDE_1.13.0/STM32CubeIDE/plugins/com.st.stm32cube.ide.mcu.externaltools.gnu-tools-for-stm32.11.3.rel1.win32_1.1.0.202305231506/tools/bin/../lib/gcc/arm-none-eabi/11.3.1/../../../../arm-none-eabi/lib/thumb/v7e-m+fp/hard\libc_nano.a(libc_a-init.o)
                0x0000000008006ed8                __libc_init_array
 .text.__retarget_lock_acquire_recursive
                0x0000000008006f20        0x2 C:/ST/STM32CubeIDE_1.13.0/STM32CubeIDE/plugins/com.st.stm32cube.ide.mcu.externaltools.gnu-tools-for-stm32.11.3.rel1.win32_1.1.0.202305231506/tools/bin/../lib/gcc/arm-none-eabi/11.3.1/../../../../arm-none-eabi/lib/thumb/v7e-m+fp/hard\libc_nano.a(libc_a-lock.o)
                0x0000000008006f20                __retarget_lock_acquire_recursive
 .text.__retarget_lock_release_recursive
                0x0000000008006f22        0x2 C:/ST/STM32CubeIDE_1.13.0/STM32CubeIDE/plugins/com.st.stm32cube.ide.mcu.externaltools.gnu-tools-for-stm32.11.3.rel1.win32_1.1.0.202305231506/tools/bin/../lib/gcc/arm-none-eabi/11.3.1/../../../../arm-none-eabi/lib/thumb/v7e-m+fp/hard\libc_nano.a(libc_a-lock.o)
                0x0000000008006f22                __retarget_lock_release_recursive
 .text.memcpy   0x0000000008006f24       0x1c C:/ST/STM32CubeIDE_1.13.0/STM32CubeIDE/plugins/com.st.stm32cube.ide.mcu.externaltools.gnu-tools-for-stm32.11.3.rel1.win32_1.1.0.202305231506/tools/bin/../lib/gcc/arm-none-eabi/11.3.1/../../../../arm-none-eabi/lib/thumb/v7e-m+fp/hard\libc_nano.a(libc_a-memcpy-stub.o)
                0x0000000008006f24                memcpy
 .text._free_r  0x0000000008006f40       0x98 C:/ST/STM32CubeIDE_1.13.0/STM32CubeIDE/plugins/com.st.stm32cube.ide.mcu.externaltools.gnu-tools-for-stm32.11.3.rel1.win32_1.1.0.202305231506/tools/bin/../lib/gcc/arm-none-eabi/11.3.1/../../../../arm-none-eabi/lib/thumb/v7e-m+fp/hard\libc_nano.a(libc_a-freer.o)
                0x0000000008006f40                _free_r
 .text.__malloc_lock
                0x0000000008006fd8        0xc C:/ST/STM32CubeIDE_1.13.0/STM32CubeIDE/plugins/com.st.stm32cube.ide.mcu.externaltools.gnu-tools-for-stm32.11.3.rel1.win32_1.1.0.202305231506/tools/bin/../lib/gcc/arm-none-eabi/11.3.1/../../../../arm-none-eabi/lib/thumb/v7e-m+fp/hard\libc_nano.a(libc_a-mlock.o)
                0x0000000008006fd8                __malloc_lock
 .text.__malloc_unlock
                0x0000000008006fe4        0xc C:/ST/STM32CubeIDE_1.13.0/STM32CubeIDE/plugins/com.st.stm32cube.ide.mcu.externaltools.gnu-tools-for-stm32.11.3.rel1.win32_1.1.0.202305231506/tools/bin/../lib/gcc/arm-none-eabi/11.3.1/../../../../arm-none-eabi/lib/thumb/v7e-m+fp/hard\libc_nano.a(libc_a-mlock.o)
                0x0000000008006fe4                __malloc_unlock
 *(.glue_7)
 .glue_7        0x0000000008006ff0        0x0 linker stubs
 *(.glue_7t)
 .glue_7t       0x0000000008006ff0        0x0 linker stubs
 *(.eh_frame)
 .eh_frame      0x0000000008006ff0        0x0 C:/ST/STM32CubeIDE_1.13.0/STM32CubeIDE/plugins/com.st.stm32cube.ide.mcu.externaltools.gnu-tools-for-stm32.11.3.rel1.win32_1.1.0.202305231506/tools/bin/../lib/gcc/arm-none-eabi/11.3.1/thumb/v7e-m+fp/hard/crtbegin.o
 *(.init)
 .init          0x0000000008006ff0        0x4 C:/ST/STM32CubeIDE_1.13.0/STM32CubeIDE/plugins/com.st.stm32cube.ide.mcu.externaltools.gnu-tools-for-stm32.11.3.rel1.win32_1.1.0.202305231506/tools/bin/../lib/gcc/arm-none-eabi/11.3.1/thumb/v7e-m+fp/hard/crti.o
                0x0000000008006ff0                _init
 .init          0x0000000008006ff4        0x8 C:/ST/STM32CubeIDE_1.13.0/STM32CubeIDE/plugins/com.st.stm32cube.ide.mcu.externaltools.gnu-tools-for-stm32.11.3.rel1.win32_1.1.0.202305231506/tools/bin/../lib/gcc/arm-none-eabi/11.3.1/thumb/v7e-m+fp/hard/crtn.o
 *(.fini)
 .fini          0x0000000008006ffc        0x4 C:/ST/STM32CubeIDE_1.13.0/STM32CubeIDE/plugins/com.st.stm32cube.ide.mcu.externaltools.gnu-tools-for-stm32.11.3.rel1.win32_1.1.0.202305231506/tools/bin/../lib/gcc/arm-none-eabi/11.3.1/thumb/v7e-m+fp/hard/crti.o
                0x0000000008006ffc                _fini
 .fini          0x0000000008007000        0x8 C:/ST/STM32CubeIDE_1.13.0/STM32CubeIDE/plugins/com.st.stm32cube.ide.mcu.externaltools.gnu-tools-for-stm32.11.3.rel1.win32_1.1.0.202305231506/tools/bin/../lib/gcc/arm-none-eabi/11.3.1/thumb/v7e-m+fp/hard/crtn.o
                0x0000000008007008                . = ALIGN (0x4)
                0x0000000008007008                _etext = .

.vfp11_veneer   0x0000000008007008        0x0
 .vfp11_veneer  0x0000000008007008        0x0 linker stubs

.v4_bx          0x0000000008007008        0x0
 .v4_bx         0x0000000008007008        0x0 linker stubs

.iplt           0x0000000008007008        0x0
 .iplt          0x0000000008007008        0x0 C:/ST/STM32CubeIDE_1.13.0/STM32CubeIDE/plugins/com.st.stm32cube.ide.mcu.externaltools.gnu-tools-for-stm32.11.3.rel1.win32_1.1.0.202305231506/tools/bin/../lib/gcc/arm-none-eabi/11.3.1/thumb/v7e-m+fp/hard/crtbegin.o

.rodata         0x0000000008007008       0xcc
                0x0000000008007008                . = ALIGN (0x4)
 *(.rodata)
 .rodata        0x0000000008007008        0x9 ./Core/Src/SEGGER_RTT.o
 *fill*         0x0000000008007011        0x3 
 .rodata        0x0000000008007014       0x1f ./Core/Src/main.o
 *fill*         0x0000000008007033        0x1 
 .rodata        0x0000000008007034       0x30 ./Middlewares/Third_Party/FreeRTOS/Source/tasks.o
 .rodata        0x0000000008007064        0xd ./Middlewares/Third_Party/FreeRTOS/Source/timers.o
 *(.rodata*)
 *fill*         0x0000000008007071        0x3 
 .rodata._aInitStr.0
                0x0000000008007074       0x11 ./Core/Src/SEGGER_RTT.o
 *fill*         0x0000000008007085        0x3 
 .rodata._aV2C.0
                0x0000000008007088       0x10 ./Core/Src/SEGGER_RTT_printf.o
 .rodata.defaultTask_attributes
                0x0000000008007098       0x24 ./Core/Src/main.o
                0x0000000008007098                defaultTask_attributes
 .rodata.AHBPrescTable
                0x00000000080070bc       0x10 ./Core/Src/system_stm32f4xx.o
                0x00000000080070bc                AHBPrescTable
 .rodata.APBPrescTable
                0x00000000080070cc        0x8 ./Core/Src/system_stm32f4xx.o
                0x00000000080070cc                APBPrescTable
                0x00000000080070d4                . = ALIGN (0x4)

.ARM.extab      0x00000000080070d4        0x0
                0x00000000080070d4                . = ALIGN (0x4)
 *(.ARM.extab* .gnu.linkonce.armextab.*)
                0x00000000080070d4                . = ALIGN (0x4)

.ARM            0x00000000080070d4        0x8
                0x00000000080070d4                . = ALIGN (0x4)
                0x00000000080070d4                __exidx_start = .
 *(.ARM.exidx*)
 .ARM.exidx     0x00000000080070d4        0x8 C:/ST/STM32CubeIDE_1.13.0/STM32CubeIDE/plugins/com.st.stm32cube.ide.mcu.externaltools.gnu-tools-for-stm32.11.3.rel1.win32_1.1.0.202305231506/tools/bin/../lib/gcc/arm-none-eabi/11.3.1/thumb/v7e-m+fp/hard\libgcc.a(_udivmoddi4.o)
                0x00000000080070dc                __exidx_end = .
                0x00000000080070dc                . = ALIGN (0x4)

.rel.dyn        0x00000000080070dc        0x0
 .rel.iplt      0x00000000080070dc        0x0 C:/ST/STM32CubeIDE_1.13.0/STM32CubeIDE/plugins/com.st.stm32cube.ide.mcu.externaltools.gnu-tools-for-stm32.11.3.rel1.win32_1.1.0.202305231506/tools/bin/../lib/gcc/arm-none-eabi/11.3.1/thumb/v7e-m+fp/hard/crtbegin.o

.preinit_array  0x00000000080070dc        0x0
                0x00000000080070dc                . = ALIGN (0x4)
                0x00000000080070dc                PROVIDE (__preinit_array_start = .)
 *(.preinit_array*)
                0x00000000080070dc                PROVIDE (__preinit_array_end = .)
                0x00000000080070dc                . = ALIGN (0x4)

.init_array     0x00000000080070dc        0x4
                0x00000000080070dc                . = ALIGN (0x4)
                0x00000000080070dc                PROVIDE (__init_array_start = .)
 *(SORT_BY_NAME(.init_array.*))
 *(.init_array*)
 .init_array    0x00000000080070dc        0x4 C:/ST/STM32CubeIDE_1.13.0/STM32CubeIDE/plugins/com.st.stm32cube.ide.mcu.externaltools.gnu-tools-for-stm32.11.3.rel1.win32_1.1.0.202305231506/tools/bin/../lib/gcc/arm-none-eabi/11.3.1/thumb/v7e-m+fp/hard/crtbegin.o
                0x00000000080070e0                PROVIDE (__init_array_end = .)
                0x00000000080070e0                . = ALIGN (0x4)

.fini_array     0x00000000080070e0        0x4
                0x00000000080070e0                . = ALIGN (0x4)
                [!provide]                        PROVIDE (__fini_array_start = .)
 *(SORT_BY_NAME(.fini_array.*))
 *(.fini_array*)
 .fini_array    0x00000000080070e0        0x4 C:/ST/STM32CubeIDE_1.13.0/STM32CubeIDE/plugins/com.st.stm32cube.ide.mcu.externaltools.gnu-tools-for-stm32.11.3.rel1.win32_1.1.0.202305231506/tools/bin/../lib/gcc/arm-none-eabi/11.3.1/thumb/v7e-m+fp/hard/crtbegin.o
                [!provide]                        PROVIDE (__fini_array_end = .)
                0x00000000080070e4                . = ALIGN (0x4)
                0x00000000080070e4                _sidata = LOADADDR (.data)

.data           0x0000000020000000       0x60 load address 0x00000000080070e4
                0x0000000020000000                . = ALIGN (0x4)
                0x0000000020000000                _sdata = .
 *(.data)
 *(.data*)
 .data.SystemCoreClock
                0x0000000020000000        0x4 ./Core/Src/system_stm32f4xx.o
                0x0000000020000000                SystemCoreClock
 .data.uwTickPrio
                0x0000000020000004        0x4 ./Drivers/STM32F4xx_HAL_Driver/Src/stm32f4xx_hal.o
                0x0000000020000004                uwTickPrio
 .data.uwTickFreq
                0x0000000020000008        0x1 ./Drivers/STM32F4xx_HAL_Driver/Src/stm32f4xx_hal.o
                0x0000000020000008                uwTickFreq
 *fill*         0x0000000020000009        0x3 
 .data.uxCriticalNesting
                0x000000002000000c        0x4 ./Middlewares/Third_Party/FreeRTOS/Source/portable/GCC/ARM_CM4F/port.o
 .data._impure_data
                0x0000000020000010       0x4c C:/ST/STM32CubeIDE_1.13.0/STM32CubeIDE/plugins/com.st.stm32cube.ide.mcu.externaltools.gnu-tools-for-stm32.11.3.rel1.win32_1.1.0.202305231506/tools/bin/../lib/gcc/arm-none-eabi/11.3.1/../../../../arm-none-eabi/lib/thumb/v7e-m+fp/hard\libc_nano.a(libc_a-impure.o)
                0x0000000020000010                _impure_data
 .data._impure_ptr
                0x000000002000005c        0x4 C:/ST/STM32CubeIDE_1.13.0/STM32CubeIDE/plugins/com.st.stm32cube.ide.mcu.externaltools.gnu-tools-for-stm32.11.3.rel1.win32_1.1.0.202305231506/tools/bin/../lib/gcc/arm-none-eabi/11.3.1/../../../../arm-none-eabi/lib/thumb/v7e-m+fp/hard\libc_nano.a(libc_a-impure.o)
                0x000000002000005c                _impure_ptr
 *(.RamFunc)
 *(.RamFunc*)
                0x0000000020000060                . = ALIGN (0x4)
                0x0000000020000060                _edata = .
                0x0000000008007144                _siccmram = LOADADDR (.ccmram)

.igot.plt       0x0000000020000060        0x0 load address 0x0000000008007144
 .igot.plt      0x0000000020000060        0x0 C:/ST/STM32CubeIDE_1.13.0/STM32CubeIDE/plugins/com.st.stm32cube.ide.mcu.externaltools.gnu-tools-for-stm32.11.3.rel1.win32_1.1.0.202305231506/tools/bin/../lib/gcc/arm-none-eabi/11.3.1/thumb/v7e-m+fp/hard/crtbegin.o

.ccmram         0x0000000010000000        0x0 load address 0x0000000008007144
                0x0000000010000000                . = ALIGN (0x4)
                0x0000000010000000                _sccmram = .
 *(.ccmram)
 *(.ccmram*)
                0x0000000010000000                . = ALIGN (0x4)
                0x0000000010000000                _eccmram = .
                0x0000000010000000                . = ALIGN (0x4)

.bss            0x0000000020000060     0x57dc
                0x0000000020000060                _sbss = .
                0x0000000020000060                __bss_start__ = _sbss
 *(.bss)
 .bss           0x0000000020000060       0x1c C:/ST/STM32CubeIDE_1.13.0/STM32CubeIDE/plugins/com.st.stm32cube.ide.mcu.externaltools.gnu-tools-for-stm32.11.3.rel1.win32_1.1.0.202305231506/tools/bin/../lib/gcc/arm-none-eabi/11.3.1/thumb/v7e-m+fp/hard/crtbegin.o
 *(.bss*)
 .bss._SEGGER_RTT
                0x000000002000007c       0xa8 ./Core/Src/SEGGER_RTT.o
                0x000000002000007c                _SEGGER_RTT
 .bss._acUpBuffer
                0x0000000020000124      0x400 ./Core/Src/SEGGER_RTT.o
 .bss._acDownBuffer
                0x0000000020000524       0x10 ./Core/Src/SEGGER_RTT.o
 .bss.TxConfig  0x0000000020000534       0x38 ./Core/Src/main.o
                0x0000000020000534                TxConfig
 .bss.DMARxDscrTab
                0x000000002000056c       0xa0 ./Core/Src/main.o
                0x000000002000056c                DMARxDscrTab
 .bss.DMATxDscrTab
                0x000000002000060c       0xa0 ./Core/Src/main.o
                0x000000002000060c                DMATxDscrTab
 .bss.heth      0x00000000200006ac       0xb0 ./Core/Src/main.o
                0x00000000200006ac                heth
 .bss.huart3    0x000000002000075c       0x44 ./Core/Src/main.o
                0x000000002000075c                huart3
 .bss.hpcd_USB_OTG_FS
                0x00000000200007a0      0x50c ./Core/Src/main.o
                0x00000000200007a0                hpcd_USB_OTG_FS
 .bss.defaultTaskHandle
                0x0000000020000cac        0x4 ./Core/Src/main.o
                0x0000000020000cac                defaultTaskHandle
 .bss.MACAddr.0
                0x0000000020000cb0        0x6 ./Core/Src/main.o
 *fill*         0x0000000020000cb6        0x2 
 .bss.htim6     0x0000000020000cb8       0x48 ./Core/Src/stm32f4xx_hal_timebase_tim.o
                0x0000000020000cb8                htim6
 .bss.uwTick    0x0000000020000d00        0x4 ./Drivers/STM32F4xx_HAL_Driver/Src/stm32f4xx_hal.o
                0x0000000020000d00                uwTick
 .bss.KernelState
                0x0000000020000d04        0x4 ./Middlewares/Third_Party/FreeRTOS/Source/CMSIS_RTOS_V2/cmsis_os2.o
 .bss.Idle_TCB.3
                0x0000000020000d08       0xac ./Middlewares/Third_Party/FreeRTOS/Source/CMSIS_RTOS_V2/cmsis_os2.o
 .bss.Idle_Stack.2
                0x0000000020000db4      0x200 ./Middlewares/Third_Party/FreeRTOS/Source/CMSIS_RTOS_V2/cmsis_os2.o
 .bss.Timer_TCB.1
                0x0000000020000fb4       0xac ./Middlewares/Third_Party/FreeRTOS/Source/CMSIS_RTOS_V2/cmsis_os2.o
 .bss.Timer_Stack.0
                0x0000000020001060      0x400 ./Middlewares/Third_Party/FreeRTOS/Source/CMSIS_RTOS_V2/cmsis_os2.o
 .bss.xQueueRegistry
                0x0000000020001460       0x40 ./Middlewares/Third_Party/FreeRTOS/Source/queue.o
                0x0000000020001460                xQueueRegistry
 .bss.pxCurrentTCB
                0x00000000200014a0        0x4 ./Middlewares/Third_Party/FreeRTOS/Source/tasks.o
                0x00000000200014a0                pxCurrentTCB
 .bss.pxReadyTasksLists
                0x00000000200014a4      0x460 ./Middlewares/Third_Party/FreeRTOS/Source/tasks.o
 .bss.xDelayedTaskList1
                0x0000000020001904       0x14 ./Middlewares/Third_Party/FreeRTOS/Source/tasks.o
 .bss.xDelayedTaskList2
                0x0000000020001918       0x14 ./Middlewares/Third_Party/FreeRTOS/Source/tasks.o
 .bss.pxDelayedTaskList
                0x000000002000192c        0x4 ./Middlewares/Third_Party/FreeRTOS/Source/tasks.o
 .bss.pxOverflowDelayedTaskList
                0x0000000020001930        0x4 ./Middlewares/Third_Party/FreeRTOS/Source/tasks.o
 .bss.xPendingReadyList
                0x0000000020001934       0x14 ./Middlewares/Third_Party/FreeRTOS/Source/tasks.o
 .bss.xTasksWaitingTermination
                0x0000000020001948       0x14 ./Middlewares/Third_Party/FreeRTOS/Source/tasks.o
 .bss.uxDeletedTasksWaitingCleanUp
                0x000000002000195c        0x4 ./Middlewares/Third_Party/FreeRTOS/Source/tasks.o
 .bss.xSuspendedTaskList
                0x0000000020001960       0x14 ./Middlewares/Third_Party/FreeRTOS/Source/tasks.o
 .bss.uxCurrentNumberOfTasks
                0x0000000020001974        0x4 ./Middlewares/Third_Party/FreeRTOS/Source/tasks.o
 .bss.xTickCount
                0x0000000020001978        0x4 ./Middlewares/Third_Party/FreeRTOS/Source/tasks.o
 .bss.uxTopReadyPriority
                0x000000002000197c        0x4 ./Middlewares/Third_Party/FreeRTOS/Source/tasks.o
 .bss.xSchedulerRunning
                0x0000000020001980        0x4 ./Middlewares/Third_Party/FreeRTOS/Source/tasks.o
 .bss.xPendedTicks
                0x0000000020001984        0x4 ./Middlewares/Third_Party/FreeRTOS/Source/tasks.o
 .bss.xYieldPending
                0x0000000020001988        0x4 ./Middlewares/Third_Party/FreeRTOS/Source/tasks.o
 .bss.xNumOfOverflows
                0x000000002000198c        0x4 ./Middlewares/Third_Party/FreeRTOS/Source/tasks.o
 .bss.uxTaskNumber
                0x0000000020001990        0x4 ./Middlewares/Third_Party/FreeRTOS/Source/tasks.o
 .bss.xNextTaskUnblockTime
                0x0000000020001994        0x4 ./Middlewares/Third_Party/FreeRTOS/Source/tasks.o
 .bss.xIdleTaskHandle
                0x0000000020001998        0x4 ./Middlewares/Third_Party/FreeRTOS/Source/tasks.o
 .bss.uxSchedulerSuspended
                0x000000002000199c        0x4 ./Middlewares/Third_Party/FreeRTOS/Source/tasks.o
 .bss.ulTaskSwitchedInTime
                0x00000000200019a0        0x4 ./Middlewares/Third_Party/FreeRTOS/Source/tasks.o
 .bss.ulTotalRunTime
                0x00000000200019a4        0x4 ./Middlewares/Third_Party/FreeRTOS/Source/tasks.o
 .bss.xActiveTimerList1
                0x00000000200019a8       0x14 ./Middlewares/Third_Party/FreeRTOS/Source/timers.o
 .bss.xActiveTimerList2
                0x00000000200019bc       0x14 ./Middlewares/Third_Party/FreeRTOS/Source/timers.o
 .bss.pxCurrentTimerList
                0x00000000200019d0        0x4 ./Middlewares/Third_Party/FreeRTOS/Source/timers.o
 .bss.pxOverflowTimerList
                0x00000000200019d4        0x4 ./Middlewares/Third_Party/FreeRTOS/Source/timers.o
 .bss.xTimerQueue
                0x00000000200019d8        0x4 ./Middlewares/Third_Party/FreeRTOS/Source/timers.o
 .bss.xTimerTaskHandle
                0x00000000200019dc        0x4 ./Middlewares/Third_Party/FreeRTOS/Source/timers.o
 .bss.xLastTime.2
                0x00000000200019e0        0x4 ./Middlewares/Third_Party/FreeRTOS/Source/timers.o
 .bss.ucStaticTimerQueueStorage.1
                0x00000000200019e4       0xa0 ./Middlewares/Third_Party/FreeRTOS/Source/timers.o
 .bss.xStaticTimerQueue.0
                0x0000000020001a84       0x50 ./Middlewares/Third_Party/FreeRTOS/Source/timers.o
 .bss.ucMaxSysCallPriority
                0x0000000020001ad4        0x1 ./Middlewares/Third_Party/FreeRTOS/Source/portable/GCC/ARM_CM4F/port.o
 *fill*         0x0000000020001ad5        0x3 
 .bss.ulMaxPRIGROUPValue
                0x0000000020001ad8        0x4 ./Middlewares/Third_Party/FreeRTOS/Source/portable/GCC/ARM_CM4F/port.o
 .bss.ucHeap    0x0000000020001adc     0x3c00 ./Middlewares/Third_Party/FreeRTOS/Source/portable/MemMang/heap_4.o
 .bss.xStart    0x00000000200056dc        0x8 ./Middlewares/Third_Party/FreeRTOS/Source/portable/MemMang/heap_4.o
 .bss.pxEnd     0x00000000200056e4        0x4 ./Middlewares/Third_Party/FreeRTOS/Source/portable/MemMang/heap_4.o
 .bss.xFreeBytesRemaining
                0x00000000200056e8        0x4 ./Middlewares/Third_Party/FreeRTOS/Source/portable/MemMang/heap_4.o
 .bss.xMinimumEverFreeBytesRemaining
                0x00000000200056ec        0x4 ./Middlewares/Third_Party/FreeRTOS/Source/portable/MemMang/heap_4.o
 .bss.xNumberOfSuccessfulAllocations
                0x00000000200056f0        0x4 ./Middlewares/Third_Party/FreeRTOS/Source/portable/MemMang/heap_4.o
 .bss.xNumberOfSuccessfulFrees
                0x00000000200056f4        0x4 ./Middlewares/Third_Party/FreeRTOS/Source/portable/MemMang/heap_4.o
 .bss.xBlockAllocatedBit
                0x00000000200056f8        0x4 ./Middlewares/Third_Party/FreeRTOS/Source/portable/MemMang/heap_4.o
 .bss.__sf      0x00000000200056fc      0x138 C:/ST/STM32CubeIDE_1.13.0/STM32CubeIDE/plugins/com.st.stm32cube.ide.mcu.externaltools.gnu-tools-for-stm32.11.3.rel1.win32_1.1.0.202305231506/tools/bin/../lib/gcc/arm-none-eabi/11.3.1/../../../../arm-none-eabi/lib/thumb/v7e-m+fp/hard\libc_nano.a(libc_a-findfp.o)
                0x00000000200056fc                __sf
 .bss.__lock___malloc_recursive_mutex
                0x0000000020005834        0x1 C:/ST/STM32CubeIDE_1.13.0/STM32CubeIDE/plugins/com.st.stm32cube.ide.mcu.externaltools.gnu-tools-for-stm32.11.3.rel1.win32_1.1.0.202305231506/tools/bin/../lib/gcc/arm-none-eabi/11.3.1/../../../../arm-none-eabi/lib/thumb/v7e-m+fp/hard\libc_nano.a(libc_a-lock.o)
                0x0000000020005834                __lock___malloc_recursive_mutex
 *fill*         0x0000000020005835        0x3 
 .bss.__malloc_free_list
                0x0000000020005838        0x4 C:/ST/STM32CubeIDE_1.13.0/STM32CubeIDE/plugins/com.st.stm32cube.ide.mcu.externaltools.gnu-tools-for-stm32.11.3.rel1.win32_1.1.0.202305231506/tools/bin/../lib/gcc/arm-none-eabi/11.3.1/../../../../arm-none-eabi/lib/thumb/v7e-m+fp/hard\libc_nano.a(libc_a-mallocr.o)
                0x0000000020005838                __malloc_free_list
 *(COMMON)
                0x000000002000583c                . = ALIGN (0x4)
                0x000000002000583c                _ebss = .
                0x000000002000583c                __bss_end__ = _ebss

._user_heap_stack
                0x000000002000583c      0x604
                0x0000000020005840                . = ALIGN (0x8)
 *fill*         0x000000002000583c        0x4 
                [!provide]                        PROVIDE (end = .)
                0x0000000020005840                PROVIDE (_end = .)
                0x0000000020005a40                . = (. + _Min_Heap_Size)
 *fill*         0x0000000020005840      0x200 
                0x0000000020005e40                . = (. + _Min_Stack_Size)
 *fill*         0x0000000020005a40      0x400 
                0x0000000020005e40                . = ALIGN (0x8)

/DISCARD/
 libc.a(*)
 libm.a(*)
 libgcc.a(*)

.ARM.attributes
                0x0000000000000000       0x30
 *(.ARM.attributes)
 .ARM.attributes
                0x0000000000000000       0x1e C:/ST/STM32CubeIDE_1.13.0/STM32CubeIDE/plugins/com.st.stm32cube.ide.mcu.externaltools.gnu-tools-for-stm32.11.3.rel1.win32_1.1.0.202305231506/tools/bin/../lib/gcc/arm-none-eabi/11.3.1/thumb/v7e-m+fp/hard/crti.o
 .ARM.attributes
                0x000000000000001e       0x34 C:/ST/STM32CubeIDE_1.13.0/STM32CubeIDE/plugins/com.st.stm32cube.ide.mcu.externaltools.gnu-tools-for-stm32.11.3.rel1.win32_1.1.0.202305231506/tools/bin/../lib/gcc/arm-none-eabi/11.3.1/thumb/v7e-m+fp/hard/crtbegin.o
 .ARM.attributes
                0x0000000000000052       0x34 ./Core/Src/SEGGER_RTT.o
 .ARM.attributes
                0x0000000000000086       0x34 ./Core/Src/SEGGER_RTT_printf.o
 .ARM.attributes
                0x00000000000000ba       0x34 ./Core/Src/freertos.o
 .ARM.attributes
                0x00000000000000ee       0x34 ./Core/Src/main.o
 .ARM.attributes
                0x0000000000000122       0x34 ./Core/Src/stm32f4xx_hal_msp.o
 .ARM.attributes
                0x0000000000000156       0x34 ./Core/Src/stm32f4xx_hal_timebase_tim.o
 .ARM.attributes
                0x000000000000018a       0x34 ./Core/Src/stm32f4xx_it.o
 .ARM.attributes
                0x00000000000001be       0x34 ./Core/Src/system_stm32f4xx.o
 .ARM.attributes
                0x00000000000001f2       0x21 ./Core/Startup/startup_stm32f429zitx.o
 .ARM.attributes
                0x0000000000000213       0x34 ./Drivers/STM32F4xx_HAL_Driver/Src/stm32f4xx_hal.o
 .ARM.attributes
                0x0000000000000247       0x34 ./Drivers/STM32F4xx_HAL_Driver/Src/stm32f4xx_hal_cortex.o
 .ARM.attributes
                0x000000000000027b       0x34 ./Drivers/STM32F4xx_HAL_Driver/Src/stm32f4xx_hal_eth.o
 .ARM.attributes
                0x00000000000002af       0x34 ./Drivers/STM32F4xx_HAL_Driver/Src/stm32f4xx_hal_gpio.o
 .ARM.attributes
                0x00000000000002e3       0x34 ./Drivers/STM32F4xx_HAL_Driver/Src/stm32f4xx_hal_pcd.o
 .ARM.attributes
                0x0000000000000317       0x34 ./Drivers/STM32F4xx_HAL_Driver/Src/stm32f4xx_hal_rcc.o
 .ARM.attributes
                0x000000000000034b       0x34 ./Drivers/STM32F4xx_HAL_Driver/Src/stm32f4xx_hal_tim.o
 .ARM.attributes
                0x000000000000037f       0x34 ./Drivers/STM32F4xx_HAL_Driver/Src/stm32f4xx_hal_tim_ex.o
 .ARM.attributes
                0x00000000000003b3       0x34 ./Drivers/STM32F4xx_HAL_Driver/Src/stm32f4xx_hal_uart.o
 .ARM.attributes
                0x00000000000003e7       0x34 ./Drivers/STM32F4xx_HAL_Driver/Src/stm32f4xx_ll_usb.o
 .ARM.attributes
                0x000000000000041b       0x34 ./Middlewares/Third_Party/FreeRTOS/Source/CMSIS_RTOS_V2/cmsis_os2.o
 .ARM.attributes
                0x000000000000044f       0x34 ./Middlewares/Third_Party/FreeRTOS/Source/list.o
 .ARM.attributes
                0x0000000000000483       0x34 ./Middlewares/Third_Party/FreeRTOS/Source/queue.o
 .ARM.attributes
                0x00000000000004b7       0x34 ./Middlewares/Third_Party/FreeRTOS/Source/tasks.o
 .ARM.attributes
                0x00000000000004eb       0x34 ./Middlewares/Third_Party/FreeRTOS/Source/timers.o
 .ARM.attributes
                0x000000000000051f       0x34 ./Middlewares/Third_Party/FreeRTOS/Source/portable/GCC/ARM_CM4F/port.o
 .ARM.attributes
                0x0000000000000553       0x34 ./Middlewares/Third_Party/FreeRTOS/Source/portable/MemMang/heap_4.o
 .ARM.attributes
                0x0000000000000587       0x34 C:/ST/STM32CubeIDE_1.13.0/STM32CubeIDE/plugins/com.st.stm32cube.ide.mcu.externaltools.gnu-tools-for-stm32.11.3.rel1.win32_1.1.0.202305231506/tools/bin/../lib/gcc/arm-none-eabi/11.3.1/../../../../arm-none-eabi/lib/thumb/v7e-m+fp/hard\libc_nano.a(libc_a-findfp.o)
 .ARM.attributes
                0x00000000000005bb       0x34 C:/ST/STM32CubeIDE_1.13.0/STM32CubeIDE/plugins/com.st.stm32cube.ide.mcu.externaltools.gnu-tools-for-stm32.11.3.rel1.win32_1.1.0.202305231506/tools/bin/../lib/gcc/arm-none-eabi/11.3.1/../../../../arm-none-eabi/lib/thumb/v7e-m+fp/hard\libc_nano.a(libc_a-memset.o)
 .ARM.attributes
                0x00000000000005ef       0x34 C:/ST/STM32CubeIDE_1.13.0/STM32CubeIDE/plugins/com.st.stm32cube.ide.mcu.externaltools.gnu-tools-for-stm32.11.3.rel1.win32_1.1.0.202305231506/tools/bin/../lib/gcc/arm-none-eabi/11.3.1/../../../../arm-none-eabi/lib/thumb/v7e-m+fp/hard\libc_nano.a(libc_a-reent.o)
 .ARM.attributes
                0x0000000000000623       0x34 C:/ST/STM32CubeIDE_1.13.0/STM32CubeIDE/plugins/com.st.stm32cube.ide.mcu.externaltools.gnu-tools-for-stm32.11.3.rel1.win32_1.1.0.202305231506/tools/bin/../lib/gcc/arm-none-eabi/11.3.1/../../../../arm-none-eabi/lib/thumb/v7e-m+fp/hard\libc_nano.a(libc_a-impure.o)
 .ARM.attributes
                0x0000000000000657       0x34 C:/ST/STM32CubeIDE_1.13.0/STM32CubeIDE/plugins/com.st.stm32cube.ide.mcu.externaltools.gnu-tools-for-stm32.11.3.rel1.win32_1.1.0.202305231506/tools/bin/../lib/gcc/arm-none-eabi/11.3.1/../../../../arm-none-eabi/lib/thumb/v7e-m+fp/hard\libc_nano.a(libc_a-init.o)
 .ARM.attributes
                0x000000000000068b       0x34 C:/ST/STM32CubeIDE_1.13.0/STM32CubeIDE/plugins/com.st.stm32cube.ide.mcu.externaltools.gnu-tools-for-stm32.11.3.rel1.win32_1.1.0.202305231506/tools/bin/../lib/gcc/arm-none-eabi/11.3.1/../../../../arm-none-eabi/lib/thumb/v7e-m+fp/hard\libc_nano.a(libc_a-lock.o)
 .ARM.attributes
                0x00000000000006bf       0x34 C:/ST/STM32CubeIDE_1.13.0/STM32CubeIDE/plugins/com.st.stm32cube.ide.mcu.externaltools.gnu-tools-for-stm32.11.3.rel1.win32_1.1.0.202305231506/tools/bin/../lib/gcc/arm-none-eabi/11.3.1/../../../../arm-none-eabi/lib/thumb/v7e-m+fp/hard\libc_nano.a(libc_a-memcpy-stub.o)
 .ARM.attributes
                0x00000000000006f3       0x34 C:/ST/STM32CubeIDE_1.13.0/STM32CubeIDE/plugins/com.st.stm32cube.ide.mcu.externaltools.gnu-tools-for-stm32.11.3.rel1.win32_1.1.0.202305231506/tools/bin/../lib/gcc/arm-none-eabi/11.3.1/../../../../arm-none-eabi/lib/thumb/v7e-m+fp/hard\libc_nano.a(libc_a-freer.o)
 .ARM.attributes
                0x0000000000000727       0x34 C:/ST/STM32CubeIDE_1.13.0/STM32CubeIDE/plugins/com.st.stm32cube.ide.mcu.externaltools.gnu-tools-for-stm32.11.3.rel1.win32_1.1.0.202305231506/tools/bin/../lib/gcc/arm-none-eabi/11.3.1/../../../../arm-none-eabi/lib/thumb/v7e-m+fp/hard\libc_nano.a(libc_a-mallocr.o)
 .ARM.attributes
                0x000000000000075b       0x34 C:/ST/STM32CubeIDE_1.13.0/STM32CubeIDE/plugins/com.st.stm32cube.ide.mcu.externaltools.gnu-tools-for-stm32.11.3.rel1.win32_1.1.0.202305231506/tools/bin/../lib/gcc/arm-none-eabi/11.3.1/../../../../arm-none-eabi/lib/thumb/v7e-m+fp/hard\libc_nano.a(libc_a-mlock.o)
 .ARM.attributes
                0x000000000000078f       0x1e C:/ST/STM32CubeIDE_1.13.0/STM32CubeIDE/plugins/com.st.stm32cube.ide.mcu.externaltools.gnu-tools-for-stm32.11.3.rel1.win32_1.1.0.202305231506/tools/bin/../lib/gcc/arm-none-eabi/11.3.1/thumb/v7e-m+fp/hard\libgcc.a(_aeabi_uldivmod.o)
 .ARM.attributes
                0x00000000000007ad       0x34 C:/ST/STM32CubeIDE_1.13.0/STM32CubeIDE/plugins/com.st.stm32cube.ide.mcu.externaltools.gnu-tools-for-stm32.11.3.rel1.win32_1.1.0.202305231506/tools/bin/../lib/gcc/arm-none-eabi/11.3.1/thumb/v7e-m+fp/hard\libgcc.a(_udivmoddi4.o)
 .ARM.attributes
                0x00000000000007e1       0x1e C:/ST/STM32CubeIDE_1.13.0/STM32CubeIDE/plugins/com.st.stm32cube.ide.mcu.externaltools.gnu-tools-for-stm32.11.3.rel1.win32_1.1.0.202305231506/tools/bin/../lib/gcc/arm-none-eabi/11.3.1/thumb/v7e-m+fp/hard\libgcc.a(_dvmd_tls.o)
 .ARM.attributes
                0x00000000000007ff       0x1e C:/ST/STM32CubeIDE_1.13.0/STM32CubeIDE/plugins/com.st.stm32cube.ide.mcu.externaltools.gnu-tools-for-stm32.11.3.rel1.win32_1.1.0.202305231506/tools/bin/../lib/gcc/arm-none-eabi/11.3.1/thumb/v7e-m+fp/hard/crtn.o
OUTPUT(RTOS_Queues_DEMO.elf elf32-littlearm)
LOAD linker stubs
LOAD C:/ST/STM32CubeIDE_1.13.0/STM32CubeIDE/plugins/com.st.stm32cube.ide.mcu.externaltools.gnu-tools-for-stm32.11.3.rel1.win32_1.1.0.202305231506/tools/bin/../lib/gcc/arm-none-eabi/11.3.1/../../../../arm-none-eabi/lib/thumb/v7e-m+fp/hard\libc.a
LOAD C:/ST/STM32CubeIDE_1.13.0/STM32CubeIDE/plugins/com.st.stm32cube.ide.mcu.externaltools.gnu-tools-for-stm32.11.3.rel1.win32_1.1.0.202305231506/tools/bin/../lib/gcc/arm-none-eabi/11.3.1/../../../../arm-none-eabi/lib/thumb/v7e-m+fp/hard\libm.a
LOAD C:/ST/STM32CubeIDE_1.13.0/STM32CubeIDE/plugins/com.st.stm32cube.ide.mcu.externaltools.gnu-tools-for-stm32.11.3.rel1.win32_1.1.0.202305231506/tools/bin/../lib/gcc/arm-none-eabi/11.3.1/thumb/v7e-m+fp/hard\libgcc.a

.comment        0x0000000000000000       0x43
 .comment       0x0000000000000000       0x43 C:/ST/STM32CubeIDE_1.13.0/STM32CubeIDE/plugins/com.st.stm32cube.ide.mcu.externaltools.gnu-tools-for-stm32.11.3.rel1.win32_1.1.0.202305231506/tools/bin/../lib/gcc/arm-none-eabi/11.3.1/thumb/v7e-m+fp/hard/crtbegin.o
                                         0x44 (size before relaxing)
 .comment       0x0000000000000043       0x44 ./Core/Src/SEGGER_RTT.o
 .comment       0x0000000000000043       0x44 ./Core/Src/SEGGER_RTT_printf.o
 .comment       0x0000000000000043       0x44 ./Core/Src/freertos.o
 .comment       0x0000000000000043       0x44 ./Core/Src/main.o
 .comment       0x0000000000000043       0x44 ./Core/Src/stm32f4xx_hal_msp.o
 .comment       0x0000000000000043       0x44 ./Core/Src/stm32f4xx_hal_timebase_tim.o
 .comment       0x0000000000000043       0x44 ./Core/Src/stm32f4xx_it.o
 .comment       0x0000000000000043       0x44 ./Core/Src/system_stm32f4xx.o
 .comment       0x0000000000000043       0x44 ./Drivers/STM32F4xx_HAL_Driver/Src/stm32f4xx_hal.o
 .comment       0x0000000000000043       0x44 ./Drivers/STM32F4xx_HAL_Driver/Src/stm32f4xx_hal_cortex.o
 .comment       0x0000000000000043       0x44 ./Drivers/STM32F4xx_HAL_Driver/Src/stm32f4xx_hal_eth.o
 .comment       0x0000000000000043       0x44 ./Drivers/STM32F4xx_HAL_Driver/Src/stm32f4xx_hal_gpio.o
 .comment       0x0000000000000043       0x44 ./Drivers/STM32F4xx_HAL_Driver/Src/stm32f4xx_hal_pcd.o
 .comment       0x0000000000000043       0x44 ./Drivers/STM32F4xx_HAL_Driver/Src/stm32f4xx_hal_rcc.o
 .comment       0x0000000000000043       0x44 ./Drivers/STM32F4xx_HAL_Driver/Src/stm32f4xx_hal_tim.o
 .comment       0x0000000000000043       0x44 ./Drivers/STM32F4xx_HAL_Driver/Src/stm32f4xx_hal_tim_ex.o
 .comment       0x0000000000000043       0x44 ./Drivers/STM32F4xx_HAL_Driver/Src/stm32f4xx_hal_uart.o
 .comment       0x0000000000000043       0x44 ./Drivers/STM32F4xx_HAL_Driver/Src/stm32f4xx_ll_usb.o
 .comment       0x0000000000000043       0x44 ./Middlewares/Third_Party/FreeRTOS/Source/CMSIS_RTOS_V2/cmsis_os2.o
 .comment       0x0000000000000043       0x44 ./Middlewares/Third_Party/FreeRTOS/Source/list.o
 .comment       0x0000000000000043       0x44 ./Middlewares/Third_Party/FreeRTOS/Source/queue.o
 .comment       0x0000000000000043       0x44 ./Middlewares/Third_Party/FreeRTOS/Source/tasks.o
 .comment       0x0000000000000043       0x44 ./Middlewares/Third_Party/FreeRTOS/Source/timers.o
 .comment       0x0000000000000043       0x44 ./Middlewares/Third_Party/FreeRTOS/Source/portable/GCC/ARM_CM4F/port.o
 .comment       0x0000000000000043       0x44 ./Middlewares/Third_Party/FreeRTOS/Source/portable/MemMang/heap_4.o

.debug_info     0x0000000000000000    0x1ffe3
 .debug_info    0x0000000000000000     0x1497 ./Core/Src/SEGGER_RTT.o
 .debug_info    0x0000000000001497      0x414 ./Core/Src/SEGGER_RTT_printf.o
 .debug_info    0x00000000000018ab       0xa7 ./Core/Src/freertos.o
 .debug_info    0x0000000000001952     0x2250 ./Core/Src/main.o
 .debug_info    0x0000000000003ba2     0x19e0 ./Core/Src/stm32f4xx_hal_msp.o
 .debug_info    0x0000000000005582      0xc40 ./Core/Src/stm32f4xx_hal_timebase_tim.o
 .debug_info    0x00000000000061c2      0x6ab ./Core/Src/stm32f4xx_it.o
 .debug_info    0x000000000000686d      0x52e ./Core/Src/system_stm32f4xx.o
 .debug_info    0x0000000000006d9b       0x23 ./Core/Startup/startup_stm32f429zitx.o
 .debug_info    0x0000000000006dbe      0x9be ./Drivers/STM32F4xx_HAL_Driver/Src/stm32f4xx_hal.o
 .debug_info    0x000000000000777c      0xd7c ./Drivers/STM32F4xx_HAL_Driver/Src/stm32f4xx_hal_cortex.o
 .debug_info    0x00000000000084f8     0x2069 ./Drivers/STM32F4xx_HAL_Driver/Src/stm32f4xx_hal_eth.o
 .debug_info    0x000000000000a561      0x6db ./Drivers/STM32F4xx_HAL_Driver/Src/stm32f4xx_hal_gpio.o
 .debug_info    0x000000000000ac3c     0x1541 ./Drivers/STM32F4xx_HAL_Driver/Src/stm32f4xx_hal_pcd.o
 .debug_info    0x000000000000c17d      0x8c9 ./Drivers/STM32F4xx_HAL_Driver/Src/stm32f4xx_hal_rcc.o
 .debug_info    0x000000000000ca46     0x2948 ./Drivers/STM32F4xx_HAL_Driver/Src/stm32f4xx_hal_tim.o
 .debug_info    0x000000000000f38e     0x14ae ./Drivers/STM32F4xx_HAL_Driver/Src/stm32f4xx_hal_tim_ex.o
 .debug_info    0x000000000001083c     0x2fb8 ./Drivers/STM32F4xx_HAL_Driver/Src/stm32f4xx_hal_uart.o
 .debug_info    0x00000000000137f4     0x18f6 ./Drivers/STM32F4xx_HAL_Driver/Src/stm32f4xx_ll_usb.o
 .debug_info    0x00000000000150ea     0x414d ./Middlewares/Third_Party/FreeRTOS/Source/CMSIS_RTOS_V2/cmsis_os2.o
 .debug_info    0x0000000000019237      0x2af ./Middlewares/Third_Party/FreeRTOS/Source/list.o
 .debug_info    0x00000000000194e6     0x1b79 ./Middlewares/Third_Party/FreeRTOS/Source/queue.o
 .debug_info    0x000000000001b05f     0x2a74 ./Middlewares/Third_Party/FreeRTOS/Source/tasks.o
 .debug_info    0x000000000001dad3     0x1b5d ./Middlewares/Third_Party/FreeRTOS/Source/timers.o
 .debug_info    0x000000000001f630      0x4de ./Middlewares/Third_Party/FreeRTOS/Source/portable/GCC/ARM_CM4F/port.o
 .debug_info    0x000000000001fb0e      0x4d5 ./Middlewares/Third_Party/FreeRTOS/Source/portable/MemMang/heap_4.o

.debug_abbrev   0x0000000000000000     0x3ec1
 .debug_abbrev  0x0000000000000000      0x238 ./Core/Src/SEGGER_RTT.o
 .debug_abbrev  0x0000000000000238      0x1bc ./Core/Src/SEGGER_RTT_printf.o
 .debug_abbrev  0x00000000000003f4       0x60 ./Core/Src/freertos.o
 .debug_abbrev  0x0000000000000454      0x360 ./Core/Src/main.o
 .debug_abbrev  0x00000000000007b4      0x270 ./Core/Src/stm32f4xx_hal_msp.o
 .debug_abbrev  0x0000000000000a24      0x1f4 ./Core/Src/stm32f4xx_hal_timebase_tim.o
 .debug_abbrev  0x0000000000000c18      0x17d ./Core/Src/stm32f4xx_it.o
 .debug_abbrev  0x0000000000000d95      0x11a ./Core/Src/system_stm32f4xx.o
 .debug_abbrev  0x0000000000000eaf       0x12 ./Core/Startup/startup_stm32f429zitx.o
 .debug_abbrev  0x0000000000000ec1      0x213 ./Drivers/STM32F4xx_HAL_Driver/Src/stm32f4xx_hal.o
 .debug_abbrev  0x00000000000010d4      0x327 ./Drivers/STM32F4xx_HAL_Driver/Src/stm32f4xx_hal_cortex.o
 .debug_abbrev  0x00000000000013fb      0x2ec ./Drivers/STM32F4xx_HAL_Driver/Src/stm32f4xx_hal_eth.o
 .debug_abbrev  0x00000000000016e7      0x1d4 ./Drivers/STM32F4xx_HAL_Driver/Src/stm32f4xx_hal_gpio.o
 .debug_abbrev  0x00000000000018bb      0x2d0 ./Drivers/STM32F4xx_HAL_Driver/Src/stm32f4xx_hal_pcd.o
 .debug_abbrev  0x0000000000001b8b      0x2b6 ./Drivers/STM32F4xx_HAL_Driver/Src/stm32f4xx_hal_rcc.o
 .debug_abbrev  0x0000000000001e41      0x271 ./Drivers/STM32F4xx_HAL_Driver/Src/stm32f4xx_hal_tim.o
 .debug_abbrev  0x00000000000020b2      0x27c ./Drivers/STM32F4xx_HAL_Driver/Src/stm32f4xx_hal_tim_ex.o
 .debug_abbrev  0x000000000000232e      0x30e ./Drivers/STM32F4xx_HAL_Driver/Src/stm32f4xx_hal_uart.o
 .debug_abbrev  0x000000000000263c      0x2ac ./Drivers/STM32F4xx_HAL_Driver/Src/stm32f4xx_ll_usb.o
 .debug_abbrev  0x00000000000028e8      0x548 ./Middlewares/Third_Party/FreeRTOS/Source/CMSIS_RTOS_V2/cmsis_os2.o
 .debug_abbrev  0x0000000000002e30       0xf5 ./Middlewares/Third_Party/FreeRTOS/Source/list.o
 .debug_abbrev  0x0000000000002f25      0x3b6 ./Middlewares/Third_Party/FreeRTOS/Source/queue.o
 .debug_abbrev  0x00000000000032db      0x405 ./Middlewares/Third_Party/FreeRTOS/Source/tasks.o
 .debug_abbrev  0x00000000000036e0      0x368 ./Middlewares/Third_Party/FreeRTOS/Source/timers.o
 .debug_abbrev  0x0000000000003a48      0x25c ./Middlewares/Third_Party/FreeRTOS/Source/portable/GCC/ARM_CM4F/port.o
 .debug_abbrev  0x0000000000003ca4      0x21d ./Middlewares/Third_Party/FreeRTOS/Source/portable/MemMang/heap_4.o

.debug_aranges  0x0000000000000000     0x1a50
 .debug_aranges
                0x0000000000000000      0x138 ./Core/Src/SEGGER_RTT.o
 .debug_aranges
                0x0000000000000138       0x40 ./Core/Src/SEGGER_RTT_printf.o
 .debug_aranges
                0x0000000000000178       0x28 ./Core/Src/freertos.o
 .debug_aranges
                0x00000000000001a0       0x68 ./Core/Src/main.o
 .debug_aranges
                0x0000000000000208       0x50 ./Core/Src/stm32f4xx_hal_msp.o
 .debug_aranges
                0x0000000000000258       0x30 ./Core/Src/stm32f4xx_hal_timebase_tim.o
 .debug_aranges
                0x0000000000000288       0x50 ./Core/Src/stm32f4xx_it.o
 .debug_aranges
                0x00000000000002d8       0x28 ./Core/Src/system_stm32f4xx.o
 .debug_aranges
                0x0000000000000300       0x28 ./Core/Startup/startup_stm32f429zitx.o
 .debug_aranges
                0x0000000000000328      0x100 ./Drivers/STM32F4xx_HAL_Driver/Src/stm32f4xx_hal.o
 .debug_aranges
                0x0000000000000428      0x118 ./Drivers/STM32F4xx_HAL_Driver/Src/stm32f4xx_hal_cortex.o
 .debug_aranges
                0x0000000000000540      0x1e0 ./Drivers/STM32F4xx_HAL_Driver/Src/stm32f4xx_hal_eth.o
 .debug_aranges
                0x0000000000000720       0x58 ./Drivers/STM32F4xx_HAL_Driver/Src/stm32f4xx_hal_gpio.o
 .debug_aranges
                0x0000000000000778      0x148 ./Drivers/STM32F4xx_HAL_Driver/Src/stm32f4xx_hal_pcd.o
 .debug_aranges
                0x00000000000008c0       0x88 ./Drivers/STM32F4xx_HAL_Driver/Src/stm32f4xx_hal_rcc.o
 .debug_aranges
                0x0000000000000948      0x3d0 ./Drivers/STM32F4xx_HAL_Driver/Src/stm32f4xx_hal_tim.o
 .debug_aranges
                0x0000000000000d18      0x168 ./Drivers/STM32F4xx_HAL_Driver/Src/stm32f4xx_hal_tim_ex.o
 .debug_aranges
                0x0000000000000e80      0x200 ./Drivers/STM32F4xx_HAL_Driver/Src/stm32f4xx_hal_uart.o
 .debug_aranges
                0x0000000000001080      0x1a0 ./Drivers/STM32F4xx_HAL_Driver/Src/stm32f4xx_ll_usb.o
 .debug_aranges
                0x0000000000001220      0x2b0 ./Middlewares/Third_Party/FreeRTOS/Source/CMSIS_RTOS_V2/cmsis_os2.o
 .debug_aranges
                0x00000000000014d0       0x40 ./Middlewares/Third_Party/FreeRTOS/Source/list.o
 .debug_aranges
                0x0000000000001510      0x158 ./Middlewares/Third_Party/FreeRTOS/Source/queue.o
 .debug_aranges
                0x0000000000001668      0x220 ./Middlewares/Third_Party/FreeRTOS/Source/tasks.o
 .debug_aranges
                0x0000000000001888       0xf0 ./Middlewares/Third_Party/FreeRTOS/Source/timers.o
 .debug_aranges
                0x0000000000001978       0x80 ./Middlewares/Third_Party/FreeRTOS/Source/portable/GCC/ARM_CM4F/port.o
 .debug_aranges
                0x00000000000019f8       0x58 ./Middlewares/Third_Party/FreeRTOS/Source/portable/MemMang/heap_4.o

.debug_rnglists
                0x0000000000000000     0x148c
 .debug_rnglists
                0x0000000000000000       0xf5 ./Core/Src/SEGGER_RTT.o
 .debug_rnglists
                0x00000000000000f5       0x3a ./Core/Src/SEGGER_RTT_printf.o
 .debug_rnglists
                0x000000000000012f       0x19 ./Core/Src/freertos.o
 .debug_rnglists
                0x0000000000000148       0x4c ./Core/Src/main.o
 .debug_rnglists
                0x0000000000000194       0x3a ./Core/Src/stm32f4xx_hal_msp.o
 .debug_rnglists
                0x00000000000001ce       0x20 ./Core/Src/stm32f4xx_hal_timebase_tim.o
 .debug_rnglists
                0x00000000000001ee       0x37 ./Core/Src/stm32f4xx_it.o
 .debug_rnglists
                0x0000000000000225       0x1a ./Core/Src/system_stm32f4xx.o
 .debug_rnglists
                0x000000000000023f       0x19 ./Core/Startup/startup_stm32f429zitx.o
 .debug_rnglists
                0x0000000000000258       0xbb ./Drivers/STM32F4xx_HAL_Driver/Src/stm32f4xx_hal.o
 .debug_rnglists
                0x0000000000000313       0xce ./Drivers/STM32F4xx_HAL_Driver/Src/stm32f4xx_hal_cortex.o
 .debug_rnglists
                0x00000000000003e1      0x17c ./Drivers/STM32F4xx_HAL_Driver/Src/stm32f4xx_hal_eth.o
 .debug_rnglists
                0x000000000000055d       0x3f ./Drivers/STM32F4xx_HAL_Driver/Src/stm32f4xx_hal_gpio.o
 .debug_rnglists
                0x000000000000059c       0xfc ./Drivers/STM32F4xx_HAL_Driver/Src/stm32f4xx_hal_pcd.o
 .debug_rnglists
                0x0000000000000698       0x66 ./Drivers/STM32F4xx_HAL_Driver/Src/stm32f4xx_hal_rcc.o
 .debug_rnglists
                0x00000000000006fe      0x31a ./Drivers/STM32F4xx_HAL_Driver/Src/stm32f4xx_hal_tim.o
 .debug_rnglists
                0x0000000000000a18      0x125 ./Drivers/STM32F4xx_HAL_Driver/Src/stm32f4xx_hal_tim_ex.o
 .debug_rnglists
                0x0000000000000b3d      0x1b7 ./Drivers/STM32F4xx_HAL_Driver/Src/stm32f4xx_hal_uart.o
 .debug_rnglists
                0x0000000000000cf4      0x148 ./Drivers/STM32F4xx_HAL_Driver/Src/stm32f4xx_ll_usb.o
 .debug_rnglists
                0x0000000000000e3c      0x212 ./Middlewares/Third_Party/FreeRTOS/Source/CMSIS_RTOS_V2/cmsis_os2.o
 .debug_rnglists
                0x000000000000104e       0x2b ./Middlewares/Third_Party/FreeRTOS/Source/list.o
 .debug_rnglists
                0x0000000000001079      0x109 ./Middlewares/Third_Party/FreeRTOS/Source/queue.o
 .debug_rnglists
                0x0000000000001182      0x1b4 ./Middlewares/Third_Party/FreeRTOS/Source/tasks.o
 .debug_rnglists
                0x0000000000001336       0xb7 ./Middlewares/Third_Party/FreeRTOS/Source/timers.o
 .debug_rnglists
                0x00000000000013ed       0x5d ./Middlewares/Third_Party/FreeRTOS/Source/portable/GCC/ARM_CM4F/port.o
 .debug_rnglists
                0x000000000000144a       0x42 ./Middlewares/Third_Party/FreeRTOS/Source/portable/MemMang/heap_4.o

.debug_macro    0x0000000000000000    0x2794a
 .debug_macro   0x0000000000000000      0x1bd ./Core/Src/SEGGER_RTT.o
 .debug_macro   0x00000000000001bd      0xaa8 ./Core/Src/SEGGER_RTT.o
 .debug_macro   0x0000000000000c65       0x49 ./Core/Src/SEGGER_RTT.o
 .debug_macro   0x0000000000000cae       0x35 ./Core/Src/SEGGER_RTT.o
 .debug_macro   0x0000000000000ce3       0x2a ./Core/Src/SEGGER_RTT.o
 .debug_macro   0x0000000000000d0d       0x22 ./Core/Src/SEGGER_RTT.o
 .debug_macro   0x0000000000000d2f       0x5b ./Core/Src/SEGGER_RTT.o
 .debug_macro   0x0000000000000d8a       0x94 ./Core/Src/SEGGER_RTT.o
 .debug_macro   0x0000000000000e1e       0x43 ./Core/Src/SEGGER_RTT.o
 .debug_macro   0x0000000000000e61       0x34 ./Core/Src/SEGGER_RTT.o
 .debug_macro   0x0000000000000e95       0x16 ./Core/Src/SEGGER_RTT.o
 .debug_macro   0x0000000000000eab      0x10e ./Core/Src/SEGGER_RTT.o
 .debug_macro   0x0000000000000fb9       0x8d ./Core/Src/SEGGER_RTT.o
 .debug_macro   0x0000000000001046       0x16 ./Core/Src/SEGGER_RTT.o
 .debug_macro   0x000000000000105c       0x43 ./Core/Src/SEGGER_RTT.o
 .debug_macro   0x000000000000109f       0x57 ./Core/Src/SEGGER_RTT.o
 .debug_macro   0x00000000000010f6       0x34 ./Core/Src/SEGGER_RTT.o
 .debug_macro   0x000000000000112a       0x10 ./Core/Src/SEGGER_RTT.o
 .debug_macro   0x000000000000113a       0x58 ./Core/Src/SEGGER_RTT.o
 .debug_macro   0x0000000000001192       0x8e ./Core/Src/SEGGER_RTT.o
 .debug_macro   0x0000000000001220       0x1c ./Core/Src/SEGGER_RTT.o
 .debug_macro   0x000000000000123c      0x177 ./Core/Src/SEGGER_RTT.o
 .debug_macro   0x00000000000013b3      0x369 ./Core/Src/SEGGER_RTT.o
 .debug_macro   0x000000000000171c       0x16 ./Core/Src/SEGGER_RTT.o
 .debug_macro   0x0000000000001732       0x29 ./Core/Src/SEGGER_RTT.o
 .debug_macro   0x000000000000175b       0x58 ./Core/Src/SEGGER_RTT.o
 .debug_macro   0x00000000000017b3      0x138 ./Core/Src/SEGGER_RTT.o
 .debug_macro   0x00000000000018eb       0x16 ./Core/Src/SEGGER_RTT.o
 .debug_macro   0x0000000000001901       0x35 ./Core/Src/SEGGER_RTT.o
 .debug_macro   0x0000000000001936       0x20 ./Core/Src/SEGGER_RTT.o
 .debug_macro   0x0000000000001956      0x147 ./Core/Src/SEGGER_RTT_printf.o
 .debug_macro   0x0000000000001a9d      0x310 ./Core/Src/freertos.o
 .debug_macro   0x0000000000001dad       0x8e ./Core/Src/freertos.o
 .debug_macro   0x0000000000001e3b       0x51 ./Core/Src/freertos.o
 .debug_macro   0x0000000000001e8c      0x103 ./Core/Src/freertos.o
 .debug_macro   0x0000000000001f8f       0x6a ./Core/Src/freertos.o
 .debug_macro   0x0000000000001ff9      0x1df ./Core/Src/freertos.o
 .debug_macro   0x00000000000021d8      0x18a ./Core/Src/freertos.o
 .debug_macro   0x0000000000002362      0x15a ./Core/Src/freertos.o
 .debug_macro   0x00000000000024bc       0xc9 ./Core/Src/freertos.o
 .debug_macro   0x0000000000002585       0x1c ./Core/Src/freertos.o
 .debug_macro   0x00000000000025a1       0x26 ./Core/Src/freertos.o
 .debug_macro   0x00000000000025c7       0x61 ./Core/Src/freertos.o
 .debug_macro   0x0000000000002628      0x4aa ./Core/Src/freertos.o
 .debug_macro   0x0000000000002ad2       0xb5 ./Core/Src/freertos.o
 .debug_macro   0x0000000000002b87       0xaa ./Core/Src/freertos.o
 .debug_macro   0x0000000000002c31      0x2a7 ./Core/Src/freertos.o
 .debug_macro   0x0000000000002ed8       0x2e ./Core/Src/freertos.o
 .debug_macro   0x0000000000002f06       0x28 ./Core/Src/freertos.o
 .debug_macro   0x0000000000002f2e       0x1c ./Core/Src/freertos.o
 .debug_macro   0x0000000000002f4a       0x22 ./Core/Src/freertos.o
 .debug_macro   0x0000000000002f6c       0xd9 ./Core/Src/freertos.o
 .debug_macro   0x0000000000003045     0x102d ./Core/Src/freertos.o
 .debug_macro   0x0000000000004072      0x11f ./Core/Src/freertos.o
 .debug_macro   0x0000000000004191    0x17fc0 ./Core/Src/freertos.o
 .debug_macro   0x000000000001c151       0x6d ./Core/Src/freertos.o
 .debug_macro   0x000000000001c1be     0x36f5 ./Core/Src/freertos.o
 .debug_macro   0x000000000001f8b3       0x5c ./Core/Src/freertos.o
 .debug_macro   0x000000000001f90f      0xca5 ./Core/Src/freertos.o
 .debug_macro   0x00000000000205b4      0x9fe ./Core/Src/freertos.o
 .debug_macro   0x0000000000020fb2      0x115 ./Core/Src/freertos.o
 .debug_macro   0x00000000000210c7      0x156 ./Core/Src/freertos.o
 .debug_macro   0x000000000002121d       0xa5 ./Core/Src/freertos.o
 .debug_macro   0x00000000000212c2      0x182 ./Core/Src/freertos.o
 .debug_macro   0x0000000000021444      0x287 ./Core/Src/freertos.o
 .debug_macro   0x00000000000216cb       0x5f ./Core/Src/freertos.o
 .debug_macro   0x000000000002172a      0x236 ./Core/Src/freertos.o
 .debug_macro   0x0000000000021960      0xd44 ./Core/Src/freertos.o
 .debug_macro   0x00000000000226a4      0x132 ./Core/Src/freertos.o
 .debug_macro   0x00000000000227d6      0x41d ./Core/Src/freertos.o
 .debug_macro   0x0000000000022bf3       0x2e ./Core/Src/freertos.o
 .debug_macro   0x0000000000022c21      0x11a ./Core/Src/freertos.o
 .debug_macro   0x0000000000022d3b       0xe2 ./Core/Src/freertos.o
 .debug_macro   0x0000000000022e1d       0x89 ./Core/Src/freertos.o
 .debug_macro   0x0000000000022ea6      0x8e6 ./Core/Src/freertos.o
 .debug_macro   0x000000000002378c       0x47 ./Core/Src/freertos.o
 .debug_macro   0x00000000000237d3      0x295 ./Core/Src/freertos.o
 .debug_macro   0x0000000000023a68      0x248 ./Core/Src/freertos.o
 .debug_macro   0x0000000000023cb0       0xba ./Core/Src/freertos.o
 .debug_macro   0x0000000000023d6a      0x134 ./Core/Src/freertos.o
 .debug_macro   0x0000000000023e9e      0x130 ./Core/Src/freertos.o
 .debug_macro   0x0000000000023fce      0x3ea ./Core/Src/main.o
 .debug_macro   0x00000000000243b8       0x10 ./Core/Src/main.o
 .debug_macro   0x00000000000243c8      0x18a ./Core/Src/main.o
 .debug_macro   0x0000000000024552       0x16 ./Core/Src/main.o
 .debug_macro   0x0000000000024568       0x66 ./Core/Src/main.o
 .debug_macro   0x00000000000245ce       0x74 ./Core/Src/main.o
 .debug_macro   0x0000000000024642       0xdd ./Core/Src/main.o
 .debug_macro   0x000000000002471f       0x87 ./Core/Src/main.o